   1               		.file	"process_magic.c"
   2               	__SP_H__ = 0x3e
   3               	__SP_L__ = 0x3d
   4               	__SREG__ = 0x3f
   5               	__tmp_reg__ = 0
   6               	__zero_reg__ = 1
   7               		.text
   8               	.Ltext0:
   9               		.cfi_sections	.debug_frame
  10               		.section	.text.process_magic,"ax",@progbits
  11               	.global	process_magic
  13               	process_magic:
  14               	.LVL0:
  15               	.LFB26:
  16               		.file 1 "quantum/process_keycode/process_magic.c"
   1:quantum/process_keycode/process_magic.c **** /* Copyright 2019 Jack Humbert
   2:quantum/process_keycode/process_magic.c ****  *
   3:quantum/process_keycode/process_magic.c ****  * This program is free software: you can redistribute it and/or modify
   4:quantum/process_keycode/process_magic.c ****  * it under the terms of the GNU General Public License as published by
   5:quantum/process_keycode/process_magic.c ****  * the Free Software Foundation, either version 2 of the License, or
   6:quantum/process_keycode/process_magic.c ****  * (at your option) any later version.
   7:quantum/process_keycode/process_magic.c ****  *
   8:quantum/process_keycode/process_magic.c ****  * This program is distributed in the hope that it will be useful,
   9:quantum/process_keycode/process_magic.c ****  * but WITHOUT ANY WARRANTY; without even the implied warranty of
  10:quantum/process_keycode/process_magic.c ****  * MERCHANTABILITY or FITNESS FOR A PARTICULAR PURPOSE.  See the
  11:quantum/process_keycode/process_magic.c ****  * GNU General Public License for more details.
  12:quantum/process_keycode/process_magic.c ****  *
  13:quantum/process_keycode/process_magic.c ****  * You should have received a copy of the GNU General Public License
  14:quantum/process_keycode/process_magic.c ****  * along with this program.  If not, see <http://www.gnu.org/licenses/>.
  15:quantum/process_keycode/process_magic.c ****  */
  16:quantum/process_keycode/process_magic.c **** #include "process_magic.h"
  17:quantum/process_keycode/process_magic.c **** 
  18:quantum/process_keycode/process_magic.c **** #ifdef AUDIO_ENABLE
  19:quantum/process_keycode/process_magic.c **** #    ifndef AG_NORM_SONG
  20:quantum/process_keycode/process_magic.c **** #        define AG_NORM_SONG SONG(AG_NORM_SOUND)
  21:quantum/process_keycode/process_magic.c **** #    endif
  22:quantum/process_keycode/process_magic.c **** #    ifndef AG_SWAP_SONG
  23:quantum/process_keycode/process_magic.c **** #        define AG_SWAP_SONG SONG(AG_SWAP_SOUND)
  24:quantum/process_keycode/process_magic.c **** #    endif
  25:quantum/process_keycode/process_magic.c **** #    ifndef CG_NORM_SONG
  26:quantum/process_keycode/process_magic.c **** #        define CG_NORM_SONG SONG(AG_NORM_SOUND)
  27:quantum/process_keycode/process_magic.c **** #    endif
  28:quantum/process_keycode/process_magic.c **** #    ifndef CG_SWAP_SONG
  29:quantum/process_keycode/process_magic.c **** #        define CG_SWAP_SONG SONG(AG_SWAP_SOUND)
  30:quantum/process_keycode/process_magic.c **** #    endif
  31:quantum/process_keycode/process_magic.c **** float ag_norm_song[][2] = AG_NORM_SONG;
  32:quantum/process_keycode/process_magic.c **** float ag_swap_song[][2] = AG_SWAP_SONG;
  33:quantum/process_keycode/process_magic.c **** float cg_norm_song[][2] = CG_NORM_SONG;
  34:quantum/process_keycode/process_magic.c **** float cg_swap_song[][2] = CG_SWAP_SONG;
  35:quantum/process_keycode/process_magic.c **** #endif
  36:quantum/process_keycode/process_magic.c **** 
  37:quantum/process_keycode/process_magic.c **** /**
  38:quantum/process_keycode/process_magic.c ****  * MAGIC actions (BOOTMAGIC without the boot)
  39:quantum/process_keycode/process_magic.c ****  */
  40:quantum/process_keycode/process_magic.c **** bool process_magic(uint16_t keycode, keyrecord_t *record) {
  17               		.loc 1 40 59 view -0
  18               		.cfi_startproc
  19               		.loc 1 40 59 is_stmt 0 view .LVU1
  20 0000 CF93      		push r28
  21               	.LCFI0:
  22               		.cfi_def_cfa_offset 3
  23               		.cfi_offset 28, -2
  24 0002 DF93      		push r29
  25               	.LCFI1:
  26               		.cfi_def_cfa_offset 4
  27               		.cfi_offset 29, -3
  28               	/* prologue: function */
  29               	/* frame size = 0 */
  30               	/* stack size = 2 */
  31               	.L__stack_usage = 2
  32 0004 EC01      		movw r28,r24
  41:quantum/process_keycode/process_magic.c ****     // skip anything that isn't a keyup
  42:quantum/process_keycode/process_magic.c ****     if (record->event.pressed) {
  33               		.loc 1 42 5 is_stmt 1 view .LVU2
  34               		.loc 1 42 22 is_stmt 0 view .LVU3
  35 0006 FB01      		movw r30,r22
  36 0008 8281      		ldd r24,Z+2
  37               	.LVL1:
  38               		.loc 1 42 8 view .LVU4
  39 000a 8823      		tst r24
  40 000c 01F4      		brne .+2
  41 000e 00C0      		rjmp .L40
  43:quantum/process_keycode/process_magic.c ****         switch (keycode) {
  42               		.loc 1 43 9 is_stmt 1 view .LVU5
  43 0010 C631      		cpi r28,22
  44 0012 FCE5      		ldi r31,92
  45 0014 DF07      		cpc r29,r31
  46 0016 00F4      		brsh .L3
  47 0018 C230      		cpi r28,2
  48 001a 9CE5      		ldi r25,92
  49 001c D907      		cpc r29,r25
  50 001e 00F0      		brlo .L1
  51               	.L4:
  44:quantum/process_keycode/process_magic.c ****             case MAGIC_SWAP_CONTROL_CAPSLOCK ... MAGIC_TOGGLE_ALT_GUI:
  45:quantum/process_keycode/process_magic.c ****             case MAGIC_SWAP_LCTL_LGUI ... MAGIC_EE_HANDS_RIGHT:
  46:quantum/process_keycode/process_magic.c ****                 /* keymap config */
  47:quantum/process_keycode/process_magic.c ****                 keymap_config.raw = eeconfig_read_keymap();
  52               		.loc 1 47 17 view .LVU6
  53               		.loc 1 47 37 is_stmt 0 view .LVU7
  54 0020 0E94 0000 		call eeconfig_read_keymap
  55               	.LVL2:
  56               		.loc 1 47 35 view .LVU8
  57 0024 9093 0000 		sts keymap_config+1,r25
  58 0028 8093 0000 		sts keymap_config,r24
  48:quantum/process_keycode/process_magic.c ****                 switch (keycode) {
  59               		.loc 1 48 17 is_stmt 1 view .LVU9
  60 002c C631      		cpi r28,22
  61 002e ECE5      		ldi r30,92
  62 0030 DE07      		cpc r29,r30
  63 0032 00F4      		brsh .L5
  64 0034 C230      		cpi r28,2
  65 0036 FCE5      		ldi r31,92
  66 0038 DF07      		cpc r29,r31
  67 003a 00F4      		brsh .L6
  68               	.L7:
  49:quantum/process_keycode/process_magic.c ****                     case MAGIC_SWAP_CONTROL_CAPSLOCK:
  50:quantum/process_keycode/process_magic.c ****                         keymap_config.swap_control_capslock = true;
  51:quantum/process_keycode/process_magic.c ****                         break;
  52:quantum/process_keycode/process_magic.c ****                     case MAGIC_CAPSLOCK_TO_CONTROL:
  53:quantum/process_keycode/process_magic.c ****                         keymap_config.capslock_to_control = true;
  54:quantum/process_keycode/process_magic.c ****                         break;
  55:quantum/process_keycode/process_magic.c ****                     case MAGIC_SWAP_LALT_LGUI:
  56:quantum/process_keycode/process_magic.c ****                         keymap_config.swap_lalt_lgui = true;
  57:quantum/process_keycode/process_magic.c ****                         break;
  58:quantum/process_keycode/process_magic.c ****                     case MAGIC_SWAP_RALT_RGUI:
  59:quantum/process_keycode/process_magic.c ****                         keymap_config.swap_ralt_rgui = true;
  60:quantum/process_keycode/process_magic.c ****                         break;
  61:quantum/process_keycode/process_magic.c ****                     case MAGIC_SWAP_LCTL_LGUI:
  62:quantum/process_keycode/process_magic.c ****                         keymap_config.swap_lctl_lgui = true;
  63:quantum/process_keycode/process_magic.c ****                         break;
  64:quantum/process_keycode/process_magic.c ****                     case MAGIC_SWAP_RCTL_RGUI:
  65:quantum/process_keycode/process_magic.c ****                         keymap_config.swap_rctl_rgui = true;
  66:quantum/process_keycode/process_magic.c ****                         break;
  67:quantum/process_keycode/process_magic.c ****                     case MAGIC_NO_GUI:
  68:quantum/process_keycode/process_magic.c ****                         keymap_config.no_gui = true;
  69:quantum/process_keycode/process_magic.c ****                         break;
  70:quantum/process_keycode/process_magic.c ****                     case MAGIC_SWAP_GRAVE_ESC:
  71:quantum/process_keycode/process_magic.c ****                         keymap_config.swap_grave_esc = true;
  72:quantum/process_keycode/process_magic.c ****                         break;
  73:quantum/process_keycode/process_magic.c ****                     case MAGIC_SWAP_BACKSLASH_BACKSPACE:
  74:quantum/process_keycode/process_magic.c ****                         keymap_config.swap_backslash_backspace = true;
  75:quantum/process_keycode/process_magic.c ****                         break;
  76:quantum/process_keycode/process_magic.c ****                     case MAGIC_HOST_NKRO:
  77:quantum/process_keycode/process_magic.c ****                         clear_keyboard();  // clear first buffer to prevent stuck keys
  78:quantum/process_keycode/process_magic.c ****                         keymap_config.nkro = true;
  79:quantum/process_keycode/process_magic.c ****                         break;
  80:quantum/process_keycode/process_magic.c ****                     case MAGIC_SWAP_ALT_GUI:
  81:quantum/process_keycode/process_magic.c ****                         keymap_config.swap_lalt_lgui = keymap_config.swap_ralt_rgui = true;
  82:quantum/process_keycode/process_magic.c **** #ifdef AUDIO_ENABLE
  83:quantum/process_keycode/process_magic.c ****                         PLAY_SONG(ag_swap_song);
  84:quantum/process_keycode/process_magic.c **** #endif
  85:quantum/process_keycode/process_magic.c ****                         break;
  86:quantum/process_keycode/process_magic.c ****                     case MAGIC_SWAP_CTL_GUI:
  87:quantum/process_keycode/process_magic.c ****                         keymap_config.swap_lctl_lgui = keymap_config.swap_rctl_rgui = true;
  88:quantum/process_keycode/process_magic.c **** #ifdef AUDIO_ENABLE
  89:quantum/process_keycode/process_magic.c ****                         PLAY_SONG(cg_swap_song);
  90:quantum/process_keycode/process_magic.c **** #endif
  91:quantum/process_keycode/process_magic.c ****                         break;
  92:quantum/process_keycode/process_magic.c ****                     case MAGIC_UNSWAP_CONTROL_CAPSLOCK:
  93:quantum/process_keycode/process_magic.c ****                         keymap_config.swap_control_capslock = false;
  94:quantum/process_keycode/process_magic.c ****                         break;
  95:quantum/process_keycode/process_magic.c ****                     case MAGIC_UNCAPSLOCK_TO_CONTROL:
  96:quantum/process_keycode/process_magic.c ****                         keymap_config.capslock_to_control = false;
  97:quantum/process_keycode/process_magic.c ****                         break;
  98:quantum/process_keycode/process_magic.c ****                     case MAGIC_UNSWAP_LALT_LGUI:
  99:quantum/process_keycode/process_magic.c ****                         keymap_config.swap_lalt_lgui = false;
 100:quantum/process_keycode/process_magic.c ****                         break;
 101:quantum/process_keycode/process_magic.c ****                     case MAGIC_UNSWAP_RALT_RGUI:
 102:quantum/process_keycode/process_magic.c ****                         keymap_config.swap_ralt_rgui = false;
 103:quantum/process_keycode/process_magic.c ****                         break;
 104:quantum/process_keycode/process_magic.c ****                     case MAGIC_UNSWAP_LCTL_LGUI:
 105:quantum/process_keycode/process_magic.c ****                         keymap_config.swap_lctl_lgui = false;
 106:quantum/process_keycode/process_magic.c ****                         break;
 107:quantum/process_keycode/process_magic.c ****                     case MAGIC_UNSWAP_RCTL_RGUI:
 108:quantum/process_keycode/process_magic.c ****                         keymap_config.swap_rctl_rgui = false;
 109:quantum/process_keycode/process_magic.c ****                         break;
 110:quantum/process_keycode/process_magic.c ****                     case MAGIC_UNNO_GUI:
 111:quantum/process_keycode/process_magic.c ****                         keymap_config.no_gui = false;
 112:quantum/process_keycode/process_magic.c ****                         break;
 113:quantum/process_keycode/process_magic.c ****                     case MAGIC_UNSWAP_GRAVE_ESC:
 114:quantum/process_keycode/process_magic.c ****                         keymap_config.swap_grave_esc = false;
 115:quantum/process_keycode/process_magic.c ****                         break;
 116:quantum/process_keycode/process_magic.c ****                     case MAGIC_UNSWAP_BACKSLASH_BACKSPACE:
 117:quantum/process_keycode/process_magic.c ****                         keymap_config.swap_backslash_backspace = false;
 118:quantum/process_keycode/process_magic.c ****                         break;
 119:quantum/process_keycode/process_magic.c ****                     case MAGIC_UNHOST_NKRO:
 120:quantum/process_keycode/process_magic.c ****                         clear_keyboard();  // clear first buffer to prevent stuck keys
 121:quantum/process_keycode/process_magic.c ****                         keymap_config.nkro = false;
 122:quantum/process_keycode/process_magic.c ****                         break;
 123:quantum/process_keycode/process_magic.c ****                     case MAGIC_UNSWAP_ALT_GUI:
 124:quantum/process_keycode/process_magic.c ****                         keymap_config.swap_lalt_lgui = keymap_config.swap_ralt_rgui = false;
 125:quantum/process_keycode/process_magic.c **** #ifdef AUDIO_ENABLE
 126:quantum/process_keycode/process_magic.c ****                         PLAY_SONG(ag_norm_song);
 127:quantum/process_keycode/process_magic.c **** #endif
 128:quantum/process_keycode/process_magic.c ****                         break;
 129:quantum/process_keycode/process_magic.c ****                     case MAGIC_UNSWAP_CTL_GUI:
 130:quantum/process_keycode/process_magic.c ****                         keymap_config.swap_lctl_lgui = keymap_config.swap_rctl_rgui = false;
 131:quantum/process_keycode/process_magic.c **** #ifdef AUDIO_ENABLE
 132:quantum/process_keycode/process_magic.c ****                         PLAY_SONG(cg_norm_song);
 133:quantum/process_keycode/process_magic.c **** #endif
 134:quantum/process_keycode/process_magic.c ****                         break;
 135:quantum/process_keycode/process_magic.c ****                     case MAGIC_TOGGLE_ALT_GUI:
 136:quantum/process_keycode/process_magic.c ****                         keymap_config.swap_lalt_lgui = !keymap_config.swap_lalt_lgui;
 137:quantum/process_keycode/process_magic.c ****                         keymap_config.swap_ralt_rgui = keymap_config.swap_lalt_lgui;
 138:quantum/process_keycode/process_magic.c **** #ifdef AUDIO_ENABLE
 139:quantum/process_keycode/process_magic.c ****                         if (keymap_config.swap_ralt_rgui) {
 140:quantum/process_keycode/process_magic.c ****                             PLAY_SONG(ag_swap_song);
 141:quantum/process_keycode/process_magic.c ****                         } else {
 142:quantum/process_keycode/process_magic.c ****                             PLAY_SONG(ag_norm_song);
 143:quantum/process_keycode/process_magic.c ****                         }
 144:quantum/process_keycode/process_magic.c **** #endif
 145:quantum/process_keycode/process_magic.c ****                         break;
 146:quantum/process_keycode/process_magic.c ****                     case MAGIC_TOGGLE_CTL_GUI:
 147:quantum/process_keycode/process_magic.c ****                         keymap_config.swap_lctl_lgui = !keymap_config.swap_lctl_lgui;
 148:quantum/process_keycode/process_magic.c ****                         keymap_config.swap_rctl_rgui = keymap_config.swap_lctl_lgui;
 149:quantum/process_keycode/process_magic.c **** #ifdef AUDIO_ENABLE
 150:quantum/process_keycode/process_magic.c ****                         if (keymap_config.swap_rctl_rgui) {
 151:quantum/process_keycode/process_magic.c ****                             PLAY_SONG(cg_swap_song);
 152:quantum/process_keycode/process_magic.c ****                         } else {
 153:quantum/process_keycode/process_magic.c ****                             PLAY_SONG(cg_norm_song);
 154:quantum/process_keycode/process_magic.c ****                         }
 155:quantum/process_keycode/process_magic.c **** #endif
 156:quantum/process_keycode/process_magic.c ****                         break;
 157:quantum/process_keycode/process_magic.c ****                     case MAGIC_TOGGLE_NKRO:
 158:quantum/process_keycode/process_magic.c ****                         clear_keyboard();  // clear first buffer to prevent stuck keys
 159:quantum/process_keycode/process_magic.c ****                         keymap_config.nkro = !keymap_config.nkro;
 160:quantum/process_keycode/process_magic.c ****                         break;
 161:quantum/process_keycode/process_magic.c ****                     case MAGIC_EE_HANDS_LEFT:
 162:quantum/process_keycode/process_magic.c ****                         eeconfig_update_handedness(true);
 163:quantum/process_keycode/process_magic.c ****                         break;
 164:quantum/process_keycode/process_magic.c ****                     case MAGIC_EE_HANDS_RIGHT:
 165:quantum/process_keycode/process_magic.c ****                         eeconfig_update_handedness(false);
 166:quantum/process_keycode/process_magic.c ****                         break;
 167:quantum/process_keycode/process_magic.c ****                     case MAGIC_TOGGLE_GUI:
 168:quantum/process_keycode/process_magic.c ****                         keymap_config.no_gui = !keymap_config.no_gui;
 169:quantum/process_keycode/process_magic.c ****                         break;
 170:quantum/process_keycode/process_magic.c ****                 }
 171:quantum/process_keycode/process_magic.c **** 
 172:quantum/process_keycode/process_magic.c ****                 eeconfig_update_keymap(keymap_config.raw);
  69               		.loc 1 172 17 view .LVU10
  70 003c 8091 0000 		lds r24,keymap_config
  71 0040 9091 0000 		lds r25,keymap_config+1
  72 0044 0E94 0000 		call eeconfig_update_keymap
  73               	.LVL3:
 173:quantum/process_keycode/process_magic.c ****                 clear_keyboard();  // clear to prevent stuck keys
  74               		.loc 1 173 17 view .LVU11
  75 0048 0E94 0000 		call clear_keyboard
  76               	.LVL4:
 174:quantum/process_keycode/process_magic.c **** 
 175:quantum/process_keycode/process_magic.c ****                 return false;
  77               		.loc 1 175 17 view .LVU12
  78               		.loc 1 175 24 is_stmt 0 view .LVU13
  79 004c 80E0      		ldi r24,0
  80 004e 00C0      		rjmp .L1
  81               	.LVL5:
  82               	.L3:
  43:quantum/process_keycode/process_magic.c ****             case MAGIC_SWAP_CONTROL_CAPSLOCK ... MAGIC_TOGGLE_ALT_GUI:
  83               		.loc 1 43 9 view .LVU14
  84 0050 9E01      		movw r18,r28
  85 0052 2B5F      		subi r18,-5
  86 0054 3C45      		sbci r19,92
  87 0056 2930      		cpi r18,9
  88 0058 3105      		cpc r19,__zero_reg__
  89 005a 00F0      		brlo .L4
  90               	.LVL6:
  91               	.L1:
  92               	/* epilogue start */
 176:quantum/process_keycode/process_magic.c ****         }
 177:quantum/process_keycode/process_magic.c ****     }
 178:quantum/process_keycode/process_magic.c **** 
 179:quantum/process_keycode/process_magic.c ****     // Not a magic keycode so continue processing
 180:quantum/process_keycode/process_magic.c ****     return true;
 181:quantum/process_keycode/process_magic.c **** }
  93               		.loc 1 181 1 view .LVU15
  94 005c DF91      		pop r29
  95 005e CF91      		pop r28
  96               	.LVL7:
  97               		.loc 1 181 1 view .LVU16
  98 0060 0895      		ret
  99               	.LVL8:
 100               	.L6:
 101               		.loc 1 181 1 view .LVU17
 102 0062 FE01      		movw r30,r28
 103 0064 E350      		subi r30,3
 104 0066 FC45      		sbci r31,92
  50:quantum/process_keycode/process_magic.c ****                         break;
 105               		.loc 1 50 61 view .LVU18
 106 0068 8091 0000 		lds r24,keymap_config
 107 006c 8160      		ori r24,lo8(1<<0)
 108 006e E331      		cpi r30,19
 109 0070 F105      		cpc r31,__zero_reg__
 110 0072 00F4      		brsh .L41
 111 0074 E050      		subi r30,lo8(-(gs(.L20)))
 112 0076 F040      		sbci r31,hi8(-(gs(.L20)))
 113 0078 0C94 0000 		jmp __tablejump2__
 114               		.section	.jumptables.gcc.process_magic,"a",@progbits
 115               		.p2align	1
 116               	.L20:
 117 0000 0000      		.word gs(.L38)
 118 0002 0000      		.word gs(.L37)
 119 0004 0000      		.word gs(.L36)
 120 0006 0000      		.word gs(.L35)
 121 0008 0000      		.word gs(.L34)
 122 000a 0000      		.word gs(.L33)
 123 000c 0000      		.word gs(.L32)
 124 000e 0000      		.word gs(.L31)
 125 0010 0000      		.word gs(.L30)
 126 0012 0000      		.word gs(.L29)
 127 0014 0000      		.word gs(.L28)
 128 0016 0000      		.word gs(.L27)
 129 0018 0000      		.word gs(.L26)
 130 001a 0000      		.word gs(.L25)
 131 001c 0000      		.word gs(.L24)
 132 001e 0000      		.word gs(.L23)
 133 0020 0000      		.word gs(.L22)
 134 0022 0000      		.word gs(.L21)
 135 0024 0000      		.word gs(.L19)
 136               		.section	.text.process_magic
 137               	.L5:
  50:quantum/process_keycode/process_magic.c ****                         break;
 138               		.loc 1 50 61 view .LVU19
 139 007c CE01      		movw r24,r28
 140 007e 8B5F      		subi r24,-5
 141 0080 9C45      		sbci r25,92
 142 0082 0997      		sbiw r24,9
 143 0084 00F4      		brsh .L7
 144 0086 FE01      		movw r30,r28
 145 0088 EC5F      		subi r30,-4
 146 008a FC45      		sbci r31,92
 147 008c E830      		cpi r30,8
 148 008e F105      		cpc r31,__zero_reg__
 149 0090 00F4      		brsh .L8
 150 0092 E050      		subi r30,lo8(-(gs(.L10)))
 151 0094 F040      		sbci r31,hi8(-(gs(.L10)))
 152 0096 0C94 0000 		jmp __tablejump2__
 153               		.section	.jumptables.gcc.process_magic,"a",@progbits
 154               		.p2align	1
 155               	.L10:
 156 0026 0000      		.word gs(.L17)
 157 0028 0000      		.word gs(.L16)
 158 002a 0000      		.word gs(.L15)
 159 002c 0000      		.word gs(.L14)
 160 002e 0000      		.word gs(.L13)
 161 0030 0000      		.word gs(.L12)
 162 0032 0000      		.word gs(.L11)
 163 0034 0000      		.word gs(.L9)
 164               		.section	.text.process_magic
 165               	.L38:
  53:quantum/process_keycode/process_magic.c ****                         break;
 166               		.loc 1 53 25 is_stmt 1 view .LVU20
  53:quantum/process_keycode/process_magic.c ****                         break;
 167               		.loc 1 53 59 is_stmt 0 view .LVU21
 168 009a 8091 0000 		lds r24,keymap_config
 169 009e 8260      		ori r24,lo8(1<<1)
 170               	.L41:
 171 00a0 8093 0000 		sts keymap_config,r24
  54:quantum/process_keycode/process_magic.c ****                     case MAGIC_SWAP_LALT_LGUI:
 172               		.loc 1 54 25 is_stmt 1 view .LVU22
 173 00a4 00C0      		rjmp .L7
 174               	.L37:
  56:quantum/process_keycode/process_magic.c ****                         break;
 175               		.loc 1 56 25 view .LVU23
  56:quantum/process_keycode/process_magic.c ****                         break;
 176               		.loc 1 56 54 is_stmt 0 view .LVU24
 177 00a6 8091 0000 		lds r24,keymap_config
 178 00aa 8460      		ori r24,lo8(1<<2)
 179 00ac 00C0      		rjmp .L41
 180               	.L36:
  59:quantum/process_keycode/process_magic.c ****                         break;
 181               		.loc 1 59 25 is_stmt 1 view .LVU25
  59:quantum/process_keycode/process_magic.c ****                         break;
 182               		.loc 1 59 54 is_stmt 0 view .LVU26
 183 00ae 8091 0000 		lds r24,keymap_config
 184 00b2 8860      		ori r24,lo8(1<<3)
 185 00b4 00C0      		rjmp .L41
 186               	.L8:
  62:quantum/process_keycode/process_magic.c ****                         break;
 187               		.loc 1 62 25 is_stmt 1 view .LVU27
  62:quantum/process_keycode/process_magic.c ****                         break;
 188               		.loc 1 62 54 is_stmt 0 view .LVU28
 189 00b6 8091 0000 		lds r24,keymap_config+1
 190 00ba 8160      		ori r24,lo8(1<<0)
 191               	.L43:
 148:quantum/process_keycode/process_magic.c **** #ifdef AUDIO_ENABLE
 192               		.loc 1 148 54 view .LVU29
 193 00bc 8093 0000 		sts keymap_config+1,r24
 156:quantum/process_keycode/process_magic.c ****                     case MAGIC_TOGGLE_NKRO:
 194               		.loc 1 156 25 is_stmt 1 view .LVU30
 195 00c0 00C0      		rjmp .L7
 196               	.L17:
  65:quantum/process_keycode/process_magic.c ****                         break;
 197               		.loc 1 65 25 view .LVU31
  65:quantum/process_keycode/process_magic.c ****                         break;
 198               		.loc 1 65 54 is_stmt 0 view .LVU32
 199 00c2 8091 0000 		lds r24,keymap_config+1
 200 00c6 8260      		ori r24,lo8(1<<1)
 201 00c8 00C0      		rjmp .L43
 202               	.L35:
  68:quantum/process_keycode/process_magic.c ****                         break;
 203               		.loc 1 68 25 is_stmt 1 view .LVU33
  68:quantum/process_keycode/process_magic.c ****                         break;
 204               		.loc 1 68 46 is_stmt 0 view .LVU34
 205 00ca 8091 0000 		lds r24,keymap_config
 206 00ce 8061      		ori r24,lo8(1<<4)
 207 00d0 00C0      		rjmp .L41
 208               	.L34:
  71:quantum/process_keycode/process_magic.c ****                         break;
 209               		.loc 1 71 25 is_stmt 1 view .LVU35
  71:quantum/process_keycode/process_magic.c ****                         break;
 210               		.loc 1 71 54 is_stmt 0 view .LVU36
 211 00d2 8091 0000 		lds r24,keymap_config
 212 00d6 8062      		ori r24,lo8(1<<5)
 213 00d8 00C0      		rjmp .L41
 214               	.L33:
  74:quantum/process_keycode/process_magic.c ****                         break;
 215               		.loc 1 74 25 is_stmt 1 view .LVU37
  74:quantum/process_keycode/process_magic.c ****                         break;
 216               		.loc 1 74 64 is_stmt 0 view .LVU38
 217 00da 8091 0000 		lds r24,keymap_config
 218 00de 8064      		ori r24,lo8(1<<6)
 219 00e0 00C0      		rjmp .L41
 220               	.L32:
  77:quantum/process_keycode/process_magic.c ****                         keymap_config.nkro = true;
 221               		.loc 1 77 25 is_stmt 1 view .LVU39
 222 00e2 0E94 0000 		call clear_keyboard
 223               	.LVL9:
  78:quantum/process_keycode/process_magic.c ****                         break;
 224               		.loc 1 78 25 view .LVU40
  78:quantum/process_keycode/process_magic.c ****                         break;
 225               		.loc 1 78 44 is_stmt 0 view .LVU41
 226 00e6 8091 0000 		lds r24,keymap_config
 227 00ea 8068      		ori r24,lo8(1<<7)
 228 00ec 00C0      		rjmp .L41
 229               	.L31:
  81:quantum/process_keycode/process_magic.c **** #ifdef AUDIO_ENABLE
 230               		.loc 1 81 25 is_stmt 1 view .LVU42
  81:quantum/process_keycode/process_magic.c **** #ifdef AUDIO_ENABLE
 231               		.loc 1 81 54 is_stmt 0 view .LVU43
 232 00ee 8091 0000 		lds r24,keymap_config
 233 00f2 8C60      		ori r24,lo8(12)
 234 00f4 00C0      		rjmp .L41
 235               	.L14:
  87:quantum/process_keycode/process_magic.c **** #ifdef AUDIO_ENABLE
 236               		.loc 1 87 25 is_stmt 1 view .LVU44
  87:quantum/process_keycode/process_magic.c **** #ifdef AUDIO_ENABLE
 237               		.loc 1 87 54 is_stmt 0 view .LVU45
 238 00f6 8091 0000 		lds r24,keymap_config+1
 239 00fa 8360      		ori r24,lo8(3)
 240 00fc 00C0      		rjmp .L43
 241               	.L30:
  93:quantum/process_keycode/process_magic.c ****                         break;
 242               		.loc 1 93 25 is_stmt 1 view .LVU46
  93:quantum/process_keycode/process_magic.c ****                         break;
 243               		.loc 1 93 61 is_stmt 0 view .LVU47
 244 00fe 8091 0000 		lds r24,keymap_config
 245 0102 8E7F      		andi r24,lo8(~(1<<0))
 246 0104 00C0      		rjmp .L41
 247               	.L29:
  96:quantum/process_keycode/process_magic.c ****                         break;
 248               		.loc 1 96 25 is_stmt 1 view .LVU48
  96:quantum/process_keycode/process_magic.c ****                         break;
 249               		.loc 1 96 59 is_stmt 0 view .LVU49
 250 0106 8091 0000 		lds r24,keymap_config
 251 010a 8D7F      		andi r24,lo8(~(1<<1))
 252 010c 00C0      		rjmp .L41
 253               	.L28:
  99:quantum/process_keycode/process_magic.c ****                         break;
 254               		.loc 1 99 25 is_stmt 1 view .LVU50
  99:quantum/process_keycode/process_magic.c ****                         break;
 255               		.loc 1 99 54 is_stmt 0 view .LVU51
 256 010e 8091 0000 		lds r24,keymap_config
 257 0112 8B7F      		andi r24,lo8(~(1<<2))
 258 0114 00C0      		rjmp .L41
 259               	.L27:
 102:quantum/process_keycode/process_magic.c ****                         break;
 260               		.loc 1 102 25 is_stmt 1 view .LVU52
 102:quantum/process_keycode/process_magic.c ****                         break;
 261               		.loc 1 102 54 is_stmt 0 view .LVU53
 262 0116 8091 0000 		lds r24,keymap_config
 263 011a 877F      		andi r24,lo8(~(1<<3))
 264 011c 00C0      		rjmp .L41
 265               	.L16:
 105:quantum/process_keycode/process_magic.c ****                         break;
 266               		.loc 1 105 25 is_stmt 1 view .LVU54
 105:quantum/process_keycode/process_magic.c ****                         break;
 267               		.loc 1 105 54 is_stmt 0 view .LVU55
 268 011e 8091 0000 		lds r24,keymap_config+1
 269 0122 8E7F      		andi r24,lo8(~(1<<0))
 270 0124 00C0      		rjmp .L43
 271               	.L15:
 108:quantum/process_keycode/process_magic.c ****                         break;
 272               		.loc 1 108 25 is_stmt 1 view .LVU56
 108:quantum/process_keycode/process_magic.c ****                         break;
 273               		.loc 1 108 54 is_stmt 0 view .LVU57
 274 0126 8091 0000 		lds r24,keymap_config+1
 275 012a 8D7F      		andi r24,lo8(~(1<<1))
 276 012c 00C0      		rjmp .L43
 277               	.L26:
 111:quantum/process_keycode/process_magic.c ****                         break;
 278               		.loc 1 111 25 is_stmt 1 view .LVU58
 111:quantum/process_keycode/process_magic.c ****                         break;
 279               		.loc 1 111 46 is_stmt 0 view .LVU59
 280 012e 8091 0000 		lds r24,keymap_config
 281 0132 8F7E      		andi r24,lo8(~(1<<4))
 282 0134 00C0      		rjmp .L41
 283               	.L25:
 114:quantum/process_keycode/process_magic.c ****                         break;
 284               		.loc 1 114 25 is_stmt 1 view .LVU60
 114:quantum/process_keycode/process_magic.c ****                         break;
 285               		.loc 1 114 54 is_stmt 0 view .LVU61
 286 0136 8091 0000 		lds r24,keymap_config
 287 013a 8F7D      		andi r24,lo8(~(1<<5))
 288 013c 00C0      		rjmp .L41
 289               	.L24:
 117:quantum/process_keycode/process_magic.c ****                         break;
 290               		.loc 1 117 25 is_stmt 1 view .LVU62
 117:quantum/process_keycode/process_magic.c ****                         break;
 291               		.loc 1 117 64 is_stmt 0 view .LVU63
 292 013e 8091 0000 		lds r24,keymap_config
 293 0142 8F7B      		andi r24,lo8(~(1<<6))
 294 0144 00C0      		rjmp .L41
 295               	.L23:
 120:quantum/process_keycode/process_magic.c ****                         keymap_config.nkro = false;
 296               		.loc 1 120 25 is_stmt 1 view .LVU64
 297 0146 0E94 0000 		call clear_keyboard
 298               	.LVL10:
 121:quantum/process_keycode/process_magic.c ****                         break;
 299               		.loc 1 121 25 view .LVU65
 121:quantum/process_keycode/process_magic.c ****                         break;
 300               		.loc 1 121 44 is_stmt 0 view .LVU66
 301 014a 8091 0000 		lds r24,keymap_config
 302 014e 8F77      		andi r24,lo8(~(1<<7))
 303 0150 00C0      		rjmp .L41
 304               	.L22:
 124:quantum/process_keycode/process_magic.c **** #ifdef AUDIO_ENABLE
 305               		.loc 1 124 25 is_stmt 1 view .LVU67
 124:quantum/process_keycode/process_magic.c **** #ifdef AUDIO_ENABLE
 306               		.loc 1 124 54 is_stmt 0 view .LVU68
 307 0152 8091 0000 		lds r24,keymap_config
 308 0156 837F      		andi r24,lo8(-13)
 309 0158 00C0      		rjmp .L41
 310               	.L13:
 130:quantum/process_keycode/process_magic.c **** #ifdef AUDIO_ENABLE
 311               		.loc 1 130 25 is_stmt 1 view .LVU69
 130:quantum/process_keycode/process_magic.c **** #ifdef AUDIO_ENABLE
 312               		.loc 1 130 54 is_stmt 0 view .LVU70
 313 015a 8091 0000 		lds r24,keymap_config+1
 314 015e 8C7F      		andi r24,lo8(-4)
 315 0160 00C0      		rjmp .L43
 316               	.L19:
 136:quantum/process_keycode/process_magic.c ****                         keymap_config.swap_ralt_rgui = keymap_config.swap_lalt_lgui;
 317               		.loc 1 136 25 is_stmt 1 view .LVU71
 136:quantum/process_keycode/process_magic.c ****                         keymap_config.swap_ralt_rgui = keymap_config.swap_lalt_lgui;
 318               		.loc 1 136 70 is_stmt 0 view .LVU72
 319 0162 8091 0000 		lds r24,keymap_config
 320 0166 82FB      		bst r24,2
 321 0168 9927      		clr r25
 322 016a 90F9      		bld r25,0
 136:quantum/process_keycode/process_magic.c ****                         keymap_config.swap_ralt_rgui = keymap_config.swap_lalt_lgui;
 323               		.loc 1 136 25 view .LVU73
 324 016c 21E0      		ldi r18,lo8(1)
 325 016e 9227      		eor r25,r18
 136:quantum/process_keycode/process_magic.c ****                         keymap_config.swap_ralt_rgui = keymap_config.swap_lalt_lgui;
 326               		.loc 1 136 54 view .LVU74
 327 0170 90FB      		bst r25,0
 328 0172 82F9      		bld r24,2
 137:quantum/process_keycode/process_magic.c **** #ifdef AUDIO_ENABLE
 329               		.loc 1 137 25 is_stmt 1 view .LVU75
 137:quantum/process_keycode/process_magic.c **** #ifdef AUDIO_ENABLE
 330               		.loc 1 137 54 is_stmt 0 view .LVU76
 331 0174 90FB      		bst r25,0
 332 0176 83F9      		bld r24,3
 333 0178 00C0      		rjmp .L41
 334               	.L12:
 147:quantum/process_keycode/process_magic.c ****                         keymap_config.swap_rctl_rgui = keymap_config.swap_lctl_lgui;
 335               		.loc 1 147 25 is_stmt 1 view .LVU77
 147:quantum/process_keycode/process_magic.c ****                         keymap_config.swap_rctl_rgui = keymap_config.swap_lctl_lgui;
 336               		.loc 1 147 70 is_stmt 0 view .LVU78
 337 017a 8091 0000 		lds r24,keymap_config+1
 147:quantum/process_keycode/process_magic.c ****                         keymap_config.swap_rctl_rgui = keymap_config.swap_lctl_lgui;
 338               		.loc 1 147 25 view .LVU79
 339 017e 982F      		mov r25,r24
 340 0180 9095      		com r25
 341 0182 9170      		andi r25,lo8(1)
 147:quantum/process_keycode/process_magic.c ****                         keymap_config.swap_rctl_rgui = keymap_config.swap_lctl_lgui;
 342               		.loc 1 147 54 view .LVU80
 343 0184 8E7F      		andi r24,lo8(-2)
 148:quantum/process_keycode/process_magic.c **** #ifdef AUDIO_ENABLE
 344               		.loc 1 148 25 is_stmt 1 view .LVU81
 148:quantum/process_keycode/process_magic.c **** #ifdef AUDIO_ENABLE
 345               		.loc 1 148 54 is_stmt 0 view .LVU82
 346 0186 892B      		or r24,r25
 347 0188 90FB      		bst r25,0
 348 018a 81F9      		bld r24,1
 349 018c 00C0      		rjmp .L43
 350               	.L21:
 158:quantum/process_keycode/process_magic.c ****                         keymap_config.nkro = !keymap_config.nkro;
 351               		.loc 1 158 25 is_stmt 1 view .LVU83
 352 018e 0E94 0000 		call clear_keyboard
 353               	.LVL11:
 159:quantum/process_keycode/process_magic.c ****                         break;
 354               		.loc 1 159 25 view .LVU84
 159:quantum/process_keycode/process_magic.c ****                         break;
 355               		.loc 1 159 60 is_stmt 0 view .LVU85
 356 0192 9091 0000 		lds r25,keymap_config
 159:quantum/process_keycode/process_magic.c ****                         break;
 357               		.loc 1 159 44 view .LVU86
 358 0196 892F      		mov r24,r25
 359 0198 97FB      		bst r25,7
 360 019a 87F9      		bld r24,7
 361 019c 8058      		subi r24,0x80
 362 019e 00C0      		rjmp .L41
 363               	.L11:
 162:quantum/process_keycode/process_magic.c ****                         break;
 364               		.loc 1 162 25 is_stmt 1 view .LVU87
 365 01a0 81E0      		ldi r24,lo8(1)
 366               	.L42:
 165:quantum/process_keycode/process_magic.c ****                         break;
 367               		.loc 1 165 25 is_stmt 0 view .LVU88
 368 01a2 0E94 0000 		call eeconfig_update_handedness
 369               	.LVL12:
 166:quantum/process_keycode/process_magic.c ****                     case MAGIC_TOGGLE_GUI:
 370               		.loc 1 166 25 is_stmt 1 view .LVU89
 371 01a6 00C0      		rjmp .L7
 372               	.L9:
 165:quantum/process_keycode/process_magic.c ****                         break;
 373               		.loc 1 165 25 view .LVU90
 374 01a8 80E0      		ldi r24,0
 375 01aa 00C0      		rjmp .L42
 376               	.LVL13:
 377               	.L40:
 180:quantum/process_keycode/process_magic.c **** }
 378               		.loc 1 180 12 is_stmt 0 view .LVU91
 379 01ac 81E0      		ldi r24,lo8(1)
 380 01ae 00C0      		rjmp .L1
 381               		.cfi_endproc
 382               	.LFE26:
 384               		.text
 385               	.Letext0:
 386               		.file 2 "/usr/avr/include/stdint.h"
 387               		.file 3 "quantum/keyboard.h"
 388               		.file 4 "quantum/action.h"
 389               		.file 5 "quantum/keycode_config.h"
 390               		.file 6 "quantum/eeconfig.h"
 391               		.file 7 "quantum/quantum_keycodes.h"
DEFINED SYMBOLS
                            *ABS*:0000000000000000 process_magic.c
     /tmp/ccapaEL9.s:2      *ABS*:000000000000003e __SP_H__
     /tmp/ccapaEL9.s:3      *ABS*:000000000000003d __SP_L__
     /tmp/ccapaEL9.s:4      *ABS*:000000000000003f __SREG__
     /tmp/ccapaEL9.s:5      *ABS*:0000000000000000 __tmp_reg__
     /tmp/ccapaEL9.s:6      *ABS*:0000000000000001 __zero_reg__
     /tmp/ccapaEL9.s:13     .text.process_magic:0000000000000000 process_magic

UNDEFINED SYMBOLS
eeconfig_read_keymap
keymap_config
eeconfig_update_keymap
clear_keyboard
__tablejump2__
eeconfig_update_handedness
