Archive member included to satisfy reference by file (symbol)

.build/obj_sofle_rev1_default/i2c_master.a(i2c_master.o)
                              .build/obj_sofle_rev1_default/ssd1306_sh1106.o (i2c_init)
.build/obj_sofle_rev1_default/serial.a(serial.o)
                              .build/obj_sofle_rev1_default/quantum/split_common/transport.o (soft_serial_initiator_init)
/usr/lib/gcc/avr/11.2.0/../../../../avr/lib/avr5/libm.a(fixunssfsi.o)
                              .build/obj_sofle_rev1_default/common/host.o (__fixunssfsi)
/usr/lib/gcc/avr/11.2.0/../../../../avr/lib/avr5/libm.a(fp_split3.o)
                              /usr/lib/gcc/avr/11.2.0/../../../../avr/lib/avr5/libm.a(fixunssfsi.o) (__fp_splitA)
/usr/lib/gcc/avr/11.2.0/../../../../avr/lib/avr5/libm.a(fp_zero.o)
                              /usr/lib/gcc/avr/11.2.0/../../../../avr/lib/avr5/libm.a(fixunssfsi.o) (__fp_zero)
/usr/lib/gcc/avr/11.2.0/../../../../avr/lib/avr5/libm.a(mulsf3.o)
                              .build/obj_sofle_rev1_default/common/host.o (__mulsf3)
/usr/lib/gcc/avr/11.2.0/../../../../avr/lib/avr5/libm.a(mulsf3x.o)
                              /usr/lib/gcc/avr/11.2.0/../../../../avr/lib/avr5/libm.a(mulsf3.o) (__mulsf3x)
/usr/lib/gcc/avr/11.2.0/../../../../avr/lib/avr5/libm.a(fp_inf.o)
                              /usr/lib/gcc/avr/11.2.0/../../../../avr/lib/avr5/libm.a(mulsf3x.o) (__fp_inf)
/usr/lib/gcc/avr/11.2.0/../../../../avr/lib/avr5/libm.a(fp_nan.o)
                              /usr/lib/gcc/avr/11.2.0/../../../../avr/lib/avr5/libm.a(mulsf3x.o) (__fp_nan)
/usr/lib/gcc/avr/11.2.0/../../../../avr/lib/avr5/libm.a(fp_pscA.o)
                              /usr/lib/gcc/avr/11.2.0/../../../../avr/lib/avr5/libm.a(mulsf3x.o) (__fp_pscA)
/usr/lib/gcc/avr/11.2.0/../../../../avr/lib/avr5/libm.a(fp_pscB.o)
                              /usr/lib/gcc/avr/11.2.0/../../../../avr/lib/avr5/libm.a(mulsf3x.o) (__fp_pscB)
/usr/lib/gcc/avr/11.2.0/../../../../avr/lib/avr5/libm.a(fp_round.o)
                              /usr/lib/gcc/avr/11.2.0/../../../../avr/lib/avr5/libm.a(mulsf3.o) (__fp_round)
/usr/lib/gcc/avr/11.2.0/avr5/libgcc.a(_udivmodqi4.o)
                              .build/obj_sofle_rev1_default/ssd1306_sh1106.o (__udivmodqi4)
/usr/lib/gcc/avr/11.2.0/avr5/libgcc.a(_udivmodhi4.o)
                              .build/obj_sofle_rev1_default/ssd1306_sh1106.o (__udivmodhi4)
/usr/lib/gcc/avr/11.2.0/avr5/libgcc.a(_divmodhi4.o)
                              .build/obj_sofle_rev1_default/quantum/encoder.o (__divmodhi4)
/usr/lib/gcc/avr/11.2.0/avr5/libgcc.a(_exit.o)
                              /usr/lib/gcc/avr/11.2.0/../../../../avr/lib/avr5/crtatmega32u4.o (exit)
/usr/lib/gcc/avr/11.2.0/avr5/libgcc.a(_tablejump2.o)
                              .build/obj_sofle_rev1_default/keyboards/sofle/keymaps/default/keymap.o (__tablejump2__)
/usr/lib/gcc/avr/11.2.0/avr5/libgcc.a(_copy_data.o)
                              .build/obj_sofle_rev1_default/quantum/action.o (__do_copy_data)
/usr/lib/gcc/avr/11.2.0/avr5/libgcc.a(_clear_bss.o)
                              .build/obj_sofle_rev1_default/quantum/action.o (__do_clear_bss)
/usr/lib/gcc/avr/11.2.0/avr5/libgcc.a(_popcounthi2.o)
                              .build/obj_sofle_rev1_default/quantum/bitwise.o (__popcounthi2)
/usr/lib/gcc/avr/11.2.0/avr5/libgcc.a(_popcountsi2.o)
                              .build/obj_sofle_rev1_default/quantum/bitwise.o (__popcountsi2)
/usr/lib/gcc/avr/11.2.0/avr5/libgcc.a(_popcountqi2.o)
                              /usr/lib/gcc/avr/11.2.0/avr5/libgcc.a(_popcounthi2.o) (__popcountqi2)
/usr/lib/gcc/avr/11.2.0/../../../../avr/lib/avr5/libc.a(memcpy_P.o)
                              .build/obj_sofle_rev1_default/ssd1306_sh1106.o (memcpy_P)
/usr/lib/gcc/avr/11.2.0/../../../../avr/lib/avr5/libc.a(memcmp.o)
                              .build/obj_sofle_rev1_default/quantum/matrix.o (memcmp)
/usr/lib/gcc/avr/11.2.0/../../../../avr/lib/avr5/libc.a(memcpy.o)
                              .build/obj_sofle_rev1_default/quantum/split_common/transport.o (memcpy)
/usr/lib/gcc/avr/11.2.0/../../../../avr/lib/avr5/libc.a(memmove.o)
                              .build/obj_sofle_rev1_default/ssd1306_sh1106.o (memmove)
/usr/lib/gcc/avr/11.2.0/../../../../avr/lib/avr5/libatmega32u4.a(eerd_byte.o)
                              .build/obj_sofle_rev1_default/quantum/eeconfig.o (eeprom_read_byte)
/usr/lib/gcc/avr/11.2.0/../../../../avr/lib/avr5/libatmega32u4.a(eerd_dword.o)
                              .build/obj_sofle_rev1_default/quantum/eeconfig.o (eeprom_read_dword)
/usr/lib/gcc/avr/11.2.0/../../../../avr/lib/avr5/libatmega32u4.a(eerd_word.o)
                              .build/obj_sofle_rev1_default/quantum/eeconfig.o (eeprom_read_word)
/usr/lib/gcc/avr/11.2.0/../../../../avr/lib/avr5/libatmega32u4.a(eeupd_byte.o)
                              .build/obj_sofle_rev1_default/quantum/eeconfig.o (eeprom_update_byte)
[...]
Memory Configuration

Name             Origin             Length             Attributes
text             0x0000000000000000 0x0000000000020000 xr
data             0x0000000000800060 0x000000000000ffa0 rw !x
eeprom           0x0000000000810000 0x0000000000010000 rw !x
fuse             0x0000000000820000 0x0000000000000400 rw !x
lock             0x0000000000830000 0x0000000000000400 rw !x
signature        0x0000000000840000 0x0000000000000400 rw !x
user_signatures  0x0000000000850000 0x0000000000000400 rw !x
*default*        0x0000000000000000 0xffffffffffffffff

Linker script and memory map

Address of section .data set to 0x800100
LOAD /usr/lib/gcc/avr/11.2.0/../../../../avr/lib/avr5/crtatmega32u4.o
LOAD .build/obj_sofle_rev1_default/keyboards/sofle/sofle.o
LOAD .build/obj_sofle_rev1_default/keyboards/sofle/rev1/rev1.o
LOAD .build/obj_sofle_rev1_default/keyboards/sofle/keymaps/default/keymap.o
LOAD .build/obj_sofle_rev1_default/quantum/quantum.o
LOAD .build/obj_sofle_rev1_default/quantum/send_string.o
LOAD .build/obj_sofle_rev1_default/quantum/bitwise.o
LOAD .build/obj_sofle_rev1_default/quantum/led.o
LOAD .build/obj_sofle_rev1_default/quantum/action.o
LOAD .build/obj_sofle_rev1_default/quantum/action_layer.o
LOAD .build/obj_sofle_rev1_default/quantum/action_macro.o
LOAD .build/obj_sofle_rev1_default/quantum/action_tapping.o
LOAD .build/obj_sofle_rev1_default/quantum/action_util.o
LOAD .build/obj_sofle_rev1_default/quantum/eeconfig.o
LOAD .build/obj_sofle_rev1_default/quantum/keyboard.o
LOAD .build/obj_sofle_rev1_default/quantum/keymap_common.o
LOAD .build/obj_sofle_rev1_default/quantum/keycode_config.o
LOAD .build/obj_sofle_rev1_default/quantum/logging/debug.o
LOAD .build/obj_sofle_rev1_default/quantum/logging/sendchar.o
LOAD .build/obj_sofle_rev1_default/quantum/bootmagic/magic.o
LOAD .build/obj_sofle_rev1_default/quantum/matrix_common.o
LOAD .build/obj_sofle_rev1_default/quantum/matrix.o
LOAD .build/obj_sofle_rev1_default/quantum/debounce/sym_defer_g.o
LOAD .build/obj_sofle_rev1_default/quantum/split_common/split_util.o
LOAD .build/obj_sofle_rev1_default/quantum/split_common/transport.o
LOAD .build/obj_sofle_rev1_default/quantum/split_common/transactions.o
LOAD .build/obj_sofle_rev1_default/quantum/main.o
LOAD .build/obj_sofle_rev1_default/quantum/encoder.o
LOAD .build/obj_sofle_rev1_default/crc.o
LOAD .build/obj_sofle_rev1_default/ssd1306_sh1106.o
LOAD .build/obj_sofle_rev1_default/quantum/process_keycode/process_space_cadet.o
LOAD .build/obj_sofle_rev1_default/quantum/process_keycode/process_magic.o
LOAD .build/obj_sofle_rev1_default/quantum/process_keycode/process_grave_esc.o
LOAD .build/obj_sofle_rev1_default/i2c_master.a
LOAD .build/obj_sofle_rev1_default/i2c_slave.a
LOAD .build/obj_sofle_rev1_default/serial.a
LOAD .build/obj_sofle_rev1_default/common/host.o
LOAD .build/obj_sofle_rev1_default/common/report.o
LOAD .build/obj_sofle_rev1_default/common/sync_timer.o
LOAD .build/obj_sofle_rev1_default/common/usb_util.o
LOAD .build/obj_sofle_rev1_default/common/avr/platform.o
LOAD .build/obj_sofle_rev1_default/common/avr/suspend.o
LOAD .build/obj_sofle_rev1_default/common/avr/timer.o
LOAD .build/obj_sofle_rev1_default/common/avr/bootloader.o
LOAD .build/obj_sofle_rev1_default/common/avr/xprintf.o
LOAD .build/obj_sofle_rev1_default/common/avr/printf.o
LOAD .build/obj_sofle_rev1_default/lufa.o
LOAD .build/obj_sofle_rev1_default/usb_descriptor.o
LOAD .build/obj_sofle_rev1_default/lib/lufa/LUFA/Drivers/USB/Class/Common/HIDParser.o
LOAD .build/obj_sofle_rev1_default/lib/lufa/LUFA/Drivers/USB/Core/AVR8/Device_AVR8.o
LOAD .build/obj_sofle_rev1_default/lib/lufa/LUFA/Drivers/USB/Core/AVR8/EndpointStream_AVR8.o
LOAD .build/obj_sofle_rev1_default/lib/lufa/LUFA/Drivers/USB/Core/AVR8/Endpoint_AVR8.o
LOAD .build/obj_sofle_rev1_default/lib/lufa/LUFA/Drivers/USB/Core/AVR8/Host_AVR8.o
LOAD .build/obj_sofle_rev1_default/lib/lufa/LUFA/Drivers/USB/Core/AVR8/PipeStream_AVR8.o
LOAD .build/obj_sofle_rev1_default/lib/lufa/LUFA/Drivers/USB/Core/AVR8/Pipe_AVR8.o
LOAD .build/obj_sofle_rev1_default/lib/lufa/LUFA/Drivers/USB/Core/AVR8/USBController_AVR8.o
LOAD .build/obj_sofle_rev1_default/lib/lufa/LUFA/Drivers/USB/Core/AVR8/USBInterrupt_AVR8.o
LOAD .build/obj_sofle_rev1_default/lib/lufa/LUFA/Drivers/USB/Core/ConfigDescriptors.o
LOAD .build/obj_sofle_rev1_default/lib/lufa/LUFA/Drivers/USB/Core/DeviceStandardReq.o
LOAD .build/obj_sofle_rev1_default/lib/lufa/LUFA/Drivers/USB/Core/Events.o
LOAD .build/obj_sofle_rev1_default/lib/lufa/LUFA/Drivers/USB/Core/HostStandardReq.o
LOAD .build/obj_sofle_rev1_default/lib/lufa/LUFA/Drivers/USB/Core/USBTask.o
LOAD .build/obj_sofle_rev1_default/protocol/lufa/usb_util.o
LOAD /usr/lib/gcc/avr/11.2.0/../../../../avr/lib/avr5/libm.a
START GROUP
LOAD /usr/lib/gcc/avr/11.2.0/avr5/libgcc.a
LOAD /usr/lib/gcc/avr/11.2.0/../../../../avr/lib/avr5/libm.a
LOAD /usr/lib/gcc/avr/11.2.0/../../../../avr/lib/avr5/libc.a
LOAD /usr/lib/gcc/avr/11.2.0/../../../../avr/lib/avr5/libatmega32u4.a
END GROUP
                0x0000000000020000                __TEXT_REGION_LENGTH__ = DEFINED (__TEXT_REGION_LENGTH__)?__TEXT_REGION_LENGTH__:0x20000
                0x000000000000ffa0                __DATA_REGION_LENGTH__ = DEFINED (__DATA_REGION_LENGTH__)?__DATA_REGION_LENGTH__:0xffa0
                0x0000000000010000                __EEPROM_REGION_LENGTH__ = DEFINED (__EEPROM_REGION_LENGTH__)?__EEPROM_REGION_LENGTH__:0x10000
                0x0000000000000400                __FUSE_REGION_LENGTH__ = DEFINED (__FUSE_REGION_LENGTH__)?__FUSE_REGION_LENGTH__:0x400
                0x0000000000000400                __LOCK_REGION_LENGTH__ = DEFINED (__LOCK_REGION_LENGTH__)?__LOCK_REGION_LENGTH__:0x400
                0x0000000000000400                __SIGNATURE_REGION_LENGTH__ = DEFINED (__SIGNATURE_REGION_LENGTH__)?__SIGNATURE_REGION_LENGTH__:0x400
                0x0000000000000400                __USER_SIGNATURE_REGION_LENGTH__ = DEFINED (__USER_SIGNATURE_REGION_LENGTH__)?__USER_SIGNATURE_REGION_LENGTH__:0x400

.hash
 *(.hash)

.dynsym
 *(.dynsym)

.dynstr
 *(.dynstr)

.gnu.version
 *(.gnu.version)

.gnu.version_d
 *(.gnu.version_d)

.gnu.version_r
 *(.gnu.version_r)

.rel.init
 *(.rel.init)

.rela.init
 *(.rela.init)

.rel.text
 *(.rel.text)
 *(.rel.text.*)
 *(.rel.gnu.linkonce.t*)

.rela.text
 *(.rela.text)
 *(.rela.text.*)
 *(.rela.gnu.linkonce.t*)

.rel.fini
 *(.rel.fini)

.rela.fini
 *(.rela.fini)

.rel.rodata
 *(.rel.rodata)
 *(.rel.rodata.*)
 *(.rel.gnu.linkonce.r*)

.rela.rodata
 *(.rela.rodata)
 *(.rela.rodata.*)
 *(.rela.gnu.linkonce.r*)

.rel.data
 *(.rel.data)
 *(.rel.data.*)
 *(.rel.gnu.linkonce.d*)

.rela.data
 *(.rela.data)
 *(.rela.data.*)
 *(.rela.gnu.linkonce.d*)

.rel.ctors
 *(.rel.ctors)

.rela.ctors
 *(.rela.ctors)

.rel.dtors
 *(.rel.dtors)

.rela.dtors
 *(.rela.dtors)

.rel.got
 *(.rel.got)

.rela.got
 *(.rela.got)

.rel.bss
 *(.rel.bss)

.rela.bss
 *(.rela.bss)

.rel.plt
 *(.rel.plt)

.rela.plt
 *(.rela.plt)

.text           0x0000000000000000     0x6538
 *(.vectors)
 .vectors       0x0000000000000000       0xac /usr/lib/gcc/avr/11.2.0/../../../../avr/lib/avr5/crtatmega32u4.o
                0x0000000000000000                __vectors
                0x0000000000000000                __vector_default
 *(.vectors)
 *(.progmem.gcc*)
                0x00000000000000ac                . = ALIGN (0x2)
                0x00000000000000ac                __trampolines_start = .
 *(.trampolines)
 .trampolines   0x00000000000000ac        0x0 linker stubs
 *(.trampolines*)
                0x00000000000000ac                __trampolines_end = .
 *libprintf_flt.a:*(.progmem.data)
 *libc.a:*(.progmem.data)
 *(.progmem.*)
 .progmem.data.hand_swap_config
                0x00000000000000ac       0x78 .build/obj_sofle_rev1_default/keyboards/sofle/sofle.o
                0x00000000000000ac                hand_swap_config
 .progmem.data.qmk_logo.0
                0x0000000000000124       0x40 .build/obj_sofle_rev1_default/keyboards/sofle/keymaps/default/keymap.o
 .progmem.data.keymaps
                0x0000000000000164      0x258 .build/obj_sofle_rev1_default/keyboards/sofle/keymaps/default/keymap.o
                0x0000000000000164                keymaps
 .progmem.data.__c.0
                0x00000000000003bc       0x12 .build/obj_sofle_rev1_default/quantum/quantum.o
 .progmem.data.__c.1
                0x00000000000003ce       0x11 .build/obj_sofle_rev1_default/quantum/quantum.o
 .progmem.data.__c.0
                0x00000000000003df       0x15 .build/obj_sofle_rev1_default/quantum/action_util.o
 .progmem.data.__c.0
                0x00000000000003f4        0x2 .build/obj_sofle_rev1_default/quantum/keyboard.o
 .progmem.data.__c.1
                0x00000000000003f6        0x5 .build/obj_sofle_rev1_default/quantum/keyboard.o
 .progmem.data.__c.2
                0x00000000000003fb       0x13 .build/obj_sofle_rev1_default/quantum/keyboard.o
 .progmem.data.__c.0
                0x000000000000040e        0x2 .build/obj_sofle_rev1_default/quantum/matrix_common.o
 .progmem.data.__c.1
                0x0000000000000410        0x5 .build/obj_sofle_rev1_default/quantum/matrix_common.o
 .progmem.data.__c.2
                0x0000000000000415        0x3 .build/obj_sofle_rev1_default/quantum/matrix_common.o
 .progmem.data.__c.3
                0x0000000000000418        0x5 .build/obj_sofle_rev1_default/quantum/matrix_common.o
 .progmem.data.__c.4
                0x000000000000041d        0xf .build/obj_sofle_rev1_default/quantum/matrix_common.o
 .progmem.data.__c.0
                0x000000000000042c       0x13 .build/obj_sofle_rev1_default/quantum/split_common/split_util.o
 .progmem.data.__c.1
                0x000000000000043f       0x36 .build/obj_sofle_rev1_default/quantum/split_common/split_util.o
 .progmem.data.__c.1
                0x0000000000000475       0x16 .build/obj_sofle_rev1_default/quantum/split_common/transactions.o
 .progmem.data.__c.6
                0x000000000000048b       0x1d .build/obj_sofle_rev1_default/ssd1306_sh1106.o
 .progmem.data.__c.10
                0x00000000000004a8       0x15 .build/obj_sofle_rev1_default/ssd1306_sh1106.o
 .progmem.data.display_off.11
                0x00000000000004bd        0x2 .build/obj_sofle_rev1_default/ssd1306_sh1106.o
 .progmem.data.__c.12
                0x00000000000004bf       0x14 .build/obj_sofle_rev1_default/ssd1306_sh1106.o
 .progmem.data.display_on.13
                0x00000000000004d3        0x2 .build/obj_sofle_rev1_default/ssd1306_sh1106.o
 .progmem.data.__c.15
                0x00000000000004d5       0x1b .build/obj_sofle_rev1_default/ssd1306_sh1106.o
 .progmem.data.__c.19
                0x00000000000004f0       0x19 .build/obj_sofle_rev1_default/ssd1306_sh1106.o
 .progmem.data.__c.20
                0x0000000000000509       0x23 .build/obj_sofle_rev1_default/ssd1306_sh1106.o
 .progmem.data.__c.22
                0x000000000000052c       0x17 .build/obj_sofle_rev1_default/ssd1306_sh1106.o
 .progmem.data.display_setup2.23
                0x0000000000000543        0xd .build/obj_sofle_rev1_default/ssd1306_sh1106.o
 .progmem.data.__c.24
                0x0000000000000550       0x18 .build/obj_sofle_rev1_default/ssd1306_sh1106.o
 .progmem.data.display_flipped.25
                0x0000000000000568        0x3 .build/obj_sofle_rev1_default/ssd1306_sh1106.o
 .progmem.data.__c.26
                0x000000000000056b       0x26 .build/obj_sofle_rev1_default/ssd1306_sh1106.o
 .progmem.data.display_normal.27
                0x0000000000000591        0x3 .build/obj_sofle_rev1_default/ssd1306_sh1106.o
 .progmem.data.__c.28
                0x0000000000000594       0x1c .build/obj_sofle_rev1_default/ssd1306_sh1106.o
 .progmem.data.display_setup1.29
                0x00000000000005b0        0xd .build/obj_sofle_rev1_default/ssd1306_sh1106.o
 .progmem.data.font
                0x00000000000005bd      0x540 .build/obj_sofle_rev1_default/ssd1306_sh1106.o
 .progmem.data.__c.0
                0x0000000000000afd        0x2 .build/obj_sofle_rev1_default/common/host.o
 .progmem.data.__c.1
                0x0000000000000aff        0x6 .build/obj_sofle_rev1_default/common/host.o
 .progmem.data.__c.2
                0x0000000000000b05       0x12 .build/obj_sofle_rev1_default/common/host.o
 .progmem.data.__c.0
                0x0000000000000b17        0x4 .build/obj_sofle_rev1_default/lufa.o
 .progmem.data.__c.1
                0x0000000000000b1b       0x11 .build/obj_sofle_rev1_default/lufa.o
 .progmem.data.__c.4
                0x0000000000000b2c        0x4 .build/obj_sofle_rev1_default/lufa.o
 .progmem.data.__c.5
                0x0000000000000b30        0x4 .build/obj_sofle_rev1_default/lufa.o
 .progmem.data.__c.6
                0x0000000000000b34        0x4 .build/obj_sofle_rev1_default/lufa.o
 .progmem.data.__c.7
                0x0000000000000b38        0x4 .build/obj_sofle_rev1_default/lufa.o
 .progmem.data.__c.8
                0x0000000000000b3c        0x4 .build/obj_sofle_rev1_default/lufa.o
 .progmem.data.ProductString
                0x0000000000000b40        0xe .build/obj_sofle_rev1_default/usb_descriptor.o
                0x0000000000000b40                ProductString
 .progmem.data.ManufacturerString
                0x0000000000000b4e       0x1c .build/obj_sofle_rev1_default/usb_descriptor.o
                0x0000000000000b4e                ManufacturerString
 .progmem.data.LanguageString
                0x0000000000000b6a        0x4 .build/obj_sofle_rev1_default/usb_descriptor.o
                0x0000000000000b6a                LanguageString
 .progmem.data.ConfigurationDescriptor
                0x0000000000000b6e       0x5b .build/obj_sofle_rev1_default/usb_descriptor.o
                0x0000000000000b6e                ConfigurationDescriptor
 .progmem.data.DeviceDescriptor
                0x0000000000000bc9       0x12 .build/obj_sofle_rev1_default/usb_descriptor.o
                0x0000000000000bc9                DeviceDescriptor
 .progmem.data.ConsoleReport
                0x0000000000000bdb       0x22 .build/obj_sofle_rev1_default/usb_descriptor.o
                0x0000000000000bdb                ConsoleReport
 .progmem.data.SharedReport
                0x0000000000000bfd       0x32 .build/obj_sofle_rev1_default/usb_descriptor.o
                0x0000000000000bfd                SharedReport
 .progmem.data.KeyboardReport
                0x0000000000000c2f       0x40 .build/obj_sofle_rev1_default/usb_descriptor.o
                0x0000000000000c2f                KeyboardReport
                0x0000000000000c70                . = ALIGN (0x2)
 *fill*         0x0000000000000c6f        0x1 
 *(.lowtext)
 *(.lowtext*)
                0x0000000000000c70                __ctors_start = .
 *(.ctors)
                0x0000000000000c70                __ctors_end = .
                0x0000000000000c70                __dtors_start = .
 *(.dtors)
                0x0000000000000c70                __dtors_end = .
 SORT_BY_NAME(*)(.ctors)
 SORT_BY_NAME(*)(.dtors)
 *(.init0)
 .init0         0x0000000000000c70        0x0 /usr/lib/gcc/avr/11.2.0/../../../../avr/lib/avr5/crtatmega32u4.o
                0x0000000000000c70                __init
 *(.init0)
 *(.init1)
 *(.init1)
 *(.init2)
 .init2         0x0000000000000c70        0xc /usr/lib/gcc/avr/11.2.0/../../../../avr/lib/avr5/crtatmega32u4.o
 *(.init2)
 *(.init3)
 .init3         0x0000000000000c7c       0x54 .build/obj_sofle_rev1_default/common/avr/bootloader.o
                0x0000000000000c7c                bootloader_jump_after_watchdog_reset
 *(.init3)
 *(.init4)
 .init4         0x0000000000000cd0       0x16 /usr/lib/gcc/avr/11.2.0/avr5/libgcc.a(_copy_data.o)
                0x0000000000000cd0                __do_copy_data
 .init4         0x0000000000000ce6       0x10 /usr/lib/gcc/avr/11.2.0/avr5/libgcc.a(_clear_bss.o)
                0x0000000000000ce6                __do_clear_bss
 *(.init4)
 *(.init5)
 *(.init5)
 *(.init6)
 *(.init6)
 *(.init7)
 *(.init7)
 *(.init8)
 *(.init8)
 *(.init9)
 .init9         0x0000000000000cf6        0x8 /usr/lib/gcc/avr/11.2.0/../../../../avr/lib/avr5/crtatmega32u4.o
 *(.init9)
 *(.text)
 .text          0x0000000000000cfe        0x4 /usr/lib/gcc/avr/11.2.0/../../../../avr/lib/avr5/crtatmega32u4.o
                0x0000000000000cfe                __vector_38
                0x0000000000000cfe                __vector_22
                0x0000000000000cfe                __vector_28
                0x0000000000000cfe                __vector_1
                0x0000000000000cfe                __vector_32
                0x0000000000000cfe                __vector_34
                0x0000000000000cfe                __vector_24
                0x0000000000000cfe                __bad_interrupt
                0x0000000000000cfe                __vector_6
                0x0000000000000cfe                __vector_31
                0x0000000000000cfe                __vector_35
                0x0000000000000cfe                __vector_39
                0x0000000000000cfe                __vector_23
                0x0000000000000cfe                __vector_30
                0x0000000000000cfe                __vector_25
                0x0000000000000cfe                __vector_13
                0x0000000000000cfe                __vector_17
                0x0000000000000cfe                __vector_19
                0x0000000000000cfe                __vector_7
                0x0000000000000cfe                __vector_41
                0x0000000000000cfe                __vector_27
                0x0000000000000cfe                __vector_5
                0x0000000000000cfe                __vector_33
                0x0000000000000cfe                __vector_37
                0x0000000000000cfe                __vector_4
                0x0000000000000cfe                __vector_9
                0x0000000000000cfe                __vector_2
                0x0000000000000cfe                __vector_15
                0x0000000000000cfe                __vector_36
                0x0000000000000cfe                __vector_29
                0x0000000000000cfe                __vector_40
                0x0000000000000cfe                __vector_8
                0x0000000000000cfe                __vector_26
                0x0000000000000cfe                __vector_14
                0x0000000000000cfe                __vector_16
                0x0000000000000cfe                __vector_18
                0x0000000000000cfe                __vector_20
                0x0000000000000cfe                __vector_42
 .text          0x0000000000000d02      0x15c .build/obj_sofle_rev1_default/common/avr/xprintf.o
                0x0000000000000d02                xputc
                0x0000000000000d1a                xputs
                0x0000000000000d28                xitoa
                0x0000000000000e4c                __xprintf
                0x0000000000000e5e                . = ALIGN (0x2)
 *(.text.*)
 .text.oled_task_user
                0x0000000000000e5e       0x16 .build/obj_sofle_rev1_default/keyboards/sofle/keymaps/default/keymap.o
                0x0000000000000e5e                oled_task_user
 .text.process_record_user
                0x0000000000000e74      0x216 .build/obj_sofle_rev1_default/keyboards/sofle/keymaps/default/keymap.o
                0x0000000000000e74                process_record_user
 .text.encoder_update_user
                0x000000000000108a       0x1c .build/obj_sofle_rev1_default/keyboards/sofle/keymaps/default/keymap.o
                0x000000000000108a                encoder_update_user
 .text.process_action_kb
                0x00000000000010a6        0x4 .build/obj_sofle_rev1_default/quantum/quantum.o
                0x00000000000010a6                process_action_kb
 .text.process_record_kb
                0x00000000000010aa        0x4 .build/obj_sofle_rev1_default/quantum/quantum.o
                0x00000000000010aa                process_record_kb
 .text.post_process_record_user
                0x00000000000010ae        0x2 .build/obj_sofle_rev1_default/quantum/quantum.o
                0x00000000000010ae                post_process_record_user
 .text.post_process_record_kb
                0x00000000000010b0        0x4 .build/obj_sofle_rev1_default/quantum/quantum.o
                0x00000000000010b0                post_process_record_kb
 .text.get_event_keycode
                0x00000000000010b4       0x66 .build/obj_sofle_rev1_default/quantum/quantum.o
                0x00000000000010b4                get_event_keycode
 .text.get_record_keycode
                0x000000000000111a       0x12 .build/obj_sofle_rev1_default/quantum/quantum.o
                0x000000000000111a                get_record_keycode
 .text.pre_process_record_quantum
                0x000000000000112c        0x4 .build/obj_sofle_rev1_default/quantum/quantum.o
                0x000000000000112c                pre_process_record_quantum
 .text.post_process_record_quantum
                0x0000000000001130       0x1a .build/obj_sofle_rev1_default/quantum/quantum.o
                0x0000000000001130                post_process_record_quantum
 .text.set_single_persistent_default_layer
                0x000000000000114a       0x54 .build/obj_sofle_rev1_default/quantum/quantum.o
                0x000000000000114a                set_single_persistent_default_layer
 .text.update_tri_layer_state
                0x000000000000119e       0xdc .build/obj_sofle_rev1_default/quantum/quantum.o
                0x000000000000119e                update_tri_layer_state
 .text.update_tri_layer
                0x000000000000127a       0x4a .build/obj_sofle_rev1_default/quantum/quantum.o
                0x000000000000127a                update_tri_layer
 .text.matrix_init_quantum
                0x00000000000012c4        0xc .build/obj_sofle_rev1_default/quantum/quantum.o
                0x00000000000012c4                matrix_init_quantum
 .text.matrix_scan_quantum
                0x00000000000012d0        0x4 .build/obj_sofle_rev1_default/quantum/quantum.o
                0x00000000000012d0                matrix_scan_quantum
 .text.shutdown_user
                0x00000000000012d4        0x2 .build/obj_sofle_rev1_default/quantum/quantum.o
                0x00000000000012d4                shutdown_user
 .text.reset_keyboard
                0x00000000000012d6       0x1e .build/obj_sofle_rev1_default/quantum/quantum.o
                0x00000000000012d6                reset_keyboard
 .text.process_record_quantum
                0x00000000000012f4       0xd0 .build/obj_sofle_rev1_default/quantum/quantum.o
                0x00000000000012f4                process_record_quantum
 .text.bitrev   0x00000000000013c4       0x28 .build/obj_sofle_rev1_default/quantum/bitwise.o
                0x00000000000013c4                bitrev
 .text.led_set_user
                0x00000000000013ec        0x2 .build/obj_sofle_rev1_default/quantum/led.o
                0x00000000000013ec                led_set_user
 .text.led_set_kb
                0x00000000000013ee        0x4 .build/obj_sofle_rev1_default/quantum/led.o
                0x00000000000013ee                led_set_kb
 .text.led_update_user
                0x00000000000013f2        0x4 .build/obj_sofle_rev1_default/quantum/led.o
                0x00000000000013f2                led_update_user
 .text.led_update_kb
                0x00000000000013f6        0x4 .build/obj_sofle_rev1_default/quantum/led.o
                0x00000000000013f6                led_update_kb
 .text.led_init_ports
                0x00000000000013fa        0x2 .build/obj_sofle_rev1_default/quantum/led.o
                0x00000000000013fa                led_init_ports
 .text.led_set  0x00000000000013fc       0x10 .build/obj_sofle_rev1_default/quantum/led.o
                0x00000000000013fc                led_set
 .text.process_hand_swap
                0x000000000000140c       0x6a .build/obj_sofle_rev1_default/quantum/action.o
                0x000000000000140c                process_hand_swap
 .text.action_exec
                0x0000000000001476       0xa6 .build/obj_sofle_rev1_default/quantum/action.o
                0x0000000000001476                action_exec
 .text.process_record_tap_hint
                0x000000000000151c       0x28 .build/obj_sofle_rev1_default/quantum/action.o
                0x000000000000151c                process_record_tap_hint
 .text.register_code
                0x0000000000001544       0x88 .build/obj_sofle_rev1_default/quantum/action.o
                0x0000000000001544                register_code
 .text.unregister_code
                0x00000000000015cc       0x50 .build/obj_sofle_rev1_default/quantum/action.o
                0x00000000000015cc                unregister_code
 .text.tap_code_delay
                0x000000000000161c       0x2e .build/obj_sofle_rev1_default/quantum/action.o
                0x000000000000161c                tap_code_delay
 .text.tap_code
                0x000000000000164a       0x10 .build/obj_sofle_rev1_default/quantum/action.o
                0x000000000000164a                tap_code
 .text.register_mods
                0x000000000000165a        0xe .build/obj_sofle_rev1_default/quantum/action.o
                0x000000000000165a                register_mods
 .text.unregister_mods
                0x0000000000001668        0xe .build/obj_sofle_rev1_default/quantum/action.o
                0x0000000000001668                unregister_mods
 .text.process_action
                0x0000000000001676      0x5a8 .build/obj_sofle_rev1_default/quantum/action.o
                0x0000000000001676                process_action
 .text.process_record_handler
                0x0000000000001c1e       0x2e .build/obj_sofle_rev1_default/quantum/action.o
                0x0000000000001c1e                process_record_handler
 .text.process_record
                0x0000000000001c4c       0x50 .build/obj_sofle_rev1_default/quantum/action.o
                0x0000000000001c4c                process_record
 .text.clear_keyboard_but_mods_and_keys
                0x0000000000001c9c       0x1c .build/obj_sofle_rev1_default/quantum/action.o
                0x0000000000001c9c                clear_keyboard_but_mods_and_keys
 .text.clear_keyboard_but_mods
                0x0000000000001cb8        0x8 .build/obj_sofle_rev1_default/quantum/action.o
                0x0000000000001cb8                clear_keyboard_but_mods
 .text.clear_keyboard
                0x0000000000001cc0        0x8 .build/obj_sofle_rev1_default/quantum/action.o
                0x0000000000001cc0                clear_keyboard
 .text.is_tap_action
                0x0000000000001cc8       0x52 .build/obj_sofle_rev1_default/quantum/action.o
                0x0000000000001cc8                is_tap_action
 .text.is_tap_record
                0x0000000000001d1a        0xe .build/obj_sofle_rev1_default/quantum/action.o
                0x0000000000001d1a                is_tap_record
 .text.debug_event
                0x0000000000001d28       0x1e .build/obj_sofle_rev1_default/quantum/action.o
                0x0000000000001d28                debug_event
 .text.debug_record
                0x0000000000001d46       0x20 .build/obj_sofle_rev1_default/quantum/action.o
                0x0000000000001d46                debug_record
 .text.default_layer_state_set_user
                0x0000000000001d66        0x2 .build/obj_sofle_rev1_default/quantum/action_layer.o
                0x0000000000001d66                default_layer_state_set_user
 .text.default_layer_state_set_kb
                0x0000000000001d68        0x4 .build/obj_sofle_rev1_default/quantum/action_layer.o
                0x0000000000001d68                default_layer_state_set_kb
 .text.default_layer_state_set
                0x0000000000001d6c       0x18 .build/obj_sofle_rev1_default/quantum/action_layer.o
 .text.default_layer_debug
                0x0000000000001d84        0x2 .build/obj_sofle_rev1_default/quantum/action_layer.o
                0x0000000000001d84                default_layer_debug
 .text.default_layer_set
                0x0000000000001d86        0x4 .build/obj_sofle_rev1_default/quantum/action_layer.o
                0x0000000000001d86                default_layer_set
 .text.default_layer_or
                0x0000000000001d8a       0x50 .build/obj_sofle_rev1_default/quantum/action_layer.o
                0x0000000000001d8a                default_layer_or
 .text.default_layer_and
                0x0000000000001dda       0x50 .build/obj_sofle_rev1_default/quantum/action_layer.o
                0x0000000000001dda                default_layer_and
 .text.default_layer_xor
                0x0000000000001e2a       0x50 .build/obj_sofle_rev1_default/quantum/action_layer.o
                0x0000000000001e2a                default_layer_xor
 .text.layer_state_set_user
                0x0000000000001e7a        0x4 .build/obj_sofle_rev1_default/quantum/action_layer.o
                0x0000000000001e7a                layer_state_set_user
 .text.layer_state_set_kb
                0x0000000000001e7e        0x4 .build/obj_sofle_rev1_default/quantum/action_layer.o
                0x0000000000001e7e                layer_state_set_kb
 .text.layer_state_set
                0x0000000000001e82       0x18 .build/obj_sofle_rev1_default/quantum/action_layer.o
                0x0000000000001e82                layer_state_set
 .text.layer_clear
                0x0000000000001e9a        0xa .build/obj_sofle_rev1_default/quantum/action_layer.o
                0x0000000000001e9a                layer_clear
 .text.layer_move
                0x0000000000001ea4       0x4a .build/obj_sofle_rev1_default/quantum/action_layer.o
                0x0000000000001ea4                layer_move
 .text.layer_on
                0x0000000000001eee       0x62 .build/obj_sofle_rev1_default/quantum/action_layer.o
                0x0000000000001eee                layer_on
 .text.layer_off
                0x0000000000001f50       0x6a .build/obj_sofle_rev1_default/quantum/action_layer.o
                0x0000000000001f50                layer_off
 .text.layer_invert
                0x0000000000001fba       0x62 .build/obj_sofle_rev1_default/quantum/action_layer.o
                0x0000000000001fba                layer_invert
 .text.layer_or
                0x000000000000201c       0x50 .build/obj_sofle_rev1_default/quantum/action_layer.o
                0x000000000000201c                layer_or
 .text.layer_and
                0x000000000000206c       0x50 .build/obj_sofle_rev1_default/quantum/action_layer.o
                0x000000000000206c                layer_and
 .text.layer_xor
                0x00000000000020bc       0x50 .build/obj_sofle_rev1_default/quantum/action_layer.o
                0x00000000000020bc                layer_xor
 .text.layer_debug
                0x000000000000210c        0x2 .build/obj_sofle_rev1_default/quantum/action_layer.o
                0x000000000000210c                layer_debug
 .text.update_source_layers_cache
                0x000000000000210e       0x5c .build/obj_sofle_rev1_default/quantum/action_layer.o
                0x000000000000210e                update_source_layers_cache
 .text.read_source_layers_cache
                0x000000000000216a       0x52 .build/obj_sofle_rev1_default/quantum/action_layer.o
                0x000000000000216a                read_source_layers_cache
 .text.layer_switch_get_layer
                0x00000000000021bc       0x84 .build/obj_sofle_rev1_default/quantum/action_layer.o
                0x00000000000021bc                layer_switch_get_layer
 .text.layer_switch_get_action
                0x0000000000002240       0x18 .build/obj_sofle_rev1_default/quantum/action_layer.o
                0x0000000000002240                layer_switch_get_action
 .text.store_or_get_action
                0x0000000000002258       0x54 .build/obj_sofle_rev1_default/quantum/action_layer.o
                0x0000000000002258                store_or_get_action
 .text.debug_waiting_buffer
                0x00000000000022ac       0x42 .build/obj_sofle_rev1_default/quantum/action_tapping.o
 .text.debug_tapping_key
                0x00000000000022ee       0x1c .build/obj_sofle_rev1_default/quantum/action_tapping.o
 .text.waiting_buffer_scan_tap
                0x000000000000230a       0xac .build/obj_sofle_rev1_default/quantum/action_tapping.o
 .text.process_tapping
                0x00000000000023b6      0x31e .build/obj_sofle_rev1_default/quantum/action_tapping.o
 .text.action_tapping_process
                0x00000000000026d4      0x134 .build/obj_sofle_rev1_default/quantum/action_tapping.o
                0x00000000000026d4                action_tapping_process
 .text.add_key  0x0000000000002808        0xe .build/obj_sofle_rev1_default/quantum/action_util.o
                0x0000000000002808                add_key
 .text.del_key  0x0000000000002816        0xe .build/obj_sofle_rev1_default/quantum/action_util.o
                0x0000000000002816                del_key
 .text.clear_keys
                0x0000000000002824        0xc .build/obj_sofle_rev1_default/quantum/action_util.o
                0x0000000000002824                clear_keys
 .text.get_oneshot_layer
                0x0000000000002830        0xc .build/obj_sofle_rev1_default/quantum/action_util.o
                0x0000000000002830                get_oneshot_layer
 .text.get_oneshot_layer_state
                0x000000000000283c        0x8 .build/obj_sofle_rev1_default/quantum/action_util.o
                0x000000000000283c                get_oneshot_layer_state
 .text.set_oneshot_swaphands
                0x0000000000002844        0xe .build/obj_sofle_rev1_default/quantum/action_util.o
                0x0000000000002844                set_oneshot_swaphands
 .text.clear_oneshot_swaphands
                0x0000000000002852        0xa .build/obj_sofle_rev1_default/quantum/action_util.o
                0x0000000000002852                clear_oneshot_swaphands
 .text.release_oneshot_swaphands
                0x000000000000285c       0x1a .build/obj_sofle_rev1_default/quantum/action_util.o
                0x000000000000285c                release_oneshot_swaphands
 .text.use_oneshot_swaphands
                0x0000000000002876       0x1a .build/obj_sofle_rev1_default/quantum/action_util.o
                0x0000000000002876                use_oneshot_swaphands
 .text.is_oneshot_layer_active
                0x0000000000002890        0xe .build/obj_sofle_rev1_default/quantum/action_util.o
                0x0000000000002890                is_oneshot_layer_active
 .text.oneshot_set
                0x000000000000289e       0x4a .build/obj_sofle_rev1_default/quantum/action_util.o
                0x000000000000289e                oneshot_set
 .text.oneshot_toggle
                0x00000000000028e8       0x12 .build/obj_sofle_rev1_default/quantum/action_util.o
                0x00000000000028e8                oneshot_toggle
 .text.oneshot_enable
                0x00000000000028fa        0x6 .build/obj_sofle_rev1_default/quantum/action_util.o
                0x00000000000028fa                oneshot_enable
 .text.oneshot_disable
                0x0000000000002900        0x6 .build/obj_sofle_rev1_default/quantum/action_util.o
                0x0000000000002900                oneshot_disable
 .text.get_mods
                0x0000000000002906        0x6 .build/obj_sofle_rev1_default/quantum/action_util.o
                0x0000000000002906                get_mods
 .text.add_mods
                0x000000000000290c        0xc .build/obj_sofle_rev1_default/quantum/action_util.o
                0x000000000000290c                add_mods
 .text.del_mods
                0x0000000000002918       0x10 .build/obj_sofle_rev1_default/quantum/action_util.o
                0x0000000000002918                del_mods
 .text.clear_mods
                0x0000000000002928        0x6 .build/obj_sofle_rev1_default/quantum/action_util.o
                0x0000000000002928                clear_mods
 .text.add_weak_mods
                0x000000000000292e        0xc .build/obj_sofle_rev1_default/quantum/action_util.o
                0x000000000000292e                add_weak_mods
 .text.del_weak_mods
                0x000000000000293a       0x10 .build/obj_sofle_rev1_default/quantum/action_util.o
                0x000000000000293a                del_weak_mods
 .text.clear_weak_mods
                0x000000000000294a        0x6 .build/obj_sofle_rev1_default/quantum/action_util.o
                0x000000000000294a                clear_weak_mods
 .text.clear_macro_mods
                0x0000000000002950        0x6 .build/obj_sofle_rev1_default/quantum/action_util.o
                0x0000000000002950                clear_macro_mods
 .text.get_oneshot_mods
                0x0000000000002956        0x6 .build/obj_sofle_rev1_default/quantum/action_util.o
                0x0000000000002956                get_oneshot_mods
 .text.oneshot_mods_changed_user
                0x000000000000295c        0x2 .build/obj_sofle_rev1_default/quantum/action_util.o
                0x000000000000295c                oneshot_mods_changed_user
 .text.oneshot_mods_changed_kb
                0x000000000000295e        0x4 .build/obj_sofle_rev1_default/quantum/action_util.o
                0x000000000000295e                oneshot_mods_changed_kb
 .text.set_oneshot_mods
                0x0000000000002962       0x1a .build/obj_sofle_rev1_default/quantum/action_util.o
                0x0000000000002962                set_oneshot_mods
 .text.clear_oneshot_mods
                0x000000000000297c       0x14 .build/obj_sofle_rev1_default/quantum/action_util.o
                0x000000000000297c                clear_oneshot_mods
 .text.send_keyboard_report
                0x0000000000002990       0x66 .build/obj_sofle_rev1_default/quantum/action_util.o
                0x0000000000002990                send_keyboard_report
 .text.oneshot_layer_changed_user
                0x00000000000029f6        0x2 .build/obj_sofle_rev1_default/quantum/action_util.o
                0x00000000000029f6                oneshot_layer_changed_user
 .text.oneshot_layer_changed_kb
                0x00000000000029f8        0x4 .build/obj_sofle_rev1_default/quantum/action_util.o
                0x00000000000029f8                oneshot_layer_changed_kb
 .text.set_oneshot_layer
                0x00000000000029fc       0x2c .build/obj_sofle_rev1_default/quantum/action_util.o
                0x00000000000029fc                set_oneshot_layer
 .text.reset_oneshot_layer
                0x0000000000002a28        0xa .build/obj_sofle_rev1_default/quantum/action_util.o
                0x0000000000002a28                reset_oneshot_layer
 .text.clear_oneshot_layer_state
                0x0000000000002a32       0x38 .build/obj_sofle_rev1_default/quantum/action_util.o
                0x0000000000002a32                clear_oneshot_layer_state
 .text.eeconfig_is_enabled
                0x0000000000002a6a       0x16 .build/obj_sofle_rev1_default/quantum/eeconfig.o
                0x0000000000002a6a                eeconfig_is_enabled
 .text.eeconfig_read_debug
                0x0000000000002a80        0x8 .build/obj_sofle_rev1_default/quantum/eeconfig.o
                0x0000000000002a80                eeconfig_read_debug
 .text.eeconfig_read_default_layer
                0x0000000000002a88        0x8 .build/obj_sofle_rev1_default/quantum/eeconfig.o
                0x0000000000002a88                eeconfig_read_default_layer
 .text.eeconfig_update_default_layer
                0x0000000000002a90        0xa .build/obj_sofle_rev1_default/quantum/eeconfig.o
                0x0000000000002a90                eeconfig_update_default_layer
 .text.eeconfig_read_keymap
                0x0000000000002a9a       0x1c .build/obj_sofle_rev1_default/quantum/eeconfig.o
                0x0000000000002a9a                eeconfig_read_keymap
 .text.eeconfig_update_keymap
                0x0000000000002ab6       0x1a .build/obj_sofle_rev1_default/quantum/eeconfig.o
                0x0000000000002ab6                eeconfig_update_keymap
 .text.eeconfig_update_kb
                0x0000000000002ad0        0xc .build/obj_sofle_rev1_default/quantum/eeconfig.o
                0x0000000000002ad0                eeconfig_update_kb
 .text.eeconfig_update_user
                0x0000000000002adc        0xc .build/obj_sofle_rev1_default/quantum/eeconfig.o
                0x0000000000002adc                eeconfig_update_user
 .text.eeconfig_init_user
                0x0000000000002ae8        0xa .build/obj_sofle_rev1_default/quantum/eeconfig.o
                0x0000000000002ae8                eeconfig_init_user
 .text.eeconfig_init_kb
                0x0000000000002af2        0xe .build/obj_sofle_rev1_default/quantum/eeconfig.o
                0x0000000000002af2                eeconfig_init_kb
 .text.eeconfig_init_quantum
                0x0000000000002b00       0xbe .build/obj_sofle_rev1_default/quantum/eeconfig.o
                0x0000000000002b00                eeconfig_init_quantum
 .text.eeconfig_init
                0x0000000000002bbe        0x4 .build/obj_sofle_rev1_default/quantum/eeconfig.o
                0x0000000000002bbe                eeconfig_init
 .text.eeconfig_update_handedness
                0x0000000000002bc2        0xa .build/obj_sofle_rev1_default/quantum/eeconfig.o
                0x0000000000002bc2                eeconfig_update_handedness
 .text.last_matrix_activity_trigger
                0x0000000000002bcc       0x26 .build/obj_sofle_rev1_default/quantum/keyboard.o
                0x0000000000002bcc                last_matrix_activity_trigger
 .text.last_encoder_activity_trigger
                0x0000000000002bf2       0x26 .build/obj_sofle_rev1_default/quantum/keyboard.o
                0x0000000000002bf2                last_encoder_activity_trigger
 .text.disable_jtag
                0x0000000000002c18        0xe .build/obj_sofle_rev1_default/quantum/keyboard.o
                0x0000000000002c18                disable_jtag
 .text.keyboard_pre_init_user
                0x0000000000002c26        0x2 .build/obj_sofle_rev1_default/quantum/keyboard.o
                0x0000000000002c26                keyboard_pre_init_user
 .text.matrix_setup
                0x0000000000002c28        0x2 .build/obj_sofle_rev1_default/quantum/keyboard.o
                0x0000000000002c28                matrix_setup
 .text.keyboard_pre_init_kb
                0x0000000000002c2a        0x4 .build/obj_sofle_rev1_default/quantum/keyboard.o
                0x0000000000002c2a                keyboard_pre_init_kb
 .text.keyboard_post_init_user
                0x0000000000002c2e        0x2 .build/obj_sofle_rev1_default/quantum/keyboard.o
                0x0000000000002c2e                keyboard_post_init_user
 .text.keyboard_post_init_kb
                0x0000000000002c30        0x4 .build/obj_sofle_rev1_default/quantum/keyboard.o
                0x0000000000002c30                keyboard_post_init_kb
 .text.keyboard_setup
                0x0000000000002c34       0x14 .build/obj_sofle_rev1_default/quantum/keyboard.o
                0x0000000000002c34                keyboard_setup
 .text.should_process_keypress
                0x0000000000002c48        0x4 .build/obj_sofle_rev1_default/quantum/keyboard.o
                0x0000000000002c48                should_process_keypress
 .text.housekeeping_task_kb
                0x0000000000002c4c        0x2 .build/obj_sofle_rev1_default/quantum/keyboard.o
                0x0000000000002c4c                housekeeping_task_kb
 .text.housekeeping_task_user
                0x0000000000002c4e        0x2 .build/obj_sofle_rev1_default/quantum/keyboard.o
                0x0000000000002c4e                housekeeping_task_user
 .text.housekeeping_task
                0x0000000000002c50        0x8 .build/obj_sofle_rev1_default/quantum/keyboard.o
                0x0000000000002c50                housekeeping_task
 .text.keyboard_init
                0x0000000000002c58       0x1e .build/obj_sofle_rev1_default/quantum/keyboard.o
                0x0000000000002c58                keyboard_init
 .text.keyboard_set_leds
                0x0000000000002c76       0x50 .build/obj_sofle_rev1_default/quantum/keyboard.o
                0x0000000000002c76                keyboard_set_leds
 .text.keyboard_task
                0x0000000000002cc6      0x150 .build/obj_sofle_rev1_default/quantum/keyboard.o
                0x0000000000002cc6                keyboard_task
 .text.action_for_keycode
                0x0000000000002e16      0x1f2 .build/obj_sofle_rev1_default/quantum/keymap_common.o
                0x0000000000002e16                action_for_keycode
 .text.keymap_key_to_keycode
                0x0000000000003008       0x28 .build/obj_sofle_rev1_default/quantum/keymap_common.o
                0x0000000000003008                keymap_key_to_keycode
 .text.action_for_key
                0x0000000000003030        0x8 .build/obj_sofle_rev1_default/quantum/keymap_common.o
                0x0000000000003030                action_for_key
 .text.keycode_config
                0x0000000000003038      0x130 .build/obj_sofle_rev1_default/quantum/keycode_config.o
                0x0000000000003038                keycode_config
 .text.mod_config
                0x0000000000003168       0x86 .build/obj_sofle_rev1_default/quantum/keycode_config.o
                0x0000000000003168                mod_config
 .text.bootmagic
                0x00000000000031ee        0x2 .build/obj_sofle_rev1_default/quantum/bootmagic/magic.o
                0x00000000000031ee                bootmagic
 .text.magic    0x00000000000031f0       0x70 .build/obj_sofle_rev1_default/quantum/bootmagic/magic.o
                0x00000000000031f0                magic
 .text.matrix_init_user
                0x0000000000003260        0x2 .build/obj_sofle_rev1_default/quantum/matrix_common.o
                0x0000000000003260                matrix_init_user
 .text.matrix_init_kb
                0x0000000000003262        0x4 .build/obj_sofle_rev1_default/quantum/matrix_common.o
                0x0000000000003262                matrix_init_kb
 .text.matrix_scan_user
                0x0000000000003266        0x2 .build/obj_sofle_rev1_default/quantum/matrix_common.o
                0x0000000000003266                matrix_scan_user
 .text.matrix_scan_kb
                0x0000000000003268        0x4 .build/obj_sofle_rev1_default/quantum/matrix_common.o
                0x0000000000003268                matrix_scan_kb
 .text.matrix_get_row
                0x000000000000326c        0xc .build/obj_sofle_rev1_default/quantum/matrix_common.o
                0x000000000000326c                matrix_get_row
 .text.matrix_print
                0x0000000000003278       0x8c .build/obj_sofle_rev1_default/quantum/matrix_common.o
                0x0000000000003278                matrix_print
 .text.matrix_io_delay
                0x0000000000003304        0x8 .build/obj_sofle_rev1_default/quantum/matrix_common.o
                0x0000000000003304                matrix_io_delay
 .text.matrix_output_select_delay
                0x000000000000330c        0x4 .build/obj_sofle_rev1_default/quantum/matrix_common.o
                0x000000000000330c                matrix_output_select_delay
 .text.matrix_output_unselect_delay
                0x0000000000003310        0x4 .build/obj_sofle_rev1_default/quantum/matrix_common.o
                0x0000000000003310                matrix_output_unselect_delay
 .text.setPinInputHigh_atomic
                0x0000000000003314       0x32 .build/obj_sofle_rev1_default/quantum/matrix.o
 .text.matrix_slave_scan_user
                0x0000000000003346        0x2 .build/obj_sofle_rev1_default/quantum/matrix.o
                0x0000000000003346                matrix_slave_scan_user
 .text.matrix_slave_scan_kb
                0x0000000000003348        0x4 .build/obj_sofle_rev1_default/quantum/matrix.o
                0x0000000000003348                matrix_slave_scan_kb
 .text.matrix_init_pins
                0x000000000000334c       0x36 .build/obj_sofle_rev1_default/quantum/matrix.o
                0x000000000000334c                matrix_init_pins
 .text.matrix_read_cols_on_row
                0x0000000000003382       0xd6 .build/obj_sofle_rev1_default/quantum/matrix.o
                0x0000000000003382                matrix_read_cols_on_row
 .text.matrix_init
                0x0000000000003458       0x4c .build/obj_sofle_rev1_default/quantum/matrix.o
                0x0000000000003458                matrix_init
 .text.matrix_post_scan
                0x00000000000034a4       0xd2 .build/obj_sofle_rev1_default/quantum/matrix.o
                0x00000000000034a4                matrix_post_scan
 .text.matrix_scan
                0x0000000000003576       0xb8 .build/obj_sofle_rev1_default/quantum/matrix.o
                0x0000000000003576                matrix_scan
 .text.debounce_init
                0x000000000000362e        0x2 .build/obj_sofle_rev1_default/quantum/debounce/sym_defer_g.o
                0x000000000000362e                debounce_init
 .text.debounce
                0x0000000000003630       0x6c .build/obj_sofle_rev1_default/quantum/debounce/sym_defer_g.o
                0x0000000000003630                debounce
 .text.is_keyboard_master
                0x000000000000369c       0x30 .build/obj_sofle_rev1_default/quantum/split_common/split_util.o
                0x000000000000369c                is_keyboard_master
 .text.is_keyboard_left
                0x00000000000036cc        0x4 .build/obj_sofle_rev1_default/quantum/split_common/split_util.o
                0x00000000000036cc                is_keyboard_left
 .text.split_pre_init
                0x00000000000036d0       0x14 .build/obj_sofle_rev1_default/quantum/split_common/split_util.o
                0x00000000000036d0                split_pre_init
 .text.split_post_init
                0x00000000000036e4        0xe .build/obj_sofle_rev1_default/quantum/split_common/split_util.o
                0x00000000000036e4                split_post_init
 .text.is_transport_connected
                0x00000000000036f2        0xe .build/obj_sofle_rev1_default/quantum/split_common/split_util.o
                0x00000000000036f2                is_transport_connected
 .text.transport_master_if_connected
                0x0000000000003700       0x9c .build/obj_sofle_rev1_default/quantum/split_common/split_util.o
                0x0000000000003700                transport_master_if_connected
 .text.transport_master_init
                0x000000000000379c        0x4 .build/obj_sofle_rev1_default/quantum/split_common/transport.o
                0x000000000000379c                transport_master_init
 .text.transport_slave_init
                0x00000000000037a0        0x4 .build/obj_sofle_rev1_default/quantum/split_common/transport.o
                0x00000000000037a0                transport_slave_init
 .text.transport_execute_transaction
                0x00000000000037a4       0xb0 .build/obj_sofle_rev1_default/quantum/split_common/transport.o
                0x00000000000037a4                transport_execute_transaction
 .text.transport_master
                0x0000000000003854        0x4 .build/obj_sofle_rev1_default/quantum/split_common/transport.o
                0x0000000000003854                transport_master
 .text.transport_slave
                0x0000000000003858        0x4 .build/obj_sofle_rev1_default/quantum/split_common/transport.o
                0x0000000000003858                transport_slave
 .text.sync_timer_handlers_master
                0x000000000000385c       0x9c .build/obj_sofle_rev1_default/quantum/split_common/transactions.o
 .text.transaction_handler_master
                0x00000000000038f8       0xbe .build/obj_sofle_rev1_default/quantum/split_common/transactions.o
 .text.read_if_checksum_mismatch
                0x00000000000039b6       0xf2 .build/obj_sofle_rev1_default/quantum/split_common/transactions.o
 .text.encoder_handlers_master
                0x0000000000003aa8       0x56 .build/obj_sofle_rev1_default/quantum/split_common/transactions.o
 .text.slave_matrix_handlers_master
                0x0000000000003afe       0x82 .build/obj_sofle_rev1_default/quantum/split_common/transactions.o
 .text.transactions_master
                0x0000000000003b80       0x5a .build/obj_sofle_rev1_default/quantum/split_common/transactions.o
                0x0000000000003b80                transactions_master
 .text.transactions_slave
                0x0000000000003bda       0xa0 .build/obj_sofle_rev1_default/quantum/split_common/transactions.o
                0x0000000000003bda                transactions_slave
 .text.startup.main
                0x0000000000003c7a       0x16 .build/obj_sofle_rev1_default/quantum/main.o
                0x0000000000003c7a                main
 .text.encoder_update_kb
                0x0000000000003c90        0x4 .build/obj_sofle_rev1_default/quantum/encoder.o
                0x0000000000003c90                encoder_update_kb
 .text.encoder_init
                0x0000000000003c94       0xca .build/obj_sofle_rev1_default/quantum/encoder.o
                0x0000000000003c94                encoder_init
 .text.encoder_read
                0x0000000000003d5e       0xcc .build/obj_sofle_rev1_default/quantum/encoder.o
                0x0000000000003d5e                encoder_read
 .text.encoder_state_raw
                0x0000000000003e2a       0x12 .build/obj_sofle_rev1_default/quantum/encoder.o
                0x0000000000003e2a                encoder_state_raw
 .text.encoder_update_raw
                0x0000000000003e3c       0x7e .build/obj_sofle_rev1_default/quantum/encoder.o
                0x0000000000003e3c                encoder_update_raw
 .text.crc_init
                0x0000000000003eba        0x2 .build/obj_sofle_rev1_default/crc.o
                0x0000000000003eba                crc_init
 .text.crc8     0x0000000000003ebc       0x2e .build/obj_sofle_rev1_default/crc.o
                0x0000000000003ebc                crc8
 .text.i2c_transmit_P.constprop.0
                0x0000000000003eea       0x5e .build/obj_sofle_rev1_default/ssd1306_sh1106.o
 .text.oled_init_user
                0x0000000000003f48        0x2 .build/obj_sofle_rev1_default/ssd1306_sh1106.o
                0x0000000000003f48                oled_init_user
 .text.oled_clear
                0x0000000000003f4a       0x2a .build/obj_sofle_rev1_default/ssd1306_sh1106.o
                0x0000000000003f4a                oled_clear
 .text.oled_init
                0x0000000000003f74       0xc4 .build/obj_sofle_rev1_default/ssd1306_sh1106.o
                0x0000000000003f74                oled_init
 .text.oled_set_cursor
                0x0000000000004038       0x2e .build/obj_sofle_rev1_default/ssd1306_sh1106.o
                0x0000000000004038                oled_set_cursor
 .text.oled_advance_char
                0x0000000000004066       0x3e .build/obj_sofle_rev1_default/ssd1306_sh1106.o
                0x0000000000004066                oled_advance_char
 .text.oled_write_char
                0x00000000000040a4       0xf4 .build/obj_sofle_rev1_default/ssd1306_sh1106.o
                0x00000000000040a4                oled_write_char
 .text.oled_advance_page
                0x0000000000004198       0x64 .build/obj_sofle_rev1_default/ssd1306_sh1106.o
                0x0000000000004198                oled_advance_page
 .text.oled_write_P
                0x00000000000041fc       0x24 .build/obj_sofle_rev1_default/ssd1306_sh1106.o
                0x00000000000041fc                oled_write_P
 .text.oled_on  0x0000000000004220       0x70 .build/obj_sofle_rev1_default/ssd1306_sh1106.o
                0x0000000000004220                oled_on
 .text.oled_render
                0x0000000000004290      0x226 .build/obj_sofle_rev1_default/ssd1306_sh1106.o
                0x0000000000004290                oled_render
 .text.oled_off
                0x00000000000044b6       0x3e .build/obj_sofle_rev1_default/ssd1306_sh1106.o
                0x00000000000044b6                oled_off
 .text.oled_scroll_left
                0x00000000000044f4       0x92 .build/obj_sofle_rev1_default/ssd1306_sh1106.o
                0x00000000000044f4                oled_scroll_left
 .text.oled_task
                0x0000000000004586       0xa2 .build/obj_sofle_rev1_default/ssd1306_sh1106.o
                0x0000000000004586                oled_task
 .text.perform_space_cadet
                0x0000000000004628       0xd8 .build/obj_sofle_rev1_default/quantum/process_keycode/process_space_cadet.o
                0x0000000000004628                perform_space_cadet
 .text.process_space_cadet
                0x0000000000004700       0xaa .build/obj_sofle_rev1_default/quantum/process_keycode/process_space_cadet.o
                0x0000000000004700                process_space_cadet
 .text.process_magic
                0x00000000000047aa      0x1b0 .build/obj_sofle_rev1_default/quantum/process_keycode/process_magic.o
                0x00000000000047aa                process_magic
 .text.process_grave_esc
                0x000000000000495a       0x54 .build/obj_sofle_rev1_default/quantum/process_keycode/process_grave_esc.o
                0x000000000000495a                process_grave_esc
 .text.i2c_init
                0x00000000000049ae        0xc .build/obj_sofle_rev1_default/i2c_master.a(i2c_master.o)
                0x00000000000049ae                i2c_init
 .text.i2c_start
                0x00000000000049ba       0xf2 .build/obj_sofle_rev1_default/i2c_master.a(i2c_master.o)
                0x00000000000049ba                i2c_start
 .text.i2c_write
                0x0000000000004aac       0x5e .build/obj_sofle_rev1_default/i2c_master.a(i2c_master.o)
                0x0000000000004aac                i2c_write
 .text.i2c_transmit
                0x0000000000004b0a       0x5a .build/obj_sofle_rev1_default/i2c_master.a(i2c_master.o)
                0x0000000000004b0a                i2c_transmit
 .text.i2c_writeReg
                0x0000000000004b64       0x62 .build/obj_sofle_rev1_default/i2c_master.a(i2c_master.o)
                0x0000000000004b64                i2c_writeReg
 .text.i2c_stop
                0x0000000000004bc6        0x8 .build/obj_sofle_rev1_default/i2c_master.a(i2c_master.o)
                0x0000000000004bc6                i2c_stop
 .text.sync_recv
                0x0000000000004bce       0x10 .build/obj_sofle_rev1_default/serial.a(serial.o)
 .text.sync_send
                0x0000000000004bde        0xc .build/obj_sofle_rev1_default/serial.a(serial.o)
 .text.serial_read_chunk.constprop.0
                0x0000000000004bea       0x58 .build/obj_sofle_rev1_default/serial.a(serial.o)
 .text.serial_recive_packet
                0x0000000000004c42       0x4e .build/obj_sofle_rev1_default/serial.a(serial.o)
 .text.soft_serial_initiator_init
                0x0000000000004c90        0x6 .build/obj_sofle_rev1_default/serial.a(serial.o)
                0x0000000000004c90                soft_serial_initiator_init
 .text.soft_serial_target_init
                0x0000000000004c96       0x12 .build/obj_sofle_rev1_default/serial.a(serial.o)
                0x0000000000004c96                soft_serial_target_init
 .text.serial_write_chunk
                0x0000000000004ca8       0x42 .build/obj_sofle_rev1_default/serial.a(serial.o)
                0x0000000000004ca8                serial_write_chunk
 .text.serial_send_packet
                0x0000000000004cea       0x34 .build/obj_sofle_rev1_default/serial.a(serial.o)
 .text.__vector_3
                0x0000000000004d1e      0x18e .build/obj_sofle_rev1_default/serial.a(serial.o)
                0x0000000000004d1e                __vector_3
 .text.soft_serial_transaction
                0x0000000000004eac      0x168 .build/obj_sofle_rev1_default/serial.a(serial.o)
                0x0000000000004eac                soft_serial_transaction
 .text.host_set_driver
                0x0000000000005014        0xa .build/obj_sofle_rev1_default/common/host.o
                0x0000000000005014                host_set_driver
 .text.host_keyboard_leds
                0x000000000000501e       0x26 .build/obj_sofle_rev1_default/common/host.o
                0x000000000000501e                host_keyboard_leds
 .text.host_keyboard_send
                0x0000000000005044       0x92 .build/obj_sofle_rev1_default/common/host.o
                0x0000000000005044                host_keyboard_send
 .text.host_system_send
                0x00000000000050d6       0x2c .build/obj_sofle_rev1_default/common/host.o
                0x00000000000050d6                host_system_send
 .text.host_consumer_send
                0x0000000000005102       0x2c .build/obj_sofle_rev1_default/common/host.o
                0x0000000000005102                host_consumer_send
 .text.has_anykey
                0x000000000000512e       0x24 .build/obj_sofle_rev1_default/common/report.o
                0x000000000000512e                has_anykey
 .text.is_key_pressed
                0x0000000000005152       0x22 .build/obj_sofle_rev1_default/common/report.o
                0x0000000000005152                is_key_pressed
 .text.add_key_byte
                0x0000000000005174       0x34 .build/obj_sofle_rev1_default/common/report.o
                0x0000000000005174                add_key_byte
 .text.del_key_byte
                0x00000000000051a8       0x1e .build/obj_sofle_rev1_default/common/report.o
                0x00000000000051a8                del_key_byte
 .text.add_key_to_report
                0x00000000000051c6        0x4 .build/obj_sofle_rev1_default/common/report.o
                0x00000000000051c6                add_key_to_report
 .text.del_key_from_report
                0x00000000000051ca        0x4 .build/obj_sofle_rev1_default/common/report.o
                0x00000000000051ca                del_key_from_report
 .text.clear_keys_from_report
                0x00000000000051ce       0x10 .build/obj_sofle_rev1_default/common/report.o
                0x00000000000051ce                clear_keys_from_report
 .text.sync_timer_init
                0x00000000000051de       0x12 .build/obj_sofle_rev1_default/common/sync_timer.o
                0x00000000000051de                sync_timer_init
 .text.sync_timer_update
                0x00000000000051f0       0x52 .build/obj_sofle_rev1_default/common/sync_timer.o
                0x00000000000051f0                sync_timer_update
 .text.sync_timer_read32
                0x0000000000005242       0x62 .build/obj_sofle_rev1_default/common/sync_timer.o
                0x0000000000005242                sync_timer_read32
 .text.platform_setup
                0x00000000000052a4        0x2 .build/obj_sofle_rev1_default/common/avr/platform.o
                0x00000000000052a4                platform_setup
 .text.matrix_power_up
                0x00000000000052a6        0x2 .build/obj_sofle_rev1_default/common/avr/suspend.o
                0x00000000000052a6                matrix_power_up
 .text.suspend_power_down_user
                0x00000000000052a8        0x2 .build/obj_sofle_rev1_default/common/avr/suspend.o
                0x00000000000052a8                suspend_power_down_user
 .text.suspend_power_down_kb
                0x00000000000052aa        0x4 .build/obj_sofle_rev1_default/common/avr/suspend.o
                0x00000000000052aa                suspend_power_down_kb
 .text.suspend_power_down
                0x00000000000052ae       0x5c .build/obj_sofle_rev1_default/common/avr/suspend.o
                0x00000000000052ae                suspend_power_down
 .text.matrix_power_down
                0x000000000000530a        0x2 .build/obj_sofle_rev1_default/common/avr/suspend.o
                0x000000000000530a                matrix_power_down
 .text.suspend_wakeup_condition
                0x000000000000530c       0x28 .build/obj_sofle_rev1_default/common/avr/suspend.o
                0x000000000000530c                suspend_wakeup_condition
 .text.suspend_wakeup_init_user
                0x0000000000005334        0x2 .build/obj_sofle_rev1_default/common/avr/suspend.o
                0x0000000000005334                suspend_wakeup_init_user
 .text.suspend_wakeup_init_kb
                0x0000000000005336        0x4 .build/obj_sofle_rev1_default/common/avr/suspend.o
                0x0000000000005336                suspend_wakeup_init_kb
 .text.suspend_wakeup_init
                0x000000000000533a       0x10 .build/obj_sofle_rev1_default/common/avr/suspend.o
                0x000000000000533a                suspend_wakeup_init
 .text.__vector_12
                0x000000000000534a       0x4e .build/obj_sofle_rev1_default/common/avr/suspend.o
                0x000000000000534a                __vector_12
 .text.timer_init
                0x0000000000005398       0x12 .build/obj_sofle_rev1_default/common/avr/timer.o
                0x0000000000005398                timer_init
 .text.timer_read
                0x00000000000053aa       0x18 .build/obj_sofle_rev1_default/common/avr/timer.o
                0x00000000000053aa                timer_read
 .text.timer_read32
                0x00000000000053c2       0x40 .build/obj_sofle_rev1_default/common/avr/timer.o
                0x00000000000053c2                timer_read32
 .text.timer_elapsed
                0x0000000000005402       0x1e .build/obj_sofle_rev1_default/common/avr/timer.o
                0x0000000000005402                timer_elapsed
 .text.timer_elapsed32
                0x0000000000005420       0x4e .build/obj_sofle_rev1_default/common/avr/timer.o
                0x0000000000005420                timer_elapsed32
 .text.__vector_21
                0x000000000000546e       0x48 .build/obj_sofle_rev1_default/common/avr/timer.o
                0x000000000000546e                __vector_21
 .text.bootloader_jump
                0x00000000000054b6       0x22 .build/obj_sofle_rev1_default/common/avr/bootloader.o
                0x00000000000054b6                bootloader_jump
 .text.print_set_sendchar
                0x00000000000054d8        0xa .build/obj_sofle_rev1_default/common/avr/printf.o
                0x00000000000054d8                print_set_sendchar
 .text.keyboard_leds
                0x00000000000054e2        0x6 .build/obj_sofle_rev1_default/lufa.o
 .text.send_extra
                0x00000000000054e8       0x56 .build/obj_sofle_rev1_default/lufa.o
 .text.send_consumer
                0x000000000000553e        0x8 .build/obj_sofle_rev1_default/lufa.o
 .text.send_system
                0x0000000000005546        0x8 .build/obj_sofle_rev1_default/lufa.o
 .text.send_keyboard
                0x000000000000554e       0x60 .build/obj_sofle_rev1_default/lufa.o
 .text.send_mouse
                0x00000000000055ae        0x2 .build/obj_sofle_rev1_default/lufa.o
 .text.EVENT_USB_Device_Connect
                0x00000000000055b0       0x24 .build/obj_sofle_rev1_default/lufa.o
                0x00000000000055b0                EVENT_USB_Device_Connect
 .text.EVENT_USB_Device_Disconnect
                0x00000000000055d4        0xe .build/obj_sofle_rev1_default/lufa.o
                0x00000000000055d4                EVENT_USB_Device_Disconnect
 .text.EVENT_USB_Device_Reset
                0x00000000000055e2        0x8 .build/obj_sofle_rev1_default/lufa.o
                0x00000000000055e2                EVENT_USB_Device_Reset
 .text.EVENT_USB_Device_Suspend
                0x00000000000055ea        0x8 .build/obj_sofle_rev1_default/lufa.o
                0x00000000000055ea                EVENT_USB_Device_Suspend
 .text.EVENT_USB_Device_WakeUp
                0x00000000000055f2        0x8 .build/obj_sofle_rev1_default/lufa.o
                0x00000000000055f2                EVENT_USB_Device_WakeUp
 .text.EVENT_USB_Device_StartOfFrame
                0x00000000000055fa       0x80 .build/obj_sofle_rev1_default/lufa.o
                0x00000000000055fa                EVENT_USB_Device_StartOfFrame
 .text.EVENT_USB_Device_ConfigurationChanged
                0x000000000000567a       0x1e .build/obj_sofle_rev1_default/lufa.o
                0x000000000000567a                EVENT_USB_Device_ConfigurationChanged
 .text.EVENT_USB_Device_ControlRequest
                0x0000000000005698      0x16c .build/obj_sofle_rev1_default/lufa.o
                0x0000000000005698                EVENT_USB_Device_ControlRequest
 .text.sendchar
                0x0000000000005804       0xc2 .build/obj_sofle_rev1_default/lufa.o
                0x0000000000005804                sendchar
 .text.protocol_setup
                0x00000000000058c6       0x32 .build/obj_sofle_rev1_default/lufa.o
                0x00000000000058c6                protocol_setup
 .text.protocol_init
                0x00000000000058f8       0x2c .build/obj_sofle_rev1_default/lufa.o
                0x00000000000058f8                protocol_init
 .text.protocol_task
                0x0000000000005924       0x3e .build/obj_sofle_rev1_default/lufa.o
                0x0000000000005924                protocol_task
 .text.CALLBACK_USB_GetDescriptor
                0x0000000000005962        0x4 .build/obj_sofle_rev1_default/lufa.o
                0x0000000000005962                CALLBACK_USB_GetDescriptor
 .text.get_usb_descriptor
                0x0000000000005966       0xb2 .build/obj_sofle_rev1_default/usb_descriptor.o
                0x0000000000005966                get_usb_descriptor
 .text.USB_Device_SendRemoteWakeup
                0x0000000000005a18       0x2c .build/obj_sofle_rev1_default/lib/lufa/LUFA/Drivers/USB/Core/AVR8/Device_AVR8.o
                0x0000000000005a18                USB_Device_SendRemoteWakeup
 .text.Endpoint_Write_Stream_LE
                0x0000000000005a44       0x9e .build/obj_sofle_rev1_default/lib/lufa/LUFA/Drivers/USB/Core/AVR8/EndpointStream_AVR8.o
                0x0000000000005a44                Endpoint_Write_Stream_LE
 .text.Endpoint_Write_Control_Stream_LE
                0x0000000000005ae2       0xb4 .build/obj_sofle_rev1_default/lib/lufa/LUFA/Drivers/USB/Core/AVR8/EndpointStream_AVR8.o
                0x0000000000005ae2                Endpoint_Write_Control_Stream_LE
 .text.Endpoint_Write_Control_PStream_LE
                0x0000000000005b96       0xb6 .build/obj_sofle_rev1_default/lib/lufa/LUFA/Drivers/USB/Core/AVR8/EndpointStream_AVR8.o
                0x0000000000005b96                Endpoint_Write_Control_PStream_LE
 .text.Endpoint_ConfigureEndpoint_Prv
                0x0000000000005c4c       0x68 .build/obj_sofle_rev1_default/lib/lufa/LUFA/Drivers/USB/Core/AVR8/Endpoint_AVR8.o
                0x0000000000005c4c                Endpoint_ConfigureEndpoint_Prv
 .text.Endpoint_ClearStatusStage
                0x0000000000005cb4       0x3e .build/obj_sofle_rev1_default/lib/lufa/LUFA/Drivers/USB/Core/AVR8/Endpoint_AVR8.o
                0x0000000000005cb4                Endpoint_ClearStatusStage
 .text.Endpoint_WaitUntilReady
                0x0000000000005cf2       0x62 .build/obj_sofle_rev1_default/lib/lufa/LUFA/Drivers/USB/Core/AVR8/Endpoint_AVR8.o
                0x0000000000005cf2                Endpoint_WaitUntilReady
 .text.USB_Disable
                0x0000000000005d54       0x34 .build/obj_sofle_rev1_default/lib/lufa/LUFA/Drivers/USB/Core/AVR8/USBController_AVR8.o
                0x0000000000005d54                USB_Disable
 .text.USB_ResetInterface
                0x0000000000005d88       0x86 .build/obj_sofle_rev1_default/lib/lufa/LUFA/Drivers/USB/Core/AVR8/USBController_AVR8.o
                0x0000000000005d88                USB_ResetInterface
 .text.USB_Init
                0x0000000000005e0e       0x22 .build/obj_sofle_rev1_default/lib/lufa/LUFA/Drivers/USB/Core/AVR8/USBController_AVR8.o
                0x0000000000005e0e                USB_Init
 .text.USB_INT_DisableAllInterrupts
                0x0000000000005e30       0x10 .build/obj_sofle_rev1_default/lib/lufa/LUFA/Drivers/USB/Core/AVR8/USBInterrupt_AVR8.o
                0x0000000000005e30                USB_INT_DisableAllInterrupts
 .text.USB_INT_ClearAllInterrupts
                0x0000000000005e40        0xa .build/obj_sofle_rev1_default/lib/lufa/LUFA/Drivers/USB/Core/AVR8/USBInterrupt_AVR8.o
                0x0000000000005e40                USB_INT_ClearAllInterrupts
 .text.__vector_10
                0x0000000000005e4a      0x1a6 .build/obj_sofle_rev1_default/lib/lufa/LUFA/Drivers/USB/Core/AVR8/USBInterrupt_AVR8.o
                0x0000000000005e4a                __vector_10
 .text.__vector_11
                0x0000000000005ff0       0x92 .build/obj_sofle_rev1_default/lib/lufa/LUFA/Drivers/USB/Core/AVR8/USBInterrupt_AVR8.o
                0x0000000000005ff0                __vector_11
 .text.USB_Device_ProcessControlRequest
                0x0000000000006082      0x2a2 .build/obj_sofle_rev1_default/lib/lufa/LUFA/Drivers/USB/Core/DeviceStandardReq.o
                0x0000000000006082                USB_Device_ProcessControlRequest
 .text.USB_USBTask
                0x0000000000006324       0x34 .build/obj_sofle_rev1_default/lib/lufa/LUFA/Drivers/USB/Core/USBTask.o
                0x0000000000006324                USB_USBTask
 .text.usb_disconnect
                0x0000000000006358        0xa .build/obj_sofle_rev1_default/protocol/lufa/usb_util.o
                0x0000000000006358                usb_disconnect
 .text.usb_vbus_state
                0x0000000000006362       0x1a .build/obj_sofle_rev1_default/protocol/lufa/usb_util.o
                0x0000000000006362                usb_vbus_state
 .text.libgcc.div
                0x000000000000637c       0x18 /usr/lib/gcc/avr/11.2.0/avr5/libgcc.a(_udivmodqi4.o)
                0x000000000000637c                __udivmodqi4
 .text.libgcc.div
                0x0000000000006394       0x28 /usr/lib/gcc/avr/11.2.0/avr5/libgcc.a(_udivmodhi4.o)
                0x0000000000006394                __udivmodhi4
 .text.libgcc.div
                0x00000000000063bc       0x28 /usr/lib/gcc/avr/11.2.0/avr5/libgcc.a(_divmodhi4.o)
                0x00000000000063bc                __divmodhi4
                0x00000000000063bc                _div
 .text.libgcc   0x00000000000063e4        0xc /usr/lib/gcc/avr/11.2.0/avr5/libgcc.a(_tablejump2.o)
                0x00000000000063e4                __tablejump2__
 .text.avr-libc
                0x00000000000063f0       0x12 /usr/lib/gcc/avr/11.2.0/../../../../avr/lib/avr5/libc.a(memcpy_P.o)
                0x00000000000063f0                memcpy_P
 .text.avr-libc
                0x0000000000006402       0x1a /usr/lib/gcc/avr/11.2.0/../../../../avr/lib/avr5/libc.a(memcmp.o)
                0x0000000000006402                memcmp
 .text.avr-libc
                0x000000000000641c       0x12 /usr/lib/gcc/avr/11.2.0/../../../../avr/lib/avr5/libc.a(memcpy.o)
                0x000000000000641c                memcpy
 .text.avr-libc
                0x000000000000642e       0x10 /usr/lib/gcc/avr/11.2.0/../../../../avr/lib/avr5/libatmega32u4.a(eerd_byte.o)
                0x000000000000642e                eeprom_read_byte
 .text.avr-libc
                0x000000000000643e        0xc /usr/lib/gcc/avr/11.2.0/../../../../avr/lib/avr5/libatmega32u4.a(eerd_word.o)
                0x000000000000643e                eeprom_read_word
 .text.avr-libc
                0x000000000000644a       0x24 /usr/lib/gcc/avr/11.2.0/../../../../avr/lib/avr5/libatmega32u4.a(eeupd_byte.o)
                0x000000000000644a                eeprom_update_byte
                0x000000000000644c                eeprom_update_r18
 .text.avr-libc
                0x000000000000646e       0x18 /usr/lib/gcc/avr/11.2.0/../../../../avr/lib/avr5/libatmega32u4.a(eeupd_dword.o)
                0x000000000000646e                eeprom_update_dword
                0x000000000000646e                eeprom_update_float
 .text.avr-libc
                0x0000000000006486        0xc /usr/lib/gcc/avr/11.2.0/../../../../avr/lib/avr5/libatmega32u4.a(eeupd_word.o)
                0x0000000000006486                eeprom_update_word
 .text.avr-libc
                0x0000000000006492       0x20 /usr/lib/gcc/avr/11.2.0/../../../../avr/lib/avr5/libatmega32u4.a(eerd_block.o)
                0x0000000000006492                eeprom_read_block
                0x0000000000006496                eeprom_read_blraw
                0x00000000000064b2                . = ALIGN (0x2)
 *(.fini9)
 .fini9         0x00000000000064b2        0x0 /usr/lib/gcc/avr/11.2.0/avr5/libgcc.a(_exit.o)
                0x00000000000064b2                exit
                0x00000000000064b2                _exit
 *(.fini9)
 *(.fini8)
 *(.fini8)
 *(.fini7)
 *(.fini7)
 *(.fini6)
 *(.fini6)
 *(.fini5)
 *(.fini5)
 *(.fini4)
 *(.fini4)
 *(.fini3)
 *(.fini3)
 *(.fini2)
 *(.fini2)
 *(.fini1)
 *(.fini1)
 *(.fini0)
 .fini0         0x00000000000064b2        0x4 /usr/lib/gcc/avr/11.2.0/avr5/libgcc.a(_exit.o)
 *(.fini0)
 *(.hightext)
 *(.hightext*)
 *(.progmemx.*)
                0x00000000000064b6                . = ALIGN (0x2)
 *(.jumptables)
 *(.jumptables*)
 .jumptables.gcc.process_record_user
                0x00000000000064b6       0x12 .build/obj_sofle_rev1_default/keyboards/sofle/keymaps/default/keymap.o
 .jumptables.gcc.process_action
                0x00000000000064c8       0x26 .build/obj_sofle_rev1_default/quantum/action.o
 .jumptables.gcc.process_magic
                0x00000000000064ee       0x36 .build/obj_sofle_rev1_default/quantum/process_keycode/process_magic.o
 .jumptables.gcc.USB_Device_ProcessControlRequest
                0x0000000000006524       0x14 .build/obj_sofle_rev1_default/lib/lufa/LUFA/Drivers/USB/Core/DeviceStandardReq.o
                0x0000000000006538                _etext = .

.data           0x0000000000800100      0x100 load address 0x0000000000006538
                0x0000000000800100                PROVIDE (__data_start = .)
 *(.data)
 *(.data*)
 .data.keyboard_report
                0x0000000000800100        0x2 .build/obj_sofle_rev1_default/quantum/action_util.o
                0x0000000000800100                keyboard_report
 .data.isLeftHand
                0x0000000000800102        0x1 .build/obj_sofle_rev1_default/quantum/split_common/split_util.o
                0x0000000000800102                isLeftHand
 .data.split_transaction_table
                0x0000000000800103       0x32 .build/obj_sofle_rev1_default/quantum/split_common/transactions.o
                0x0000000000800103                split_transaction_table
 .data.encoders_pad_b
                0x0000000000800135        0x1 .build/obj_sofle_rev1_default/quantum/encoder.o
 .data.encoders_pad_a
                0x0000000000800136        0x1 .build/obj_sofle_rev1_default/quantum/encoder.o
 .data.display_start.21
                0x0000000000800137        0x7 .build/obj_sofle_rev1_default/ssd1306_sh1106.o
 .data.oled_scroll_end
                0x000000000080013e        0x1 .build/obj_sofle_rev1_default/ssd1306_sh1106.o
                0x000000000080013e                oled_scroll_end
 .data.lufa_driver
                0x000000000080013f        0xa .build/obj_sofle_rev1_default/lufa.o
                0x000000000080013f                lufa_driver
 .data.keyboard_protocol
                0x0000000000800149        0x1 .build/obj_sofle_rev1_default/lufa.o
                0x0000000000800149                keyboard_protocol
 *(.gnu.linkonce.d*)
 *(.rodata)
 *(.rodata*)
 .rodata.CSWTCH.25
                0x000000000080014a       0x2e .build/obj_sofle_rev1_default/quantum/action.o
 .rodata.CSWTCH.2
                0x0000000000800178       0x2e .build/obj_sofle_rev1_default/quantum/keymap_common.o
 .rodata.col_pins
                0x00000000008001a6        0x6 .build/obj_sofle_rev1_default/quantum/matrix.o
 .rodata.row_pins
                0x00000000008001ac        0xa .build/obj_sofle_rev1_default/quantum/matrix.o
 .rodata.split_shmem
                0x00000000008001b6        0x2 .build/obj_sofle_rev1_default/quantum/split_common/transport.o
                0x00000000008001b6                split_shmem
 .rodata.transactions_master.str1.1
                0x00000000008001b8       0x20 .build/obj_sofle_rev1_default/quantum/split_common/transactions.o
 .rodata.encoder_LUT
                0x00000000008001d8       0x10 .build/obj_sofle_rev1_default/quantum/encoder.o
 .rodata.source_map.16
                0x00000000008001e8        0x4 .build/obj_sofle_rev1_default/ssd1306_sh1106.o
 .rodata.target_map.17
                0x00000000008001ec        0x4 .build/obj_sofle_rev1_default/ssd1306_sh1106.o
 .rodata.CSWTCH.3
                0x00000000008001f0        0x3 .build/obj_sofle_rev1_default/usb_descriptor.o
 .rodata.CSWTCH.2
                0x00000000008001f3        0x6 .build/obj_sofle_rev1_default/usb_descriptor.o
 .rodata.CSWTCH.1
                0x00000000008001f9        0x6 .build/obj_sofle_rev1_default/usb_descriptor.o
 *(.gnu.linkonce.r*)
                0x0000000000800200                . = ALIGN (0x2)
 *fill*         0x00000000008001ff        0x1 
                0x0000000000800200                _edata = .
                0x0000000000800200                PROVIDE (__data_end = .)

.bss            0x0000000000800200      0x34c
                0x0000000000800200                PROVIDE (__bss_start = .)
 *(.bss)
 .bss           0x0000000000800200        0x2 .build/obj_sofle_rev1_default/common/avr/xprintf.o
                0x0000000000800200                xfunc_out
 *(.bss*)
 .bss.swap_state.0
                0x0000000000800202        0xa .build/obj_sofle_rev1_default/quantum/action.o
 .bss.disable_action_cache
                0x000000000080020c        0x1 .build/obj_sofle_rev1_default/quantum/action.o
                0x000000000080020c                disable_action_cache
 .bss.swap_held
                0x000000000080020d        0x1 .build/obj_sofle_rev1_default/quantum/action.o
                0x000000000080020d                swap_held
 .bss.swap_hands
                0x000000000080020e        0x1 .build/obj_sofle_rev1_default/quantum/action.o
                0x000000000080020e                swap_hands
 .bss.source_layers_cache
                0x000000000080020f       0x28 .build/obj_sofle_rev1_default/quantum/action_layer.o
                0x000000000080020f                source_layers_cache
 .bss.layer_state
                0x0000000000800237        0x4 .build/obj_sofle_rev1_default/quantum/action_layer.o
                0x0000000000800237                layer_state
 .bss.default_layer_state
                0x000000000080023b        0x4 .build/obj_sofle_rev1_default/quantum/action_layer.o
                0x000000000080023b                default_layer_state
 .bss.waiting_buffer_tail
                0x000000000080023f        0x1 .build/obj_sofle_rev1_default/quantum/action_tapping.o
 .bss.waiting_buffer_head
                0x0000000000800240        0x1 .build/obj_sofle_rev1_default/quantum/action_tapping.o
 .bss.waiting_buffer
                0x0000000000800241       0x30 .build/obj_sofle_rev1_default/quantum/action_tapping.o
 .bss.tapping_key
                0x0000000000800271        0x6 .build/obj_sofle_rev1_default/quantum/action_tapping.o
 .bss.swap_hands_oneshot
                0x0000000000800277        0x1 .build/obj_sofle_rev1_default/quantum/action_util.o
                0x0000000000800277                swap_hands_oneshot
 .bss.oneshot_layer_data
                0x0000000000800278        0x1 .build/obj_sofle_rev1_default/quantum/action_util.o
 .bss.oneshot_mods
                0x0000000000800279        0x1 .build/obj_sofle_rev1_default/quantum/action_util.o
 .bss.__compound_literal.0
                0x000000000080027a        0x8 .build/obj_sofle_rev1_default/quantum/action_util.o
 .bss.macro_mods
                0x0000000000800282        0x1 .build/obj_sofle_rev1_default/quantum/action_util.o
 .bss.weak_mods
                0x0000000000800283        0x1 .build/obj_sofle_rev1_default/quantum/action_util.o
 .bss.real_mods
                0x0000000000800284        0x1 .build/obj_sofle_rev1_default/quantum/action_util.o
 .bss.led_status.3
                0x0000000000800285        0x1 .build/obj_sofle_rev1_default/quantum/keyboard.o
 .bss.matrix_prev.4
                0x0000000000800286        0xa .build/obj_sofle_rev1_default/quantum/keyboard.o
 .bss.last_encoder_modification_time
                0x0000000000800290        0x4 .build/obj_sofle_rev1_default/quantum/keyboard.o
 .bss.last_matrix_modification_time
                0x0000000000800294        0x4 .build/obj_sofle_rev1_default/quantum/keyboard.o
 .bss.last_input_modification_time
                0x0000000000800298        0x4 .build/obj_sofle_rev1_default/quantum/keyboard.o
 .bss.debug_config
                0x000000000080029c        0x1 .build/obj_sofle_rev1_default/quantum/logging/debug.o
                0x000000000080029c                debug_config
 .bss.debouncing_time
                0x000000000080029d        0x2 .build/obj_sofle_rev1_default/quantum/debounce/sym_defer_g.o
 .bss.debouncing
                0x000000000080029f        0x1 .build/obj_sofle_rev1_default/quantum/debounce/sym_defer_g.o
 .bss.connection_check_timer.2
                0x00000000008002a0        0x2 .build/obj_sofle_rev1_default/quantum/split_common/split_util.o
 .bss.usbstate.3
                0x00000000008002a2        0x1 .build/obj_sofle_rev1_default/quantum/split_common/split_util.o
 .bss.connection_errors
                0x00000000008002a3        0x1 .build/obj_sofle_rev1_default/quantum/split_common/split_util.o
 .bss.shared_memory
                0x00000000008002a4        0xc .build/obj_sofle_rev1_default/quantum/split_common/transport.o
 .bss.last_sync_timer.0
                0x00000000008002b0        0x4 .build/obj_sofle_rev1_default/quantum/split_common/transactions.o
 .bss.last_matrix.2
                0x00000000008002b4        0x5 .build/obj_sofle_rev1_default/quantum/split_common/transactions.o
 .bss.last_update.3
                0x00000000008002b9        0x4 .build/obj_sofle_rev1_default/quantum/split_common/transactions.o
 .bss.last_update.4
                0x00000000008002bd        0x4 .build/obj_sofle_rev1_default/quantum/split_common/transactions.o
 .bss.last_update.5
                0x00000000008002c1        0x4 .build/obj_sofle_rev1_default/quantum/split_common/transactions.o
 .bss.thatHand  0x00000000008002c5        0x1 .build/obj_sofle_rev1_default/quantum/encoder.o
 .bss.thisHand  0x00000000008002c6        0x1 .build/obj_sofle_rev1_default/quantum/encoder.o
 .bss.encoder_value
                0x00000000008002c7        0x2 .build/obj_sofle_rev1_default/quantum/encoder.o
 .bss.encoder_pulses
                0x00000000008002c9        0x1 .build/obj_sofle_rev1_default/quantum/encoder.o
 .bss.encoder_state
                0x00000000008002ca        0x1 .build/obj_sofle_rev1_default/quantum/encoder.o
 .bss.oled_temp_buffer.14
                0x00000000008002cb        0x6 .build/obj_sofle_rev1_default/ssd1306_sh1106.o
 .bss.temp_buffer.18
                0x00000000008002d1       0x20 .build/obj_sofle_rev1_default/ssd1306_sh1106.o
 .bss.oled_scroll_start
                0x00000000008002f1        0x1 .build/obj_sofle_rev1_default/ssd1306_sh1106.o
                0x00000000008002f1                oled_scroll_start
 .bss.oled_scroll_speed
                0x00000000008002f2        0x1 .build/obj_sofle_rev1_default/ssd1306_sh1106.o
                0x00000000008002f2                oled_scroll_speed
 .bss.oled_rotation_width
                0x00000000008002f3        0x1 .build/obj_sofle_rev1_default/ssd1306_sh1106.o
                0x00000000008002f3                oled_rotation_width
 .bss.oled_rotation
                0x00000000008002f4        0x1 .build/obj_sofle_rev1_default/ssd1306_sh1106.o
                0x00000000008002f4                oled_rotation
 .bss.oled_scrolling
                0x00000000008002f5        0x1 .build/obj_sofle_rev1_default/ssd1306_sh1106.o
                0x00000000008002f5                oled_scrolling
 .bss.oled_active
                0x00000000008002f6        0x1 .build/obj_sofle_rev1_default/ssd1306_sh1106.o
                0x00000000008002f6                oled_active
 .bss.oled_initialized
                0x00000000008002f7        0x1 .build/obj_sofle_rev1_default/ssd1306_sh1106.o
                0x00000000008002f7                oled_initialized
 .bss.oled_dirty
                0x00000000008002f8        0x2 .build/obj_sofle_rev1_default/ssd1306_sh1106.o
                0x00000000008002f8                oled_dirty
 .bss.sc_timer  0x00000000008002fa        0x2 .build/obj_sofle_rev1_default/quantum/process_keycode/process_space_cadet.o
 .bss.sc_last   0x00000000008002fc        0x1 .build/obj_sofle_rev1_default/quantum/process_keycode/process_space_cadet.o
 .bss.grave_esc_was_shifted
                0x00000000008002fd        0x1 .build/obj_sofle_rev1_default/quantum/process_keycode/process_grave_esc.o
 .bss.split_led_state
                0x00000000008002fe        0x1 .build/obj_sofle_rev1_default/common/host.o
                0x00000000008002fe                split_led_state
 .bss.last_consumer_report
                0x00000000008002ff        0x2 .build/obj_sofle_rev1_default/common/host.o
 .bss.last_system_report
                0x0000000000800301        0x2 .build/obj_sofle_rev1_default/common/host.o
 .bss.driver    0x0000000000800303        0x2 .build/obj_sofle_rev1_default/common/host.o
 .bss.wdt_timeout
                0x0000000000800305        0x1 .build/obj_sofle_rev1_default/common/avr/suspend.o
 .bss.timed_out.2
                0x0000000000800306        0x1 .build/obj_sofle_rev1_default/lufa.o
 .bss.count.3   0x0000000000800307        0x1 .build/obj_sofle_rev1_default/lufa.o
 .bss.r.9       0x0000000000800308        0x3 .build/obj_sofle_rev1_default/lufa.o
 .bss.console_flush
                0x000000000080030b        0x1 .build/obj_sofle_rev1_default/lufa.o
 .bss.keyboard_report_sent
                0x000000000080030c        0x8 .build/obj_sofle_rev1_default/lufa.o
 .bss.keyboard_led_state
                0x0000000000800314        0x1 .build/obj_sofle_rev1_default/lufa.o
 .bss.keyboard_idle
                0x0000000000800315        0x1 .build/obj_sofle_rev1_default/lufa.o
                0x0000000000800315                keyboard_idle
 *(COMMON)
 COMMON         0x0000000000800316        0x2 .build/obj_sofle_rev1_default/quantum/bootmagic/magic.o
                0x0000000000800316                keymap_config
 COMMON         0x0000000000800318       0x14 .build/obj_sofle_rev1_default/quantum/matrix_common.o
                0x0000000000800318                raw_matrix
                0x0000000000800322                matrix
 COMMON         0x000000000080032c        0x2 .build/obj_sofle_rev1_default/quantum/matrix.o
                0x000000000080032c                thatHand
                0x000000000080032d                thisHand
 COMMON         0x000000000080032e        0x1 .build/obj_sofle_rev1_default/quantum/split_common/transactions.o
                0x000000000080032e                dummy
 COMMON         0x000000000080032f      0x208 .build/obj_sofle_rev1_default/ssd1306_sh1106.o
                0x000000000080032f                oled_buffer
                0x000000000080052f                oled_update_timeout
                0x0000000000800531                oled_timeout
                0x0000000000800535                oled_cursor
 COMMON         0x0000000000800537        0x4 .build/obj_sofle_rev1_default/common/sync_timer.o
                0x0000000000800537                sync_timer_ms
 COMMON         0x000000000080053b        0x4 .build/obj_sofle_rev1_default/common/avr/timer.o
                0x000000000080053b                timer_count
 COMMON         0x000000000080053f        0x3 .build/obj_sofle_rev1_default/lib/lufa/LUFA/Drivers/USB/Core/DeviceStandardReq.o
                0x000000000080053f                USB_Device_ConfigurationNumber
                0x0000000000800540                USB_Device_CurrentlySelfPowered
                0x0000000000800541                USB_Device_RemoteWakeupEnabled
 COMMON         0x0000000000800542        0xa .build/obj_sofle_rev1_default/lib/lufa/LUFA/Drivers/USB/Core/USBTask.o
                0x0000000000800542                USB_IsInitialized
                0x0000000000800543                USB_DeviceState
                0x0000000000800544                USB_ControlRequest
                0x000000000080054c                PROVIDE (__bss_end = .)
                0x0000000000006538                __data_load_start = LOADADDR (.data)
                0x0000000000006638                __data_load_end = (__data_load_start + SIZEOF (.data))

.noinit         0x000000000080054c        0x4
                [!provide]                        PROVIDE (__noinit_start = .)
 *(.noinit .noinit.* .gnu.linkonce.n.*)
 .noinit        0x000000000080054c        0x4 .build/obj_sofle_rev1_default/common/avr/bootloader.o
                0x000000000080054c                reset_key
                [!provide]                        PROVIDE (__noinit_end = .)
                0x0000000000800550                _end = .
                [!provide]                        PROVIDE (__heap_start = .)

.eeprom         0x0000000000810000        0x0
 *(.eeprom*)
                0x0000000000810000                __eeprom_end = .

.fuse
 *(.fuse)
 *(.lfuse)
 *(.hfuse)
 *(.efuse)

.lock
 *(.lock*)

.signature
 *(.signature*)

.stab           0x0000000000000000      0x8b8
 *(.stab)
 .stab          0x0000000000000000      0x8b8 .build/obj_sofle_rev1_default/common/avr/xprintf.o

.stabstr        0x0000000000000000       0x6d
 *(.stabstr)
 .stabstr       0x0000000000000000       0x6d .build/obj_sofle_rev1_default/common/avr/xprintf.o

.stab.excl
 *(.stab.excl)

.stab.exclstr
 *(.stab.exclstr)

.stab.index
 *(.stab.index)

.stab.indexstr
 *(.stab.indexstr)

.comment        0x0000000000000000       0x12
 *(.comment)
 .comment       0x0000000000000000       0x12 .build/obj_sofle_rev1_default/keyboards/sofle/sofle.o
                                         0x13 (size before relaxing)
 .comment       0x0000000000000012       0x13 .build/obj_sofle_rev1_default/keyboards/sofle/keymaps/default/keymap.o
 .comment       0x0000000000000012       0x13 .build/obj_sofle_rev1_default/quantum/quantum.o
 .comment       0x0000000000000012       0x13 .build/obj_sofle_rev1_default/quantum/bitwise.o
 .comment       0x0000000000000012       0x13 .build/obj_sofle_rev1_default/quantum/led.o
 .comment       0x0000000000000012       0x13 .build/obj_sofle_rev1_default/quantum/action.o
 .comment       0x0000000000000012       0x13 .build/obj_sofle_rev1_default/quantum/action_layer.o