Archive member included to satisfy reference by file (symbol)

.build/obj_sofle_rev1_official/i2c_master.a(i2c_master.o)
                              .build/obj_sofle_rev1_official/ssd1306_sh1106.o (i2c_init)
.build/obj_sofle_rev1_official/serial.a(serial.o)
                              .build/obj_sofle_rev1_official/quantum/split_common/transport.o (soft_serial_initiator_init)
/usr/lib/gcc/avr/11.2.0/../../../../avr/lib/avr5/libm.a(fixunssfsi.o)
                              .build/obj_sofle_rev1_official/common/host.o (__fixunssfsi)
/usr/lib/gcc/avr/11.2.0/../../../../avr/lib/avr5/libm.a(fp_split3.o)
                              /usr/lib/gcc/avr/11.2.0/../../../../avr/lib/avr5/libm.a(fixunssfsi.o) (__fp_splitA)
/usr/lib/gcc/avr/11.2.0/../../../../avr/lib/avr5/libm.a(fp_zero.o)
                              /usr/lib/gcc/avr/11.2.0/../../../../avr/lib/avr5/libm.a(fixunssfsi.o) (__fp_zero)
/usr/lib/gcc/avr/11.2.0/../../../../avr/lib/avr5/libm.a(mulsf3.o)
                              .build/obj_sofle_rev1_official/common/host.o (__mulsf3)
/usr/lib/gcc/avr/11.2.0/../../../../avr/lib/avr5/libm.a(mulsf3x.o)
                              /usr/lib/gcc/avr/11.2.0/../../../../avr/lib/avr5/libm.a(mulsf3.o) (__mulsf3x)
/usr/lib/gcc/avr/11.2.0/../../../../avr/lib/avr5/libm.a(fp_inf.o)
                              /usr/lib/gcc/avr/11.2.0/../../../../avr/lib/avr5/libm.a(mulsf3x.o) (__fp_inf)
/usr/lib/gcc/avr/11.2.0/../../../../avr/lib/avr5/libm.a(fp_nan.o)
                              /usr/lib/gcc/avr/11.2.0/../../../../avr/lib/avr5/libm.a(mulsf3x.o) (__fp_nan)
/usr/lib/gcc/avr/11.2.0/../../../../avr/lib/avr5/libm.a(fp_pscA.o)
                              /usr/lib/gcc/avr/11.2.0/../../../../avr/lib/avr5/libm.a(mulsf3x.o) (__fp_pscA)
/usr/lib/gcc/avr/11.2.0/../../../../avr/lib/avr5/libm.a(fp_pscB.o)
                              /usr/lib/gcc/avr/11.2.0/../../../../avr/lib/avr5/libm.a(mulsf3x.o) (__fp_pscB)
/usr/lib/gcc/avr/11.2.0/../../../../avr/lib/avr5/libm.a(fp_round.o)
                              /usr/lib/gcc/avr/11.2.0/../../../../avr/lib/avr5/libm.a(mulsf3.o) (__fp_round)
/usr/lib/gcc/avr/11.2.0/avr5/libgcc.a(_udivmodqi4.o)
                              .build/obj_sofle_rev1_official/ssd1306_sh1106.o (__udivmodqi4)
/usr/lib/gcc/avr/11.2.0/avr5/libgcc.a(_udivmodhi4.o)
                              .build/obj_sofle_rev1_official/ssd1306_sh1106.o (__udivmodhi4)
/usr/lib/gcc/avr/11.2.0/avr5/libgcc.a(_divmodhi4.o)
                              .build/obj_sofle_rev1_official/quantum/encoder.o (__divmodhi4)
/usr/lib/gcc/avr/11.2.0/avr5/libgcc.a(_exit.o)
                              /usr/lib/gcc/avr/11.2.0/../../../../avr/lib/avr5/crtatmega32u4.o (exit)
/usr/lib/gcc/avr/11.2.0/avr5/libgcc.a(_tablejump2.o)
                              .build/obj_sofle_rev1_official/quantum/action.o (__tablejump2__)
/usr/lib/gcc/avr/11.2.0/avr5/libgcc.a(_copy_data.o)
                              .build/obj_sofle_rev1_official/quantum/action_util.o (__do_copy_data)
/usr/lib/gcc/avr/11.2.0/avr5/libgcc.a(_clear_bss.o)
                              .build/obj_sofle_rev1_official/quantum/action.o (__do_clear_bss)
/usr/lib/gcc/avr/11.2.0/avr5/libgcc.a(_popcounthi2.o)
                              .build/obj_sofle_rev1_official/quantum/bitwise.o (__popcounthi2)
/usr/lib/gcc/avr/11.2.0/avr5/libgcc.a(_popcountsi2.o)
                              .build/obj_sofle_rev1_official/quantum/bitwise.o (__popcountsi2)
/usr/lib/gcc/avr/11.2.0/avr5/libgcc.a(_popcountqi2.o)
                              /usr/lib/gcc/avr/11.2.0/avr5/libgcc.a(_popcounthi2.o) (__popcountqi2)
/usr/lib/gcc/avr/11.2.0/../../../../avr/lib/avr5/libc.a(memcpy_P.o)
                              .build/obj_sofle_rev1_official/ssd1306_sh1106.o (memcpy_P)
/usr/lib/gcc/avr/11.2.0/../../../../avr/lib/avr5/libc.a(memcmp.o)
                              .build/obj_sofle_rev1_official/quantum/matrix.o (memcmp)
/usr/lib/gcc/avr/11.2.0/../../../../avr/lib/avr5/libc.a(memcpy.o)
                              .build/obj_sofle_rev1_official/quantum/split_common/transport.o (memcpy)
/usr/lib/gcc/avr/11.2.0/../../../../avr/lib/avr5/libc.a(memmove.o)
                              .build/obj_sofle_rev1_official/ssd1306_sh1106.o (memmove)
/usr/lib/gcc/avr/11.2.0/../../../../avr/lib/avr5/libatmega32u4.a(eerd_byte.o)
                              .build/obj_sofle_rev1_official/quantum/eeconfig.o (eeprom_read_byte)
/usr/lib/gcc/avr/11.2.0/../../../../avr/lib/avr5/libatmega32u4.a(eerd_dword.o)
                              .build/obj_sofle_rev1_official/quantum/eeconfig.o (eeprom_read_dword)
/usr/lib/gcc/avr/11.2.0/../../../../avr/lib/avr5/libatmega32u4.a(eerd_word.o)
                              .build/obj_sofle_rev1_official/quantum/eeconfig.o (eeprom_read_word)
/usr/lib/gcc/avr/11.2.0/../../../../avr/lib/avr5/libatmega32u4.a(eeupd_byte.o)
                              .build/obj_sofle_rev1_official/quantum/eeconfig.o (eeprom_update_byte)
[...]
Memory Configuration

Name             Origin             Length             Attributes
text             0x0000000000000000 0x0000000000020000 xr
data             0x0000000000800060 0x000000000000ffa0 rw !x
eeprom           0x0000000000810000 0x0000000000010000 rw !x
fuse             0x0000000000820000 0x0000000000000400 rw !x
lock             0x0000000000830000 0x0000000000000400 rw !x
signature        0x0000000000840000 0x0000000000000400 rw !x
user_signatures  0x0000000000850000 0x0000000000000400 rw !x
*default*        0x0000000000000000 0xffffffffffffffff

Linker script and memory map

Address of section .data set to 0x800100
LOAD /usr/lib/gcc/avr/11.2.0/../../../../avr/lib/avr5/crtatmega32u4.o
LOAD .build/obj_sofle_rev1_official/keyboards/sofle/sofle.o
LOAD .build/obj_sofle_rev1_official/keyboards/sofle/rev1/rev1.o
LOAD .build/obj_sofle_rev1_official/.build/obj_sofle_rev1_official/src/keymap.o
LOAD .build/obj_sofle_rev1_official/quantum/quantum.o
LOAD .build/obj_sofle_rev1_official/quantum/send_string.o
LOAD .build/obj_sofle_rev1_official/quantum/bitwise.o
LOAD .build/obj_sofle_rev1_official/quantum/led.o
LOAD .build/obj_sofle_rev1_official/quantum/action.o
LOAD .build/obj_sofle_rev1_official/quantum/action_layer.o
LOAD .build/obj_sofle_rev1_official/quantum/action_macro.o
LOAD .build/obj_sofle_rev1_official/quantum/action_tapping.o
LOAD .build/obj_sofle_rev1_official/quantum/action_util.o
LOAD .build/obj_sofle_rev1_official/quantum/eeconfig.o
LOAD .build/obj_sofle_rev1_official/quantum/keyboard.o
LOAD .build/obj_sofle_rev1_official/quantum/keymap_common.o
LOAD .build/obj_sofle_rev1_official/quantum/keycode_config.o
LOAD .build/obj_sofle_rev1_official/quantum/logging/debug.o
LOAD .build/obj_sofle_rev1_official/quantum/logging/sendchar.o
LOAD .build/obj_sofle_rev1_official/quantum/bootmagic/magic.o
LOAD .build/obj_sofle_rev1_official/quantum/matrix_common.o
LOAD .build/obj_sofle_rev1_official/quantum/matrix.o
LOAD .build/obj_sofle_rev1_official/quantum/debounce/sym_defer_g.o
LOAD .build/obj_sofle_rev1_official/quantum/split_common/split_util.o
LOAD .build/obj_sofle_rev1_official/quantum/split_common/transport.o
LOAD .build/obj_sofle_rev1_official/quantum/split_common/transactions.o
LOAD .build/obj_sofle_rev1_official/quantum/main.o
LOAD .build/obj_sofle_rev1_official/quantum/encoder.o
LOAD .build/obj_sofle_rev1_official/crc.o
LOAD .build/obj_sofle_rev1_official/ssd1306_sh1106.o
LOAD .build/obj_sofle_rev1_official/quantum/process_keycode/process_space_cadet.o
LOAD .build/obj_sofle_rev1_official/quantum/process_keycode/process_magic.o
LOAD .build/obj_sofle_rev1_official/quantum/process_keycode/process_grave_esc.o
LOAD .build/obj_sofle_rev1_official/i2c_master.a
LOAD .build/obj_sofle_rev1_official/i2c_slave.a
LOAD .build/obj_sofle_rev1_official/serial.a
LOAD .build/obj_sofle_rev1_official/common/host.o
LOAD .build/obj_sofle_rev1_official/common/report.o
LOAD .build/obj_sofle_rev1_official/common/sync_timer.o
LOAD .build/obj_sofle_rev1_official/common/usb_util.o
LOAD .build/obj_sofle_rev1_official/common/avr/platform.o
LOAD .build/obj_sofle_rev1_official/common/avr/suspend.o
LOAD .build/obj_sofle_rev1_official/common/avr/timer.o
LOAD .build/obj_sofle_rev1_official/common/avr/bootloader.o
LOAD .build/obj_sofle_rev1_official/common/avr/xprintf.o
LOAD .build/obj_sofle_rev1_official/common/avr/printf.o
LOAD .build/obj_sofle_rev1_official/lufa.o
LOAD .build/obj_sofle_rev1_official/usb_descriptor.o
LOAD .build/obj_sofle_rev1_official/lib/lufa/LUFA/Drivers/USB/Class/Common/HIDParser.o
LOAD .build/obj_sofle_rev1_official/lib/lufa/LUFA/Drivers/USB/Core/AVR8/Device_AVR8.o
LOAD .build/obj_sofle_rev1_official/lib/lufa/LUFA/Drivers/USB/Core/AVR8/EndpointStream_AVR8.o
LOAD .build/obj_sofle_rev1_official/lib/lufa/LUFA/Drivers/USB/Core/AVR8/Endpoint_AVR8.o
LOAD .build/obj_sofle_rev1_official/lib/lufa/LUFA/Drivers/USB/Core/AVR8/Host_AVR8.o
LOAD .build/obj_sofle_rev1_official/lib/lufa/LUFA/Drivers/USB/Core/AVR8/PipeStream_AVR8.o
LOAD .build/obj_sofle_rev1_official/lib/lufa/LUFA/Drivers/USB/Core/AVR8/Pipe_AVR8.o
LOAD .build/obj_sofle_rev1_official/lib/lufa/LUFA/Drivers/USB/Core/AVR8/USBController_AVR8.o
LOAD .build/obj_sofle_rev1_official/lib/lufa/LUFA/Drivers/USB/Core/AVR8/USBInterrupt_AVR8.o
LOAD .build/obj_sofle_rev1_official/lib/lufa/LUFA/Drivers/USB/Core/ConfigDescriptors.o
LOAD .build/obj_sofle_rev1_official/lib/lufa/LUFA/Drivers/USB/Core/DeviceStandardReq.o
LOAD .build/obj_sofle_rev1_official/lib/lufa/LUFA/Drivers/USB/Core/Events.o
LOAD .build/obj_sofle_rev1_official/lib/lufa/LUFA/Drivers/USB/Core/HostStandardReq.o
LOAD .build/obj_sofle_rev1_official/lib/lufa/LUFA/Drivers/USB/Core/USBTask.o
LOAD .build/obj_sofle_rev1_official/protocol/lufa/usb_util.o
LOAD /usr/lib/gcc/avr/11.2.0/../../../../avr/lib/avr5/libm.a
START GROUP
LOAD /usr/lib/gcc/avr/11.2.0/avr5/libgcc.a
LOAD /usr/lib/gcc/avr/11.2.0/../../../../avr/lib/avr5/libm.a
LOAD /usr/lib/gcc/avr/11.2.0/../../../../avr/lib/avr5/libc.a
LOAD /usr/lib/gcc/avr/11.2.0/../../../../avr/lib/avr5/libatmega32u4.a
END GROUP
                0x0000000000020000                __TEXT_REGION_LENGTH__ = DEFINED (__TEXT_REGION_LENGTH__)?__TEXT_REGION_LENGTH__:0x20000
                0x000000000000ffa0                __DATA_REGION_LENGTH__ = DEFINED (__DATA_REGION_LENGTH__)?__DATA_REGION_LENGTH__:0xffa0
                0x0000000000010000                __EEPROM_REGION_LENGTH__ = DEFINED (__EEPROM_REGION_LENGTH__)?__EEPROM_REGION_LENGTH__:0x10000
                0x0000000000000400                __FUSE_REGION_LENGTH__ = DEFINED (__FUSE_REGION_LENGTH__)?__FUSE_REGION_LENGTH__:0x400
                0x0000000000000400                __LOCK_REGION_LENGTH__ = DEFINED (__LOCK_REGION_LENGTH__)?__LOCK_REGION_LENGTH__:0x400
                0x0000000000000400                __SIGNATURE_REGION_LENGTH__ = DEFINED (__SIGNATURE_REGION_LENGTH__)?__SIGNATURE_REGION_LENGTH__:0x400
                0x0000000000000400                __USER_SIGNATURE_REGION_LENGTH__ = DEFINED (__USER_SIGNATURE_REGION_LENGTH__)?__USER_SIGNATURE_REGION_LENGTH__:0x400

.hash
 *(.hash)

.dynsym
 *(.dynsym)

.dynstr
 *(.dynstr)

.gnu.version
 *(.gnu.version)

.gnu.version_d
 *(.gnu.version_d)

.gnu.version_r
 *(.gnu.version_r)

.rel.init
 *(.rel.init)

.rela.init
 *(.rela.init)

.rel.text
 *(.rel.text)
 *(.rel.text.*)
 *(.rel.gnu.linkonce.t*)

.rela.text
 *(.rela.text)
 *(.rela.text.*)
 *(.rela.gnu.linkonce.t*)

.rel.fini
 *(.rel.fini)

.rela.fini
 *(.rela.fini)

.rel.rodata
 *(.rel.rodata)
 *(.rel.rodata.*)
 *(.rel.gnu.linkonce.r*)

.rela.rodata
 *(.rela.rodata)
 *(.rela.rodata.*)
 *(.rela.gnu.linkonce.r*)

.rel.data
 *(.rel.data)
 *(.rel.data.*)
 *(.rel.gnu.linkonce.d*)

.rela.data
 *(.rela.data)
 *(.rela.data.*)
 *(.rela.gnu.linkonce.d*)

.rel.ctors
 *(.rel.ctors)

.rela.ctors
 *(.rela.ctors)

.rel.dtors
 *(.rel.dtors)

.rela.dtors
 *(.rela.dtors)

.rel.got
 *(.rel.got)

.rela.got
 *(.rela.got)

.rel.bss
 *(.rel.bss)

.rela.bss
 *(.rela.bss)

.rel.plt
 *(.rel.plt)

.rela.plt
 *(.rela.plt)

.text           0x0000000000000000     0x50e4
 *(.vectors)
 .vectors       0x0000000000000000       0xac /usr/lib/gcc/avr/11.2.0/../../../../avr/lib/avr5/crtatmega32u4.o
                0x0000000000000000                __vectors
                0x0000000000000000                __vector_default
 *(.vectors)
 *(.progmem.gcc*)
                0x00000000000000ac                . = ALIGN (0x2)
                0x00000000000000ac                __trampolines_start = .
 *(.trampolines)
 .trampolines   0x00000000000000ac        0x0 linker stubs
 *(.trampolines*)
                0x00000000000000ac                __trampolines_end = .
 *libprintf_flt.a:*(.progmem.data)
 *libc.a:*(.progmem.data)
 *(.progmem.*)
 .progmem.data.hand_swap_config
                0x00000000000000ac       0x78 .build/obj_sofle_rev1_official/keyboards/sofle/sofle.o
                0x00000000000000ac                hand_swap_config
 .progmem.data.keymaps
                0x0000000000000124      0x2d0 .build/obj_sofle_rev1_official/.build/obj_sofle_rev1_official/src/keymap.o
                0x0000000000000124                keymaps
 .progmem.data.display_off.4
                0x00000000000003f4        0x2 .build/obj_sofle_rev1_official/ssd1306_sh1106.o
 .progmem.data.display_on.5
                0x00000000000003f6        0x2 .build/obj_sofle_rev1_official/ssd1306_sh1106.o
 .progmem.data.display_setup2.11
                0x00000000000003f8        0xd .build/obj_sofle_rev1_official/ssd1306_sh1106.o
 .progmem.data.display_flipped.12
                0x0000000000000405        0x3 .build/obj_sofle_rev1_official/ssd1306_sh1106.o
 .progmem.data.display_normal.13
                0x0000000000000408        0x3 .build/obj_sofle_rev1_official/ssd1306_sh1106.o
 .progmem.data.display_setup1.14
                0x000000000000040b        0xd .build/obj_sofle_rev1_official/ssd1306_sh1106.o
 .progmem.data.ProductString
                0x0000000000000418        0xe .build/obj_sofle_rev1_official/usb_descriptor.o
                0x0000000000000418                ProductString
 .progmem.data.ManufacturerString
                0x0000000000000426       0x1c .build/obj_sofle_rev1_official/usb_descriptor.o
                0x0000000000000426                ManufacturerString
 .progmem.data.LanguageString
                0x0000000000000442        0x4 .build/obj_sofle_rev1_official/usb_descriptor.o
                0x0000000000000442                LanguageString
 .progmem.data.ConfigurationDescriptor
                0x0000000000000446       0x22 .build/obj_sofle_rev1_official/usb_descriptor.o
                0x0000000000000446                ConfigurationDescriptor
 .progmem.data.DeviceDescriptor
                0x0000000000000468       0x12 .build/obj_sofle_rev1_official/usb_descriptor.o
                0x0000000000000468                DeviceDescriptor
 .progmem.data.KeyboardReport
                0x000000000000047a       0x40 .build/obj_sofle_rev1_official/usb_descriptor.o
                0x000000000000047a                KeyboardReport
                0x00000000000004ba                . = ALIGN (0x2)
 *(.lowtext)
 *(.lowtext*)
                0x00000000000004ba                __ctors_start = .
 *(.ctors)
                0x00000000000004ba                __ctors_end = .
                0x00000000000004ba                __dtors_start = .
 *(.dtors)
                0x00000000000004ba                __dtors_end = .
 SORT_BY_NAME(*)(.ctors)
 SORT_BY_NAME(*)(.dtors)
 *(.init0)
 .init0         0x00000000000004ba        0x0 /usr/lib/gcc/avr/11.2.0/../../../../avr/lib/avr5/crtatmega32u4.o
                0x00000000000004ba                __init
 *(.init0)
 *(.init1)
 *(.init1)
 *(.init2)
 .init2         0x00000000000004ba        0xc /usr/lib/gcc/avr/11.2.0/../../../../avr/lib/avr5/crtatmega32u4.o
 *(.init2)
 *(.init3)
 .init3         0x00000000000004c6       0x54 .build/obj_sofle_rev1_official/common/avr/bootloader.o
                0x00000000000004c6                bootloader_jump_after_watchdog_reset
 *(.init3)
 *(.init4)
 .init4         0x000000000000051a       0x16 /usr/lib/gcc/avr/11.2.0/avr5/libgcc.a(_copy_data.o)
                0x000000000000051a                __do_copy_data
 .init4         0x0000000000000530       0x10 /usr/lib/gcc/avr/11.2.0/avr5/libgcc.a(_clear_bss.o)
                0x0000000000000530                __do_clear_bss
 *(.init4)
 *(.init5)
 *(.init5)
 *(.init6)
 *(.init6)
 *(.init7)
 *(.init7)
 *(.init8)
 *(.init8)
 *(.init9)
 .init9         0x0000000000000540        0x8 /usr/lib/gcc/avr/11.2.0/../../../../avr/lib/avr5/crtatmega32u4.o
 *(.init9)
 *(.text)
 .text          0x0000000000000548        0x4 /usr/lib/gcc/avr/11.2.0/../../../../avr/lib/avr5/crtatmega32u4.o
                0x0000000000000548                __vector_38
                0x0000000000000548                __vector_22
                0x0000000000000548                __vector_28
                0x0000000000000548                __vector_1
                0x0000000000000548                __vector_32
                0x0000000000000548                __vector_34
                0x0000000000000548                __vector_24
                0x0000000000000548                __bad_interrupt
                0x0000000000000548                __vector_6
                0x0000000000000548                __vector_31
                0x0000000000000548                __vector_35
                0x0000000000000548                __vector_39
                0x0000000000000548                __vector_23
                0x0000000000000548                __vector_30
                0x0000000000000548                __vector_25
                0x0000000000000548                __vector_13
                0x0000000000000548                __vector_17
                0x0000000000000548                __vector_19
                0x0000000000000548                __vector_7
                0x0000000000000548                __vector_41
                0x0000000000000548                __vector_27
                0x0000000000000548                __vector_5
                0x0000000000000548                __vector_33
                0x0000000000000548                __vector_37
                0x0000000000000548                __vector_4
                0x0000000000000548                __vector_9
                0x0000000000000548                __vector_2
                0x0000000000000548                __vector_15
                0x0000000000000548                __vector_36
                0x0000000000000548                __vector_29
                0x0000000000000548                __vector_40
                0x0000000000000548                __vector_8
                0x0000000000000548                __vector_26
                0x0000000000000548                __vector_14
                0x0000000000000548                __vector_16
                0x0000000000000548                __vector_18
                0x0000000000000548                __vector_20
                0x0000000000000548                __vector_42
                0x000000000000054c                . = ALIGN (0x2)
 *(.text.*)
 .text.process_action_kb
                0x000000000000054c        0x4 .build/obj_sofle_rev1_official/quantum/quantum.o
                0x000000000000054c                process_action_kb
 .text.process_record_user
                0x0000000000000550        0x4 .build/obj_sofle_rev1_official/quantum/quantum.o
                0x0000000000000550                process_record_user
 .text.process_record_kb
                0x0000000000000554        0x4 .build/obj_sofle_rev1_official/quantum/quantum.o
                0x0000000000000554                process_record_kb
 .text.post_process_record_user
                0x0000000000000558        0x2 .build/obj_sofle_rev1_official/quantum/quantum.o
                0x0000000000000558                post_process_record_user
 .text.post_process_record_kb
                0x000000000000055a        0x4 .build/obj_sofle_rev1_official/quantum/quantum.o
                0x000000000000055a                post_process_record_kb
 .text.get_event_keycode
                0x000000000000055e       0x66 .build/obj_sofle_rev1_official/quantum/quantum.o
                0x000000000000055e                get_event_keycode
 .text.get_record_keycode
                0x00000000000005c4       0x12 .build/obj_sofle_rev1_official/quantum/quantum.o
                0x00000000000005c4                get_record_keycode
 .text.pre_process_record_quantum
                0x00000000000005d6        0x4 .build/obj_sofle_rev1_official/quantum/quantum.o
                0x00000000000005d6                pre_process_record_quantum
 .text.post_process_record_quantum
                0x00000000000005da       0x1a .build/obj_sofle_rev1_official/quantum/quantum.o
                0x00000000000005da                post_process_record_quantum
 .text.matrix_init_quantum
                0x00000000000005f4        0xc .build/obj_sofle_rev1_official/quantum/quantum.o
                0x00000000000005f4                matrix_init_quantum
 .text.matrix_scan_quantum
                0x0000000000000600        0x4 .build/obj_sofle_rev1_official/quantum/quantum.o
                0x0000000000000600                matrix_scan_quantum
 .text.shutdown_user
                0x0000000000000604        0x2 .build/obj_sofle_rev1_official/quantum/quantum.o
                0x0000000000000604                shutdown_user
 .text.reset_keyboard
                0x0000000000000606       0x1e .build/obj_sofle_rev1_official/quantum/quantum.o
                0x0000000000000606                reset_keyboard
 .text.process_record_quantum
                0x0000000000000624       0xa4 .build/obj_sofle_rev1_official/quantum/quantum.o
                0x0000000000000624                process_record_quantum
 .text.led_set_user
                0x00000000000006c8        0x2 .build/obj_sofle_rev1_official/quantum/led.o
                0x00000000000006c8                led_set_user
 .text.led_set_kb
                0x00000000000006ca        0x4 .build/obj_sofle_rev1_official/quantum/led.o
                0x00000000000006ca                led_set_kb
 .text.led_update_user
                0x00000000000006ce        0x4 .build/obj_sofle_rev1_official/quantum/led.o
                0x00000000000006ce                led_update_user
 .text.led_update_kb
                0x00000000000006d2        0x4 .build/obj_sofle_rev1_official/quantum/led.o
                0x00000000000006d2                led_update_kb
 .text.led_init_ports
                0x00000000000006d6        0x2 .build/obj_sofle_rev1_official/quantum/led.o
                0x00000000000006d6                led_init_ports
 .text.led_set  0x00000000000006d8       0x10 .build/obj_sofle_rev1_official/quantum/led.o
                0x00000000000006d8                led_set
 .text.process_hand_swap
                0x00000000000006e8       0x6a .build/obj_sofle_rev1_official/quantum/action.o
                0x00000000000006e8                process_hand_swap
 .text.action_exec
                0x0000000000000752       0xa6 .build/obj_sofle_rev1_official/quantum/action.o
                0x0000000000000752                action_exec
 .text.process_record_tap_hint
                0x00000000000007f8       0x28 .build/obj_sofle_rev1_official/quantum/action.o
                0x00000000000007f8                process_record_tap_hint
 .text.register_code
                0x0000000000000820       0x56 .build/obj_sofle_rev1_official/quantum/action.o
                0x0000000000000820                register_code
 .text.unregister_code
                0x0000000000000876       0x50 .build/obj_sofle_rev1_official/quantum/action.o
                0x0000000000000876                unregister_code
 .text.tap_code_delay
                0x00000000000008c6       0x2e .build/obj_sofle_rev1_official/quantum/action.o
                0x00000000000008c6                tap_code_delay
 .text.tap_code
                0x00000000000008f4       0x10 .build/obj_sofle_rev1_official/quantum/action.o
                0x00000000000008f4                tap_code
 .text.register_mods
                0x0000000000000904        0xe .build/obj_sofle_rev1_official/quantum/action.o
                0x0000000000000904                register_mods
 .text.unregister_mods
                0x0000000000000912        0xe .build/obj_sofle_rev1_official/quantum/action.o
                0x0000000000000912                unregister_mods
 .text.process_action
                0x0000000000000920      0x5e0 .build/obj_sofle_rev1_official/quantum/action.o
                0x0000000000000920                process_action
 .text.process_record_handler
                0x0000000000000f00       0x2e .build/obj_sofle_rev1_official/quantum/action.o
                0x0000000000000f00                process_record_handler
 .text.process_record
                0x0000000000000f2e       0x50 .build/obj_sofle_rev1_official/quantum/action.o
                0x0000000000000f2e                process_record
 .text.clear_keyboard_but_mods_and_keys
                0x0000000000000f7e        0xc .build/obj_sofle_rev1_official/quantum/action.o
                0x0000000000000f7e                clear_keyboard_but_mods_and_keys
 .text.clear_keyboard_but_mods
                0x0000000000000f8a        0x8 .build/obj_sofle_rev1_official/quantum/action.o
                0x0000000000000f8a                clear_keyboard_but_mods
 .text.clear_keyboard
                0x0000000000000f92        0x8 .build/obj_sofle_rev1_official/quantum/action.o
                0x0000000000000f92                clear_keyboard
 .text.is_tap_action
                0x0000000000000f9a       0x52 .build/obj_sofle_rev1_official/quantum/action.o
                0x0000000000000f9a                is_tap_action
 .text.is_tap_record
                0x0000000000000fec        0xe .build/obj_sofle_rev1_official/quantum/action.o
                0x0000000000000fec                is_tap_record
 .text.debug_event
                0x0000000000000ffa       0x1e .build/obj_sofle_rev1_official/quantum/action.o
                0x0000000000000ffa                debug_event
 .text.debug_record
                0x0000000000001018       0x20 .build/obj_sofle_rev1_official/quantum/action.o
                0x0000000000001018                debug_record
 .text.default_layer_state_set_user
                0x0000000000001038        0x2 .build/obj_sofle_rev1_official/quantum/action_layer.o
                0x0000000000001038                default_layer_state_set_user
 .text.default_layer_state_set_kb
                0x000000000000103a        0x4 .build/obj_sofle_rev1_official/quantum/action_layer.o
                0x000000000000103a                default_layer_state_set_kb
 .text.default_layer_state_set
                0x000000000000103e       0x18 .build/obj_sofle_rev1_official/quantum/action_layer.o
 .text.default_layer_debug
                0x0000000000001056        0x2 .build/obj_sofle_rev1_official/quantum/action_layer.o
                0x0000000000001056                default_layer_debug
 .text.default_layer_set
                0x0000000000001058        0x4 .build/obj_sofle_rev1_official/quantum/action_layer.o
                0x0000000000001058                default_layer_set
 .text.default_layer_or
                0x000000000000105c       0x50 .build/obj_sofle_rev1_official/quantum/action_layer.o
                0x000000000000105c                default_layer_or
 .text.default_layer_and
                0x00000000000010ac       0x50 .build/obj_sofle_rev1_official/quantum/action_layer.o
                0x00000000000010ac                default_layer_and
 .text.default_layer_xor
                0x00000000000010fc       0x50 .build/obj_sofle_rev1_official/quantum/action_layer.o
                0x00000000000010fc                default_layer_xor
 .text.layer_state_set_user
                0x000000000000114c        0x4 .build/obj_sofle_rev1_official/quantum/action_layer.o
                0x000000000000114c                layer_state_set_user
 .text.layer_state_set_kb
                0x0000000000001150        0x4 .build/obj_sofle_rev1_official/quantum/action_layer.o
                0x0000000000001150                layer_state_set_kb
 .text.layer_state_set
                0x0000000000001154       0x18 .build/obj_sofle_rev1_official/quantum/action_layer.o
                0x0000000000001154                layer_state_set
 .text.layer_clear
                0x000000000000116c        0xa .build/obj_sofle_rev1_official/quantum/action_layer.o
                0x000000000000116c                layer_clear
 .text.layer_move
                0x0000000000001176       0x4a .build/obj_sofle_rev1_official/quantum/action_layer.o
                0x0000000000001176                layer_move
 .text.layer_on
                0x00000000000011c0       0x62 .build/obj_sofle_rev1_official/quantum/action_layer.o
                0x00000000000011c0                layer_on
 .text.layer_off
                0x0000000000001222       0x6a .build/obj_sofle_rev1_official/quantum/action_layer.o
                0x0000000000001222                layer_off
 .text.layer_invert
                0x000000000000128c       0x62 .build/obj_sofle_rev1_official/quantum/action_layer.o
                0x000000000000128c                layer_invert
 .text.layer_or
                0x00000000000012ee       0x50 .build/obj_sofle_rev1_official/quantum/action_layer.o
                0x00000000000012ee                layer_or
 .text.layer_and
                0x000000000000133e       0x50 .build/obj_sofle_rev1_official/quantum/action_layer.o
                0x000000000000133e                layer_and
 .text.layer_xor
                0x000000000000138e       0x50 .build/obj_sofle_rev1_official/quantum/action_layer.o
                0x000000000000138e                layer_xor
 .text.layer_debug
                0x00000000000013de        0x2 .build/obj_sofle_rev1_official/quantum/action_layer.o
                0x00000000000013de                layer_debug
 .text.update_source_layers_cache
                0x00000000000013e0       0x5c .build/obj_sofle_rev1_official/quantum/action_layer.o
                0x00000000000013e0                update_source_layers_cache
 .text.read_source_layers_cache
                0x000000000000143c       0x52 .build/obj_sofle_rev1_official/quantum/action_layer.o
                0x000000000000143c                read_source_layers_cache
 .text.layer_switch_get_layer
                0x000000000000148e       0x84 .build/obj_sofle_rev1_official/quantum/action_layer.o
                0x000000000000148e                layer_switch_get_layer
 .text.layer_switch_get_action
                0x0000000000001512       0x18 .build/obj_sofle_rev1_official/quantum/action_layer.o
                0x0000000000001512                layer_switch_get_action
 .text.store_or_get_action
                0x000000000000152a       0x54 .build/obj_sofle_rev1_official/quantum/action_layer.o
                0x000000000000152a                store_or_get_action
 .text.debug_waiting_buffer
                0x000000000000157e       0x42 .build/obj_sofle_rev1_official/quantum/action_tapping.o
 .text.debug_tapping_key
                0x00000000000015c0       0x1c .build/obj_sofle_rev1_official/quantum/action_tapping.o
 .text.waiting_buffer_scan_tap
                0x00000000000015dc       0xac .build/obj_sofle_rev1_official/quantum/action_tapping.o
 .text.process_tapping
                0x0000000000001688      0x31e .build/obj_sofle_rev1_official/quantum/action_tapping.o
 .text.action_tapping_process
                0x00000000000019a6      0x134 .build/obj_sofle_rev1_official/quantum/action_tapping.o
                0x00000000000019a6                action_tapping_process
 .text.add_key  0x0000000000001ada        0xe .build/obj_sofle_rev1_official/quantum/action_util.o
                0x0000000000001ada                add_key
 .text.del_key  0x0000000000001ae8        0xe .build/obj_sofle_rev1_official/quantum/action_util.o
                0x0000000000001ae8                del_key
 .text.clear_keys
                0x0000000000001af6        0xc .build/obj_sofle_rev1_official/quantum/action_util.o
                0x0000000000001af6                clear_keys
 .text.get_oneshot_layer
                0x0000000000001b02        0xc .build/obj_sofle_rev1_official/quantum/action_util.o
                0x0000000000001b02                get_oneshot_layer
 .text.get_oneshot_layer_state
                0x0000000000001b0e        0x8 .build/obj_sofle_rev1_official/quantum/action_util.o
                0x0000000000001b0e                get_oneshot_layer_state
 .text.set_oneshot_swaphands
                0x0000000000001b16        0xe .build/obj_sofle_rev1_official/quantum/action_util.o
                0x0000000000001b16                set_oneshot_swaphands
 .text.clear_oneshot_swaphands
                0x0000000000001b24        0xa .build/obj_sofle_rev1_official/quantum/action_util.o
                0x0000000000001b24                clear_oneshot_swaphands
 .text.release_oneshot_swaphands
                0x0000000000001b2e       0x1a .build/obj_sofle_rev1_official/quantum/action_util.o
                0x0000000000001b2e                release_oneshot_swaphands
 .text.use_oneshot_swaphands
                0x0000000000001b48       0x1a .build/obj_sofle_rev1_official/quantum/action_util.o
                0x0000000000001b48                use_oneshot_swaphands
 .text.is_oneshot_layer_active
                0x0000000000001b62        0xe .build/obj_sofle_rev1_official/quantum/action_util.o
                0x0000000000001b62                is_oneshot_layer_active
 .text.oneshot_set
                0x0000000000001b70       0x24 .build/obj_sofle_rev1_official/quantum/action_util.o
                0x0000000000001b70                oneshot_set
 .text.oneshot_toggle
                0x0000000000001b94       0x12 .build/obj_sofle_rev1_official/quantum/action_util.o
                0x0000000000001b94                oneshot_toggle
 .text.oneshot_enable
                0x0000000000001ba6        0x6 .build/obj_sofle_rev1_official/quantum/action_util.o
                0x0000000000001ba6                oneshot_enable
 .text.oneshot_disable
                0x0000000000001bac        0x6 .build/obj_sofle_rev1_official/quantum/action_util.o
                0x0000000000001bac                oneshot_disable
 .text.get_mods
                0x0000000000001bb2        0x6 .build/obj_sofle_rev1_official/quantum/action_util.o
                0x0000000000001bb2                get_mods
 .text.add_mods
                0x0000000000001bb8        0xc .build/obj_sofle_rev1_official/quantum/action_util.o
                0x0000000000001bb8                add_mods
 .text.del_mods
                0x0000000000001bc4       0x10 .build/obj_sofle_rev1_official/quantum/action_util.o
                0x0000000000001bc4                del_mods
 .text.clear_mods
                0x0000000000001bd4        0x6 .build/obj_sofle_rev1_official/quantum/action_util.o
                0x0000000000001bd4                clear_mods
 .text.add_weak_mods
                0x0000000000001bda        0xc .build/obj_sofle_rev1_official/quantum/action_util.o
                0x0000000000001bda                add_weak_mods
 .text.del_weak_mods
                0x0000000000001be6       0x10 .build/obj_sofle_rev1_official/quantum/action_util.o
                0x0000000000001be6                del_weak_mods
 .text.clear_weak_mods
                0x0000000000001bf6        0x6 .build/obj_sofle_rev1_official/quantum/action_util.o
                0x0000000000001bf6                clear_weak_mods
 .text.clear_macro_mods
                0x0000000000001bfc        0x6 .build/obj_sofle_rev1_official/quantum/action_util.o
                0x0000000000001bfc                clear_macro_mods
 .text.get_oneshot_mods
                0x0000000000001c02        0x6 .build/obj_sofle_rev1_official/quantum/action_util.o
                0x0000000000001c02                get_oneshot_mods
 .text.oneshot_mods_changed_user
                0x0000000000001c08        0x2 .build/obj_sofle_rev1_official/quantum/action_util.o
                0x0000000000001c08                oneshot_mods_changed_user
 .text.oneshot_mods_changed_kb
                0x0000000000001c0a        0x4 .build/obj_sofle_rev1_official/quantum/action_util.o
                0x0000000000001c0a                oneshot_mods_changed_kb
 .text.set_oneshot_mods
                0x0000000000001c0e       0x1a .build/obj_sofle_rev1_official/quantum/action_util.o
                0x0000000000001c0e                set_oneshot_mods
 .text.clear_oneshot_mods
                0x0000000000001c28       0x14 .build/obj_sofle_rev1_official/quantum/action_util.o
                0x0000000000001c28                clear_oneshot_mods
 .text.send_keyboard_report
                0x0000000000001c3c       0x66 .build/obj_sofle_rev1_official/quantum/action_util.o
                0x0000000000001c3c                send_keyboard_report
 .text.oneshot_layer_changed_user
                0x0000000000001ca2        0x2 .build/obj_sofle_rev1_official/quantum/action_util.o
                0x0000000000001ca2                oneshot_layer_changed_user
 .text.oneshot_layer_changed_kb
                0x0000000000001ca4        0x4 .build/obj_sofle_rev1_official/quantum/action_util.o
                0x0000000000001ca4                oneshot_layer_changed_kb
 .text.set_oneshot_layer
                0x0000000000001ca8       0x2c .build/obj_sofle_rev1_official/quantum/action_util.o
                0x0000000000001ca8                set_oneshot_layer
 .text.reset_oneshot_layer
                0x0000000000001cd4        0xa .build/obj_sofle_rev1_official/quantum/action_util.o
                0x0000000000001cd4                reset_oneshot_layer
 .text.clear_oneshot_layer_state
                0x0000000000001cde       0x38 .build/obj_sofle_rev1_official/quantum/action_util.o
                0x0000000000001cde                clear_oneshot_layer_state
 .text.eeconfig_is_enabled
                0x0000000000001d16       0x16 .build/obj_sofle_rev1_official/quantum/eeconfig.o
                0x0000000000001d16                eeconfig_is_enabled
 .text.eeconfig_read_debug
                0x0000000000001d2c        0x8 .build/obj_sofle_rev1_official/quantum/eeconfig.o
                0x0000000000001d2c                eeconfig_read_debug
 .text.eeconfig_read_default_layer
                0x0000000000001d34        0x8 .build/obj_sofle_rev1_official/quantum/eeconfig.o
                0x0000000000001d34                eeconfig_read_default_layer
 .text.eeconfig_read_keymap
                0x0000000000001d3c       0x1c .build/obj_sofle_rev1_official/quantum/eeconfig.o
                0x0000000000001d3c                eeconfig_read_keymap
 .text.eeconfig_update_keymap
                0x0000000000001d58       0x1a .build/obj_sofle_rev1_official/quantum/eeconfig.o
                0x0000000000001d58                eeconfig_update_keymap
 .text.eeconfig_update_kb
                0x0000000000001d72        0xc .build/obj_sofle_rev1_official/quantum/eeconfig.o
                0x0000000000001d72                eeconfig_update_kb
 .text.eeconfig_update_user
                0x0000000000001d7e        0xc .build/obj_sofle_rev1_official/quantum/eeconfig.o
                0x0000000000001d7e                eeconfig_update_user
 .text.eeconfig_init_user
                0x0000000000001d8a        0xa .build/obj_sofle_rev1_official/quantum/eeconfig.o
                0x0000000000001d8a                eeconfig_init_user
 .text.eeconfig_init_kb
                0x0000000000001d94        0xe .build/obj_sofle_rev1_official/quantum/eeconfig.o
                0x0000000000001d94                eeconfig_init_kb
 .text.eeconfig_init_quantum
                0x0000000000001da2       0xbe .build/obj_sofle_rev1_official/quantum/eeconfig.o
                0x0000000000001da2                eeconfig_init_quantum
 .text.eeconfig_init
                0x0000000000001e60        0x4 .build/obj_sofle_rev1_official/quantum/eeconfig.o
                0x0000000000001e60                eeconfig_init
 .text.eeconfig_update_handedness
                0x0000000000001e64        0xa .build/obj_sofle_rev1_official/quantum/eeconfig.o
                0x0000000000001e64                eeconfig_update_handedness
 .text.last_matrix_activity_trigger
                0x0000000000001e6e       0x26 .build/obj_sofle_rev1_official/quantum/keyboard.o
                0x0000000000001e6e                last_matrix_activity_trigger
 .text.last_encoder_activity_trigger
                0x0000000000001e94       0x26 .build/obj_sofle_rev1_official/quantum/keyboard.o
                0x0000000000001e94                last_encoder_activity_trigger
 .text.disable_jtag
                0x0000000000001eba        0xe .build/obj_sofle_rev1_official/quantum/keyboard.o
                0x0000000000001eba                disable_jtag
 .text.keyboard_pre_init_user
                0x0000000000001ec8        0x2 .build/obj_sofle_rev1_official/quantum/keyboard.o
                0x0000000000001ec8                keyboard_pre_init_user
 .text.matrix_setup
                0x0000000000001eca        0x2 .build/obj_sofle_rev1_official/quantum/keyboard.o
                0x0000000000001eca                matrix_setup
 .text.keyboard_pre_init_kb
                0x0000000000001ecc        0x4 .build/obj_sofle_rev1_official/quantum/keyboard.o
                0x0000000000001ecc                keyboard_pre_init_kb
 .text.keyboard_post_init_user
                0x0000000000001ed0        0x2 .build/obj_sofle_rev1_official/quantum/keyboard.o
                0x0000000000001ed0                keyboard_post_init_user
 .text.keyboard_post_init_kb
                0x0000000000001ed2        0x4 .build/obj_sofle_rev1_official/quantum/keyboard.o
                0x0000000000001ed2                keyboard_post_init_kb
 .text.keyboard_setup
                0x0000000000001ed6       0x14 .build/obj_sofle_rev1_official/quantum/keyboard.o
                0x0000000000001ed6                keyboard_setup
 .text.should_process_keypress
                0x0000000000001eea        0x4 .build/obj_sofle_rev1_official/quantum/keyboard.o
                0x0000000000001eea                should_process_keypress
 .text.housekeeping_task_kb
                0x0000000000001eee        0x2 .build/obj_sofle_rev1_official/quantum/keyboard.o
                0x0000000000001eee                housekeeping_task_kb
 .text.housekeeping_task_user
                0x0000000000001ef0        0x2 .build/obj_sofle_rev1_official/quantum/keyboard.o
                0x0000000000001ef0                housekeeping_task_user
 .text.housekeeping_task
                0x0000000000001ef2        0x8 .build/obj_sofle_rev1_official/quantum/keyboard.o
                0x0000000000001ef2                housekeeping_task
 .text.keyboard_init
                0x0000000000001efa       0x1e .build/obj_sofle_rev1_official/quantum/keyboard.o
                0x0000000000001efa                keyboard_init
 .text.keyboard_task
                0x0000000000001f18      0x150 .build/obj_sofle_rev1_official/quantum/keyboard.o
                0x0000000000001f18                keyboard_task
 .text.action_for_keycode
                0x0000000000002068      0x1c4 .build/obj_sofle_rev1_official/quantum/keymap_common.o
                0x0000000000002068                action_for_keycode
 .text.keymap_key_to_keycode
                0x000000000000222c       0x28 .build/obj_sofle_rev1_official/quantum/keymap_common.o
                0x000000000000222c                keymap_key_to_keycode
 .text.action_for_key
                0x0000000000002254        0x8 .build/obj_sofle_rev1_official/quantum/keymap_common.o
                0x0000000000002254                action_for_key
 .text.keycode_config
                0x000000000000225c      0x130 .build/obj_sofle_rev1_official/quantum/keycode_config.o
                0x000000000000225c                keycode_config
 .text.mod_config
                0x000000000000238c       0x86 .build/obj_sofle_rev1_official/quantum/keycode_config.o
                0x000000000000238c                mod_config
 .text.sendchar
                0x0000000000002412        0x4 .build/obj_sofle_rev1_official/quantum/logging/sendchar.o
                0x0000000000002412                sendchar
 .text.bootmagic
                0x0000000000002416        0x2 .build/obj_sofle_rev1_official/quantum/bootmagic/magic.o
                0x0000000000002416                bootmagic
 .text.magic    0x0000000000002418       0x70 .build/obj_sofle_rev1_official/quantum/bootmagic/magic.o
                0x0000000000002418                magic
 .text.matrix_init_user
                0x0000000000002488        0x2 .build/obj_sofle_rev1_official/quantum/matrix_common.o
                0x0000000000002488                matrix_init_user
 .text.matrix_init_kb
                0x000000000000248a        0x4 .build/obj_sofle_rev1_official/quantum/matrix_common.o
                0x000000000000248a                matrix_init_kb
 .text.matrix_scan_user
                0x000000000000248e        0x2 .build/obj_sofle_rev1_official/quantum/matrix_common.o
                0x000000000000248e                matrix_scan_user
 .text.matrix_scan_kb
                0x0000000000002490        0x4 .build/obj_sofle_rev1_official/quantum/matrix_common.o
                0x0000000000002490                matrix_scan_kb
 .text.matrix_get_row
                0x0000000000002494        0xc .build/obj_sofle_rev1_official/quantum/matrix_common.o
                0x0000000000002494                matrix_get_row
 .text.matrix_print
                0x00000000000024a0        0x2 .build/obj_sofle_rev1_official/quantum/matrix_common.o
                0x00000000000024a0                matrix_print
 .text.matrix_io_delay
                0x00000000000024a2        0x8 .build/obj_sofle_rev1_official/quantum/matrix_common.o
                0x00000000000024a2                matrix_io_delay
 .text.matrix_output_select_delay
                0x00000000000024aa        0x4 .build/obj_sofle_rev1_official/quantum/matrix_common.o
                0x00000000000024aa                matrix_output_select_delay
 .text.matrix_output_unselect_delay
                0x00000000000024ae        0x4 .build/obj_sofle_rev1_official/quantum/matrix_common.o
                0x00000000000024ae                matrix_output_unselect_delay
 .text.setPinInputHigh_atomic
                0x00000000000024b2       0x32 .build/obj_sofle_rev1_official/quantum/matrix.o
 .text.matrix_slave_scan_user
                0x00000000000024e4        0x2 .build/obj_sofle_rev1_official/quantum/matrix.o
                0x00000000000024e4                matrix_slave_scan_user
 .text.matrix_slave_scan_kb
                0x00000000000024e6        0x4 .build/obj_sofle_rev1_official/quantum/matrix.o
                0x00000000000024e6                matrix_slave_scan_kb
 .text.matrix_init_pins
                0x00000000000024ea       0x36 .build/obj_sofle_rev1_official/quantum/matrix.o
                0x00000000000024ea                matrix_init_pins
 .text.matrix_read_cols_on_row
                0x0000000000002520       0xd6 .build/obj_sofle_rev1_official/quantum/matrix.o
                0x0000000000002520                matrix_read_cols_on_row
 .text.matrix_init
                0x00000000000025f6       0x4c .build/obj_sofle_rev1_official/quantum/matrix.o
                0x00000000000025f6                matrix_init
 .text.matrix_post_scan
                0x0000000000002642       0xd2 .build/obj_sofle_rev1_official/quantum/matrix.o
                0x0000000000002642                matrix_post_scan
 .text.matrix_scan
                0x0000000000002714       0xb8 .build/obj_sofle_rev1_official/quantum/matrix.o
                0x0000000000002714                matrix_scan
 .text.debounce_init
                0x00000000000027cc        0x2 .build/obj_sofle_rev1_official/quantum/debounce/sym_defer_g.o
                0x00000000000027cc                debounce_init
 .text.debounce
                0x00000000000027ce       0x6c .build/obj_sofle_rev1_official/quantum/debounce/sym_defer_g.o
                0x00000000000027ce                debounce
 .text.is_keyboard_master
                0x000000000000283a       0x30 .build/obj_sofle_rev1_official/quantum/split_common/split_util.o
                0x000000000000283a                is_keyboard_master
 .text.is_keyboard_left
                0x000000000000286a        0x4 .build/obj_sofle_rev1_official/quantum/split_common/split_util.o
                0x000000000000286a                is_keyboard_left
 .text.split_pre_init
                0x000000000000286e       0x14 .build/obj_sofle_rev1_official/quantum/split_common/split_util.o
                0x000000000000286e                split_pre_init
 .text.split_post_init
                0x0000000000002882        0xe .build/obj_sofle_rev1_official/quantum/split_common/split_util.o
                0x0000000000002882                split_post_init
 .text.is_transport_connected
                0x0000000000002890        0xe .build/obj_sofle_rev1_official/quantum/split_common/split_util.o
                0x0000000000002890                is_transport_connected
 .text.transport_master_if_connected
                0x000000000000289e       0x70 .build/obj_sofle_rev1_official/quantum/split_common/split_util.o
                0x000000000000289e                transport_master_if_connected
 .text.transport_master_init
                0x000000000000290e        0x4 .build/obj_sofle_rev1_official/quantum/split_common/transport.o
                0x000000000000290e                transport_master_init
 .text.transport_slave_init
                0x0000000000002912        0x4 .build/obj_sofle_rev1_official/quantum/split_common/transport.o
                0x0000000000002912                transport_slave_init
 .text.transport_execute_transaction
                0x0000000000002916       0xb0 .build/obj_sofle_rev1_official/quantum/split_common/transport.o
                0x0000000000002916                transport_execute_transaction
 .text.transport_master
                0x00000000000029c6        0x4 .build/obj_sofle_rev1_official/quantum/split_common/transport.o
                0x00000000000029c6                transport_master
 .text.transport_slave
                0x00000000000029ca        0x4 .build/obj_sofle_rev1_official/quantum/split_common/transport.o
                0x00000000000029ca                transport_slave
 .text.sync_timer_handlers_master
                0x00000000000029ce       0x9c .build/obj_sofle_rev1_official/quantum/split_common/transactions.o
 .text.transaction_handler_master
                0x0000000000002a6a       0x8a .build/obj_sofle_rev1_official/quantum/split_common/transactions.o
 .text.read_if_checksum_mismatch
                0x0000000000002af4       0xf2 .build/obj_sofle_rev1_official/quantum/split_common/transactions.o
 .text.encoder_handlers_master
                0x0000000000002be6       0x56 .build/obj_sofle_rev1_official/quantum/split_common/transactions.o
 .text.slave_matrix_handlers_master
                0x0000000000002c3c       0x82 .build/obj_sofle_rev1_official/quantum/split_common/transactions.o
 .text.transactions_master
                0x0000000000002cbe       0x5a .build/obj_sofle_rev1_official/quantum/split_common/transactions.o
                0x0000000000002cbe                transactions_master
 .text.transactions_slave
                0x0000000000002d18       0xa0 .build/obj_sofle_rev1_official/quantum/split_common/transactions.o
                0x0000000000002d18                transactions_slave
 .text.startup.main
                0x0000000000002db8       0x16 .build/obj_sofle_rev1_official/quantum/main.o
                0x0000000000002db8                main
 .text.encoder_update_user
                0x0000000000002dce        0x4 .build/obj_sofle_rev1_official/quantum/encoder.o
                0x0000000000002dce                encoder_update_user
 .text.encoder_update_kb
                0x0000000000002dd2        0x4 .build/obj_sofle_rev1_official/quantum/encoder.o
                0x0000000000002dd2                encoder_update_kb
 .text.encoder_init
                0x0000000000002dd6       0xca .build/obj_sofle_rev1_official/quantum/encoder.o
                0x0000000000002dd6                encoder_init
 .text.encoder_read
                0x0000000000002ea0       0xcc .build/obj_sofle_rev1_official/quantum/encoder.o
                0x0000000000002ea0                encoder_read
 .text.encoder_state_raw
                0x0000000000002f6c       0x12 .build/obj_sofle_rev1_official/quantum/encoder.o
                0x0000000000002f6c                encoder_state_raw
 .text.encoder_update_raw
                0x0000000000002f7e       0x7e .build/obj_sofle_rev1_official/quantum/encoder.o
                0x0000000000002f7e                encoder_update_raw
 .text.crc_init
                0x0000000000002ffc        0x2 .build/obj_sofle_rev1_official/crc.o
                0x0000000000002ffc                crc_init
 .text.crc8     0x0000000000002ffe       0x2e .build/obj_sofle_rev1_official/crc.o
                0x0000000000002ffe                crc8
 .text.i2c_transmit_P.constprop.0
                0x000000000000302c       0x5e .build/obj_sofle_rev1_official/ssd1306_sh1106.o
 .text.oled_init_user
                0x000000000000308a        0x2 .build/obj_sofle_rev1_official/ssd1306_sh1106.o
                0x000000000000308a                oled_init_user
 .text.oled_clear
                0x000000000000308c       0x2a .build/obj_sofle_rev1_official/ssd1306_sh1106.o
                0x000000000000308c                oled_clear
 .text.oled_init
                0x00000000000030b6       0xa4 .build/obj_sofle_rev1_official/ssd1306_sh1106.o
                0x00000000000030b6                oled_init
 .text.oled_set_cursor
                0x000000000000315a       0x2e .build/obj_sofle_rev1_official/ssd1306_sh1106.o
                0x000000000000315a                oled_set_cursor
 .text.oled_on  0x0000000000003188       0x66 .build/obj_sofle_rev1_official/ssd1306_sh1106.o
                0x0000000000003188                oled_on
 .text.oled_render
                0x00000000000031ee      0x1e8 .build/obj_sofle_rev1_official/ssd1306_sh1106.o
                0x00000000000031ee                oled_render
 .text.oled_off
                0x00000000000033d6       0x36 .build/obj_sofle_rev1_official/ssd1306_sh1106.o
                0x00000000000033d6                oled_off
 .text.oled_task_user
                0x000000000000340c        0x2 .build/obj_sofle_rev1_official/ssd1306_sh1106.o
                0x000000000000340c                oled_task_user
 .text.oled_task
                0x000000000000340e       0xa2 .build/obj_sofle_rev1_official/ssd1306_sh1106.o
                0x000000000000340e                oled_task
 .text.perform_space_cadet
                0x00000000000034b0       0xd8 .build/obj_sofle_rev1_official/quantum/process_keycode/process_space_cadet.o
                0x00000000000034b0                perform_space_cadet
 .text.process_space_cadet
                0x0000000000003588       0xaa .build/obj_sofle_rev1_official/quantum/process_keycode/process_space_cadet.o
                0x0000000000003588                process_space_cadet
 .text.process_magic
                0x0000000000003632      0x1b0 .build/obj_sofle_rev1_official/quantum/process_keycode/process_magic.o
                0x0000000000003632                process_magic
 .text.process_grave_esc
                0x00000000000037e2       0x54 .build/obj_sofle_rev1_official/quantum/process_keycode/process_grave_esc.o
                0x00000000000037e2                process_grave_esc
 .text.i2c_init
                0x0000000000003836        0xc .build/obj_sofle_rev1_official/i2c_master.a(i2c_master.o)
                0x0000000000003836                i2c_init
 .text.i2c_start
                0x0000000000003842       0xf2 .build/obj_sofle_rev1_official/i2c_master.a(i2c_master.o)
                0x0000000000003842                i2c_start
 .text.i2c_write
                0x0000000000003934       0x5e .build/obj_sofle_rev1_official/i2c_master.a(i2c_master.o)
                0x0000000000003934                i2c_write
 .text.i2c_transmit
                0x0000000000003992       0x5a .build/obj_sofle_rev1_official/i2c_master.a(i2c_master.o)
                0x0000000000003992                i2c_transmit
 .text.i2c_writeReg
                0x00000000000039ec       0x62 .build/obj_sofle_rev1_official/i2c_master.a(i2c_master.o)
                0x00000000000039ec                i2c_writeReg
 .text.i2c_stop
                0x0000000000003a4e        0x8 .build/obj_sofle_rev1_official/i2c_master.a(i2c_master.o)
                0x0000000000003a4e                i2c_stop
 .text.sync_recv
                0x0000000000003a56       0x10 .build/obj_sofle_rev1_official/serial.a(serial.o)
 .text.sync_send
                0x0000000000003a66        0xc .build/obj_sofle_rev1_official/serial.a(serial.o)
 .text.serial_read_chunk.constprop.0
                0x0000000000003a72       0x58 .build/obj_sofle_rev1_official/serial.a(serial.o)
 .text.serial_recive_packet
                0x0000000000003aca       0x4e .build/obj_sofle_rev1_official/serial.a(serial.o)
 .text.soft_serial_initiator_init
                0x0000000000003b18        0x6 .build/obj_sofle_rev1_official/serial.a(serial.o)
                0x0000000000003b18                soft_serial_initiator_init
 .text.soft_serial_target_init
                0x0000000000003b1e       0x12 .build/obj_sofle_rev1_official/serial.a(serial.o)
                0x0000000000003b1e                soft_serial_target_init
 .text.serial_write_chunk
                0x0000000000003b30       0x42 .build/obj_sofle_rev1_official/serial.a(serial.o)
                0x0000000000003b30                serial_write_chunk
 .text.serial_send_packet
                0x0000000000003b72       0x34 .build/obj_sofle_rev1_official/serial.a(serial.o)
 .text.__vector_3
                0x0000000000003ba6      0x18e .build/obj_sofle_rev1_official/serial.a(serial.o)
                0x0000000000003ba6                __vector_3
 .text.soft_serial_transaction
                0x0000000000003d34      0x168 .build/obj_sofle_rev1_official/serial.a(serial.o)
                0x0000000000003d34                soft_serial_transaction
 .text.host_set_driver
                0x0000000000003e9c        0xa .build/obj_sofle_rev1_official/common/host.o
                0x0000000000003e9c                host_set_driver
 .text.host_keyboard_leds
                0x0000000000003ea6       0x26 .build/obj_sofle_rev1_official/common/host.o
                0x0000000000003ea6                host_keyboard_leds
 .text.host_keyboard_send
                0x0000000000003ecc       0x16 .build/obj_sofle_rev1_official/common/host.o
                0x0000000000003ecc                host_keyboard_send
 .text.host_system_send
                0x0000000000003ee2       0x2c .build/obj_sofle_rev1_official/common/host.o
                0x0000000000003ee2                host_system_send
 .text.host_consumer_send
                0x0000000000003f0e       0x2c .build/obj_sofle_rev1_official/common/host.o
                0x0000000000003f0e                host_consumer_send
 .text.has_anykey
                0x0000000000003f3a       0x24 .build/obj_sofle_rev1_official/common/report.o
                0x0000000000003f3a                has_anykey
 .text.is_key_pressed
                0x0000000000003f5e       0x22 .build/obj_sofle_rev1_official/common/report.o
                0x0000000000003f5e                is_key_pressed
 .text.add_key_byte
                0x0000000000003f80       0x34 .build/obj_sofle_rev1_official/common/report.o
                0x0000000000003f80                add_key_byte
 .text.del_key_byte
                0x0000000000003fb4       0x1e .build/obj_sofle_rev1_official/common/report.o
                0x0000000000003fb4                del_key_byte
 .text.add_key_to_report
                0x0000000000003fd2        0x4 .build/obj_sofle_rev1_official/common/report.o
                0x0000000000003fd2                add_key_to_report
 .text.del_key_from_report
                0x0000000000003fd6        0x4 .build/obj_sofle_rev1_official/common/report.o
                0x0000000000003fd6                del_key_from_report
 .text.clear_keys_from_report
                0x0000000000003fda       0x10 .build/obj_sofle_rev1_official/common/report.o
                0x0000000000003fda                clear_keys_from_report
 .text.sync_timer_init
                0x0000000000003fea       0x12 .build/obj_sofle_rev1_official/common/sync_timer.o
                0x0000000000003fea                sync_timer_init
 .text.sync_timer_update
                0x0000000000003ffc       0x52 .build/obj_sofle_rev1_official/common/sync_timer.o
                0x0000000000003ffc                sync_timer_update
 .text.sync_timer_read32
                0x000000000000404e       0x62 .build/obj_sofle_rev1_official/common/sync_timer.o
                0x000000000000404e                sync_timer_read32
 .text.platform_setup
                0x00000000000040b0        0x2 .build/obj_sofle_rev1_official/common/avr/platform.o
                0x00000000000040b0                platform_setup
 .text.matrix_power_up
                0x00000000000040b2        0x2 .build/obj_sofle_rev1_official/common/avr/suspend.o
                0x00000000000040b2                matrix_power_up
 .text.suspend_power_down_user
                0x00000000000040b4        0x2 .build/obj_sofle_rev1_official/common/avr/suspend.o
                0x00000000000040b4                suspend_power_down_user
 .text.suspend_power_down_kb
                0x00000000000040b6        0x4 .build/obj_sofle_rev1_official/common/avr/suspend.o
                0x00000000000040b6                suspend_power_down_kb
 .text.suspend_power_down
                0x00000000000040ba       0x5c .build/obj_sofle_rev1_official/common/avr/suspend.o
                0x00000000000040ba                suspend_power_down
 .text.matrix_power_down
                0x0000000000004116        0x2 .build/obj_sofle_rev1_official/common/avr/suspend.o
                0x0000000000004116                matrix_power_down
 .text.suspend_wakeup_condition
                0x0000000000004118       0x28 .build/obj_sofle_rev1_official/common/avr/suspend.o
                0x0000000000004118                suspend_wakeup_condition
 .text.suspend_wakeup_init_user
                0x0000000000004140        0x2 .build/obj_sofle_rev1_official/common/avr/suspend.o
                0x0000000000004140                suspend_wakeup_init_user
 .text.suspend_wakeup_init_kb
                0x0000000000004142        0x4 .build/obj_sofle_rev1_official/common/avr/suspend.o
                0x0000000000004142                suspend_wakeup_init_kb
 .text.suspend_wakeup_init
                0x0000000000004146       0x10 .build/obj_sofle_rev1_official/common/avr/suspend.o
                0x0000000000004146                suspend_wakeup_init
 .text.__vector_12
                0x0000000000004156       0x4e .build/obj_sofle_rev1_official/common/avr/suspend.o
                0x0000000000004156                __vector_12
 .text.timer_init
                0x00000000000041a4       0x12 .build/obj_sofle_rev1_official/common/avr/timer.o
                0x00000000000041a4                timer_init
 .text.timer_read
                0x00000000000041b6       0x18 .build/obj_sofle_rev1_official/common/avr/timer.o
                0x00000000000041b6                timer_read
 .text.timer_read32
                0x00000000000041ce       0x40 .build/obj_sofle_rev1_official/common/avr/timer.o
                0x00000000000041ce                timer_read32
 .text.timer_elapsed
                0x000000000000420e       0x1e .build/obj_sofle_rev1_official/common/avr/timer.o
                0x000000000000420e                timer_elapsed
 .text.timer_elapsed32
                0x000000000000422c       0x4e .build/obj_sofle_rev1_official/common/avr/timer.o
                0x000000000000422c                timer_elapsed32
 .text.__vector_21
                0x000000000000427a       0x48 .build/obj_sofle_rev1_official/common/avr/timer.o
                0x000000000000427a                __vector_21
 .text.bootloader_jump
                0x00000000000042c2       0x22 .build/obj_sofle_rev1_official/common/avr/bootloader.o
                0x00000000000042c2                bootloader_jump
 .text.print_set_sendchar
                0x00000000000042e4        0xa .build/obj_sofle_rev1_official/common/avr/printf.o
                0x00000000000042e4                print_set_sendchar
 .text.keyboard_leds
                0x00000000000042ee        0x6 .build/obj_sofle_rev1_official/lufa.o
 .text.send_system
                0x00000000000042f4        0x2 .build/obj_sofle_rev1_official/lufa.o
 .text.send_keyboard
                0x00000000000042f6       0x60 .build/obj_sofle_rev1_official/lufa.o
 .text.send_mouse
                0x0000000000004356        0x2 .build/obj_sofle_rev1_official/lufa.o
 .text.send_consumer
                0x0000000000004358        0x2 .build/obj_sofle_rev1_official/lufa.o
 .text.EVENT_USB_Device_Connect
                0x000000000000435a       0x1c .build/obj_sofle_rev1_official/lufa.o
                0x000000000000435a                EVENT_USB_Device_Connect
 .text.EVENT_USB_Device_Disconnect
                0x0000000000004376        0x6 .build/obj_sofle_rev1_official/lufa.o
                0x0000000000004376                EVENT_USB_Device_Disconnect
 .text.EVENT_USB_Device_Reset
                0x000000000000437c        0x2 .build/obj_sofle_rev1_official/lufa.o
                0x000000000000437c                EVENT_USB_Device_Reset
 .text.EVENT_USB_Device_Suspend
                0x000000000000437e        0x2 .build/obj_sofle_rev1_official/lufa.o
                0x000000000000437e                EVENT_USB_Device_Suspend
 .text.EVENT_USB_Device_WakeUp
                0x0000000000004380        0x2 .build/obj_sofle_rev1_official/lufa.o
                0x0000000000004380                EVENT_USB_Device_WakeUp
 .text.EVENT_USB_Device_ConfigurationChanged
                0x0000000000004382        0xa .build/obj_sofle_rev1_official/lufa.o
                0x0000000000004382                EVENT_USB_Device_ConfigurationChanged
 .text.EVENT_USB_Device_ControlRequest
                0x000000000000438c      0x16c .build/obj_sofle_rev1_official/lufa.o
                0x000000000000438c                EVENT_USB_Device_ControlRequest
 .text.protocol_setup
                0x00000000000044f8       0x32 .build/obj_sofle_rev1_official/lufa.o
                0x00000000000044f8                protocol_setup
 .text.protocol_init
                0x000000000000452a       0x24 .build/obj_sofle_rev1_official/lufa.o
                0x000000000000452a                protocol_init
 .text.protocol_task
                0x000000000000454e       0x36 .build/obj_sofle_rev1_official/lufa.o
                0x000000000000454e                protocol_task
 .text.CALLBACK_USB_GetDescriptor
                0x0000000000004584        0x4 .build/obj_sofle_rev1_official/lufa.o
                0x0000000000004584                CALLBACK_USB_GetDescriptor
 .text.get_usb_descriptor
                0x0000000000004588       0x8e .build/obj_sofle_rev1_official/usb_descriptor.o
                0x0000000000004588                get_usb_descriptor
 .text.USB_Device_SendRemoteWakeup
                0x0000000000004616       0x2c .build/obj_sofle_rev1_official/lib/lufa/LUFA/Drivers/USB/Core/AVR8/Device_AVR8.o
                0x0000000000004616                USB_Device_SendRemoteWakeup
 .text.Endpoint_Write_Stream_LE
                0x0000000000004642       0x9e .build/obj_sofle_rev1_official/lib/lufa/LUFA/Drivers/USB/Core/AVR8/EndpointStream_AVR8.o
                0x0000000000004642                Endpoint_Write_Stream_LE
 .text.Endpoint_Write_Control_Stream_LE
                0x00000000000046e0       0xb4 .build/obj_sofle_rev1_official/lib/lufa/LUFA/Drivers/USB/Core/AVR8/EndpointStream_AVR8.o
                0x00000000000046e0                Endpoint_Write_Control_Stream_LE
 .text.Endpoint_Write_Control_PStream_LE
                0x0000000000004794       0xb6 .build/obj_sofle_rev1_official/lib/lufa/LUFA/Drivers/USB/Core/AVR8/EndpointStream_AVR8.o
                0x0000000000004794                Endpoint_Write_Control_PStream_LE
 .text.Endpoint_ConfigureEndpoint_Prv
                0x000000000000484a       0x68 .build/obj_sofle_rev1_official/lib/lufa/LUFA/Drivers/USB/Core/AVR8/Endpoint_AVR8.o
                0x000000000000484a                Endpoint_ConfigureEndpoint_Prv
 .text.Endpoint_ClearStatusStage
                0x00000000000048b2       0x3e .build/obj_sofle_rev1_official/lib/lufa/LUFA/Drivers/USB/Core/AVR8/Endpoint_AVR8.o
                0x00000000000048b2                Endpoint_ClearStatusStage
 .text.Endpoint_WaitUntilReady
                0x00000000000048f0       0x62 .build/obj_sofle_rev1_official/lib/lufa/LUFA/Drivers/USB/Core/AVR8/Endpoint_AVR8.o
                0x00000000000048f0                Endpoint_WaitUntilReady
 .text.USB_Disable
                0x0000000000004952       0x34 .build/obj_sofle_rev1_official/lib/lufa/LUFA/Drivers/USB/Core/AVR8/USBController_AVR8.o
                0x0000000000004952                USB_Disable
 .text.USB_ResetInterface
                0x0000000000004986       0x86 .build/obj_sofle_rev1_official/lib/lufa/LUFA/Drivers/USB/Core/AVR8/USBController_AVR8.o
                0x0000000000004986                USB_ResetInterface
 .text.USB_Init
                0x0000000000004a0c       0x22 .build/obj_sofle_rev1_official/lib/lufa/LUFA/Drivers/USB/Core/AVR8/USBController_AVR8.o
                0x0000000000004a0c                USB_Init
 .text.USB_INT_DisableAllInterrupts
                0x0000000000004a2e       0x10 .build/obj_sofle_rev1_official/lib/lufa/LUFA/Drivers/USB/Core/AVR8/USBInterrupt_AVR8.o
                0x0000000000004a2e                USB_INT_DisableAllInterrupts
 .text.USB_INT_ClearAllInterrupts
                0x0000000000004a3e        0xa .build/obj_sofle_rev1_official/lib/lufa/LUFA/Drivers/USB/Core/AVR8/USBInterrupt_AVR8.o
                0x0000000000004a3e                USB_INT_ClearAllInterrupts
 .text.__vector_10
                0x0000000000004a48      0x1a6 .build/obj_sofle_rev1_official/lib/lufa/LUFA/Drivers/USB/Core/AVR8/USBInterrupt_AVR8.o
                0x0000000000004a48                __vector_10
 .text.__vector_11
                0x0000000000004bee       0x92 .build/obj_sofle_rev1_official/lib/lufa/LUFA/Drivers/USB/Core/AVR8/USBInterrupt_AVR8.o
                0x0000000000004bee                __vector_11
 .text.USB_Device_ProcessControlRequest
                0x0000000000004c80      0x2a2 .build/obj_sofle_rev1_official/lib/lufa/LUFA/Drivers/USB/Core/DeviceStandardReq.o
                0x0000000000004c80                USB_Device_ProcessControlRequest
 .text.USB_Event_Stub
                0x0000000000004f22        0x2 .build/obj_sofle_rev1_official/lib/lufa/LUFA/Drivers/USB/Core/Events.o
                0x0000000000004f22                USB_Event_Stub
                0x0000000000004f22                EVENT_USB_Device_StartOfFrame
 .text.USB_USBTask
                0x0000000000004f24       0x34 .build/obj_sofle_rev1_official/lib/lufa/LUFA/Drivers/USB/Core/USBTask.o
                0x0000000000004f24                USB_USBTask
 .text.usb_disconnect
                0x0000000000004f58        0xa .build/obj_sofle_rev1_official/protocol/lufa/usb_util.o
                0x0000000000004f58                usb_disconnect
 .text.usb_vbus_state
                0x0000000000004f62       0x1a .build/obj_sofle_rev1_official/protocol/lufa/usb_util.o
                0x0000000000004f62                usb_vbus_state
 .text.libgcc.div
                0x0000000000004f7c       0x28 /usr/lib/gcc/avr/11.2.0/avr5/libgcc.a(_udivmodhi4.o)
                0x0000000000004f7c                __udivmodhi4
 .text.libgcc.div
                0x0000000000004fa4       0x28 /usr/lib/gcc/avr/11.2.0/avr5/libgcc.a(_divmodhi4.o)
                0x0000000000004fa4                __divmodhi4
                0x0000000000004fa4                _div
 .text.libgcc   0x0000000000004fcc        0xc /usr/lib/gcc/avr/11.2.0/avr5/libgcc.a(_tablejump2.o)
                0x0000000000004fcc                __tablejump2__
 .text.avr-libc
                0x0000000000004fd8       0x1a /usr/lib/gcc/avr/11.2.0/../../../../avr/lib/avr5/libc.a(memcmp.o)
                0x0000000000004fd8                memcmp
 .text.avr-libc
                0x0000000000004ff2       0x12 /usr/lib/gcc/avr/11.2.0/../../../../avr/lib/avr5/libc.a(memcpy.o)
                0x0000000000004ff2                memcpy
 .text.avr-libc
                0x0000000000005004       0x10 /usr/lib/gcc/avr/11.2.0/../../../../avr/lib/avr5/libatmega32u4.a(eerd_byte.o)
                0x0000000000005004                eeprom_read_byte
 .text.avr-libc
                0x0000000000005014        0xc /usr/lib/gcc/avr/11.2.0/../../../../avr/lib/avr5/libatmega32u4.a(eerd_word.o)
                0x0000000000005014                eeprom_read_word
 .text.avr-libc
                0x0000000000005020       0x24 /usr/lib/gcc/avr/11.2.0/../../../../avr/lib/avr5/libatmega32u4.a(eeupd_byte.o)
                0x0000000000005020                eeprom_update_byte
                0x0000000000005022                eeprom_update_r18
 .text.avr-libc
                0x0000000000005044       0x18 /usr/lib/gcc/avr/11.2.0/../../../../avr/lib/avr5/libatmega32u4.a(eeupd_dword.o)
                0x0000000000005044                eeprom_update_dword
                0x0000000000005044                eeprom_update_float
 .text.avr-libc
                0x000000000000505c        0xc /usr/lib/gcc/avr/11.2.0/../../../../avr/lib/avr5/libatmega32u4.a(eeupd_word.o)
                0x000000000000505c                eeprom_update_word
 .text.avr-libc
                0x0000000000005068       0x20 /usr/lib/gcc/avr/11.2.0/../../../../avr/lib/avr5/libatmega32u4.a(eerd_block.o)
                0x0000000000005068                eeprom_read_block
                0x000000000000506c                eeprom_read_blraw
                0x0000000000005088                . = ALIGN (0x2)
 *(.fini9)
 .fini9         0x0000000000005088        0x0 /usr/lib/gcc/avr/11.2.0/avr5/libgcc.a(_exit.o)
                0x0000000000005088                exit
                0x0000000000005088                _exit
 *(.fini9)
 *(.fini8)
 *(.fini8)
 *(.fini7)
 *(.fini7)
 *(.fini6)
 *(.fini6)
 *(.fini5)
 *(.fini5)
 *(.fini4)
 *(.fini4)
 *(.fini3)
 *(.fini3)
 *(.fini2)
 *(.fini2)
 *(.fini1)
 *(.fini1)
 *(.fini0)
 .fini0         0x0000000000005088        0x4 /usr/lib/gcc/avr/11.2.0/avr5/libgcc.a(_exit.o)
 *(.fini0)
 *(.hightext)
 *(.hightext*)
 *(.progmemx.*)
                0x000000000000508c                . = ALIGN (0x2)
 *(.jumptables)
 *(.jumptables*)
 .jumptables.gcc.process_action
                0x000000000000508c        0xe .build/obj_sofle_rev1_official/quantum/action.o
 .jumptables.gcc.process_magic
                0x000000000000509a       0x36 .build/obj_sofle_rev1_official/quantum/process_keycode/process_magic.o
 .jumptables.gcc.USB_Device_ProcessControlRequest
                0x00000000000050d0       0x14 .build/obj_sofle_rev1_official/lib/lufa/LUFA/Drivers/USB/Core/DeviceStandardReq.o
                0x00000000000050e4                _etext = .

.data           0x0000000000800100       0x94 load address 0x00000000000050e4
                0x0000000000800100                PROVIDE (__data_start = .)
 *(.data)
 *(.data*)
 .data.keyboard_report
                0x0000000000800100        0x2 .build/obj_sofle_rev1_official/quantum/action_util.o
                0x0000000000800100                keyboard_report
 .data.isLeftHand
                0x0000000000800102        0x1 .build/obj_sofle_rev1_official/quantum/split_common/split_util.o
                0x0000000000800102                isLeftHand
 .data.split_transaction_table
                0x0000000000800103       0x32 .build/obj_sofle_rev1_official/quantum/split_common/transactions.o
                0x0000000000800103                split_transaction_table
 .data.encoders_pad_b
                0x0000000000800135        0x1 .build/obj_sofle_rev1_official/quantum/encoder.o
 .data.encoders_pad_a
                0x0000000000800136        0x1 .build/obj_sofle_rev1_official/quantum/encoder.o
 .data.display_start.10
                0x0000000000800137        0x7 .build/obj_sofle_rev1_official/ssd1306_sh1106.o
 .data.lufa_driver
                0x000000000080013e        0xa .build/obj_sofle_rev1_official/lufa.o
                0x000000000080013e                lufa_driver
 .data.keyboard_protocol
                0x0000000000800148        0x1 .build/obj_sofle_rev1_official/lufa.o
                0x0000000000800148                keyboard_protocol
 *(.gnu.linkonce.d*)
 *(.rodata)
 *(.rodata*)
 .rodata.col_pins
                0x0000000000800149        0x6 .build/obj_sofle_rev1_official/quantum/matrix.o
 .rodata.row_pins
                0x000000000080014f        0xa .build/obj_sofle_rev1_official/quantum/matrix.o
 .rodata.split_shmem
                0x0000000000800159        0x2 .build/obj_sofle_rev1_official/quantum/split_common/transport.o
                0x0000000000800159                split_shmem
 .rodata.transactions_master.str1.1
                0x000000000080015b       0x20 .build/obj_sofle_rev1_official/quantum/split_common/transactions.o
 .rodata.encoder_LUT
                0x000000000080017b       0x10 .build/obj_sofle_rev1_official/quantum/encoder.o
 .rodata.source_map.7
                0x000000000080018b        0x4 .build/obj_sofle_rev1_official/ssd1306_sh1106.o
 .rodata.target_map.8
                0x000000000080018f        0x4 .build/obj_sofle_rev1_official/ssd1306_sh1106.o
 *(.gnu.linkonce.r*)
                0x0000000000800194                . = ALIGN (0x2)
 *fill*         0x0000000000800193        0x1 
                0x0000000000800194                _edata = .
                0x0000000000800194                PROVIDE (__data_end = .)

.bss            0x0000000000800194      0x33e
                0x0000000000800194                PROVIDE (__bss_start = .)
 *(.bss)
 .bss           0x0000000000800194        0x2 .build/obj_sofle_rev1_official/common/avr/xprintf.o
                0x0000000000800194                xfunc_out
 *(.bss*)
 .bss.swap_state.0
                0x0000000000800196        0xa .build/obj_sofle_rev1_official/quantum/action.o
 .bss.disable_action_cache
                0x00000000008001a0        0x1 .build/obj_sofle_rev1_official/quantum/action.o
                0x00000000008001a0                disable_action_cache
 .bss.swap_held
                0x00000000008001a1        0x1 .build/obj_sofle_rev1_official/quantum/action.o
                0x00000000008001a1                swap_held
 .bss.swap_hands
                0x00000000008001a2        0x1 .build/obj_sofle_rev1_official/quantum/action.o
                0x00000000008001a2                swap_hands
 .bss.source_layers_cache
                0x00000000008001a3       0x28 .build/obj_sofle_rev1_official/quantum/action_layer.o
                0x00000000008001a3                source_layers_cache
 .bss.layer_state
                0x00000000008001cb        0x4 .build/obj_sofle_rev1_official/quantum/action_layer.o
                0x00000000008001cb                layer_state
 .bss.default_layer_state
                0x00000000008001cf        0x4 .build/obj_sofle_rev1_official/quantum/action_layer.o
                0x00000000008001cf                default_layer_state
 .bss.waiting_buffer_tail
                0x00000000008001d3        0x1 .build/obj_sofle_rev1_official/quantum/action_tapping.o
 .bss.waiting_buffer_head
                0x00000000008001d4        0x1 .build/obj_sofle_rev1_official/quantum/action_tapping.o
 .bss.waiting_buffer
                0x00000000008001d5       0x30 .build/obj_sofle_rev1_official/quantum/action_tapping.o
 .bss.tapping_key
                0x0000000000800205        0x6 .build/obj_sofle_rev1_official/quantum/action_tapping.o
 .bss.swap_hands_oneshot
                0x000000000080020b        0x1 .build/obj_sofle_rev1_official/quantum/action_util.o
                0x000000000080020b                swap_hands_oneshot
 .bss.oneshot_layer_data
                0x000000000080020c        0x1 .build/obj_sofle_rev1_official/quantum/action_util.o
 .bss.oneshot_mods
                0x000000000080020d        0x1 .build/obj_sofle_rev1_official/quantum/action_util.o
 .bss.__compound_literal.0
                0x000000000080020e        0x8 .build/obj_sofle_rev1_official/quantum/action_util.o
 .bss.macro_mods
                0x0000000000800216        0x1 .build/obj_sofle_rev1_official/quantum/action_util.o
 .bss.weak_mods
                0x0000000000800217        0x1 .build/obj_sofle_rev1_official/quantum/action_util.o
 .bss.real_mods
                0x0000000000800218        0x1 .build/obj_sofle_rev1_official/quantum/action_util.o
 .bss.led_status.0
                0x0000000000800219        0x1 .build/obj_sofle_rev1_official/quantum/keyboard.o
 .bss.matrix_prev.1
                0x000000000080021a        0xa .build/obj_sofle_rev1_official/quantum/keyboard.o
 .bss.last_encoder_modification_time
                0x0000000000800224        0x4 .build/obj_sofle_rev1_official/quantum/keyboard.o
 .bss.last_matrix_modification_time
                0x0000000000800228        0x4 .build/obj_sofle_rev1_official/quantum/keyboard.o
 .bss.last_input_modification_time
                0x000000000080022c        0x4 .build/obj_sofle_rev1_official/quantum/keyboard.o
 .bss.debug_config
                0x0000000000800230        0x1 .build/obj_sofle_rev1_official/quantum/logging/debug.o
                0x0000000000800230                debug_config
 .bss.debouncing_time
                0x0000000000800231        0x2 .build/obj_sofle_rev1_official/quantum/debounce/sym_defer_g.o
 .bss.debouncing
                0x0000000000800233        0x1 .build/obj_sofle_rev1_official/quantum/debounce/sym_defer_g.o
 .bss.connection_check_timer.0
                0x0000000000800234        0x2 .build/obj_sofle_rev1_official/quantum/split_common/split_util.o
 .bss.usbstate.1
                0x0000000000800236        0x1 .build/obj_sofle_rev1_official/quantum/split_common/split_util.o
 .bss.connection_errors
                0x0000000000800237        0x1 .build/obj_sofle_rev1_official/quantum/split_common/split_util.o
 .bss.shared_memory
                0x0000000000800238        0xc .build/obj_sofle_rev1_official/quantum/split_common/transport.o
 .bss.last_sync_timer.0
                0x0000000000800244        0x4 .build/obj_sofle_rev1_official/quantum/split_common/transactions.o
 .bss.last_matrix.1
                0x0000000000800248        0x5 .build/obj_sofle_rev1_official/quantum/split_common/transactions.o
 .bss.last_update.2
                0x000000000080024d        0x4 .build/obj_sofle_rev1_official/quantum/split_common/transactions.o
 .bss.last_update.3
                0x0000000000800251        0x4 .build/obj_sofle_rev1_official/quantum/split_common/transactions.o
 .bss.last_update.4
                0x0000000000800255        0x4 .build/obj_sofle_rev1_official/quantum/split_common/transactions.o
 .bss.thatHand  0x0000000000800259        0x1 .build/obj_sofle_rev1_official/quantum/encoder.o
 .bss.thisHand  0x000000000080025a        0x1 .build/obj_sofle_rev1_official/quantum/encoder.o
 .bss.encoder_value
                0x000000000080025b        0x2 .build/obj_sofle_rev1_official/quantum/encoder.o
 .bss.encoder_pulses
                0x000000000080025d        0x1 .build/obj_sofle_rev1_official/quantum/encoder.o
 .bss.encoder_state
                0x000000000080025e        0x1 .build/obj_sofle_rev1_official/quantum/encoder.o
 .bss.temp_buffer.9
                0x000000000080025f       0x20 .build/obj_sofle_rev1_official/ssd1306_sh1106.o
 .bss.oled_rotation_width
                0x000000000080027f        0x1 .build/obj_sofle_rev1_official/ssd1306_sh1106.o
                0x000000000080027f                oled_rotation_width
 .bss.oled_rotation
                0x0000000000800280        0x1 .build/obj_sofle_rev1_official/ssd1306_sh1106.o
                0x0000000000800280                oled_rotation
 .bss.oled_scrolling
                0x0000000000800281        0x1 .build/obj_sofle_rev1_official/ssd1306_sh1106.o
                0x0000000000800281                oled_scrolling
 .bss.oled_active
                0x0000000000800282        0x1 .build/obj_sofle_rev1_official/ssd1306_sh1106.o
                0x0000000000800282                oled_active
 .bss.oled_initialized
                0x0000000000800283        0x1 .build/obj_sofle_rev1_official/ssd1306_sh1106.o
                0x0000000000800283                oled_initialized
 .bss.oled_dirty
                0x0000000000800284        0x2 .build/obj_sofle_rev1_official/ssd1306_sh1106.o
                0x0000000000800284                oled_dirty
 .bss.sc_timer  0x0000000000800286        0x2 .build/obj_sofle_rev1_official/quantum/process_keycode/process_space_cadet.o
 .bss.sc_last   0x0000000000800288        0x1 .build/obj_sofle_rev1_official/quantum/process_keycode/process_space_cadet.o
 .bss.grave_esc_was_shifted
                0x0000000000800289        0x1 .build/obj_sofle_rev1_official/quantum/process_keycode/process_grave_esc.o
 .bss.split_led_state
                0x000000000080028a        0x1 .build/obj_sofle_rev1_official/common/host.o
                0x000000000080028a                split_led_state
 .bss.last_consumer_report
                0x000000000080028b        0x2 .build/obj_sofle_rev1_official/common/host.o
 .bss.last_system_report
                0x000000000080028d        0x2 .build/obj_sofle_rev1_official/common/host.o
 .bss.driver    0x000000000080028f        0x2 .build/obj_sofle_rev1_official/common/host.o
 .bss.wdt_timeout
                0x0000000000800291        0x1 .build/obj_sofle_rev1_official/common/avr/suspend.o
 .bss.keyboard_report_sent
                0x0000000000800292        0x8 .build/obj_sofle_rev1_official/lufa.o
 .bss.keyboard_led_state
                0x000000000080029a        0x1 .build/obj_sofle_rev1_official/lufa.o
 .bss.keyboard_idle
                0x000000000080029b        0x1 .build/obj_sofle_rev1_official/lufa.o
                0x000000000080029b                keyboard_idle
 *(COMMON)
 COMMON         0x000000000080029c        0x2 .build/obj_sofle_rev1_official/quantum/bootmagic/magic.o
                0x000000000080029c                keymap_config
 COMMON         0x000000000080029e       0x14 .build/obj_sofle_rev1_official/quantum/matrix_common.o
                0x000000000080029e                raw_matrix
                0x00000000008002a8                matrix
 COMMON         0x00000000008002b2        0x2 .build/obj_sofle_rev1_official/quantum/matrix.o
                0x00000000008002b2                thatHand
                0x00000000008002b3                thisHand
 COMMON         0x00000000008002b4        0x1 .build/obj_sofle_rev1_official/quantum/split_common/transactions.o
                0x00000000008002b4                dummy
 COMMON         0x00000000008002b5      0x208 .build/obj_sofle_rev1_official/ssd1306_sh1106.o
                0x00000000008002b5                oled_buffer
                0x00000000008004b5                oled_update_timeout
                0x00000000008004b7                oled_timeout
                0x00000000008004bb                oled_cursor
 COMMON         0x00000000008004bd        0x4 .build/obj_sofle_rev1_official/common/sync_timer.o
                0x00000000008004bd                sync_timer_ms
 COMMON         0x00000000008004c1        0x4 .build/obj_sofle_rev1_official/common/avr/timer.o
                0x00000000008004c1                timer_count
 COMMON         0x00000000008004c5        0x3 .build/obj_sofle_rev1_official/lib/lufa/LUFA/Drivers/USB/Core/DeviceStandardReq.o
                0x00000000008004c5                USB_Device_ConfigurationNumber
                0x00000000008004c6                USB_Device_CurrentlySelfPowered
                0x00000000008004c7                USB_Device_RemoteWakeupEnabled
 COMMON         0x00000000008004c8        0xa .build/obj_sofle_rev1_official/lib/lufa/LUFA/Drivers/USB/Core/USBTask.o
                0x00000000008004c8                USB_IsInitialized
                0x00000000008004c9                USB_DeviceState
                0x00000000008004ca                USB_ControlRequest
                0x00000000008004d2                PROVIDE (__bss_end = .)
                0x00000000000050e4                __data_load_start = LOADADDR (.data)
                0x0000000000005178                __data_load_end = (__data_load_start + SIZEOF (.data))

.noinit         0x00000000008004d2        0x4
                [!provide]                        PROVIDE (__noinit_start = .)
 *(.noinit .noinit.* .gnu.linkonce.n.*)
 .noinit        0x00000000008004d2        0x4 .build/obj_sofle_rev1_official/common/avr/bootloader.o
                0x00000000008004d2                reset_key
                [!provide]                        PROVIDE (__noinit_end = .)
                0x00000000008004d6                _end = .
                [!provide]                        PROVIDE (__heap_start = .)

.eeprom         0x0000000000810000        0x0
 *(.eeprom*)
                0x0000000000810000                __eeprom_end = .

.fuse
 *(.fuse)
 *(.lfuse)
 *(.hfuse)
 *(.efuse)

.lock
 *(.lock*)

.signature
 *(.signature*)

.stab           0x0000000000000000       0x24
 *(.stab)
 .stab          0x0000000000000000       0x24 .build/obj_sofle_rev1_official/common/avr/xprintf.o
                                        0x8b8 (size before relaxing)

.stabstr        0x0000000000000000       0x6d
 *(.stabstr)
 .stabstr       0x0000000000000000       0x6d .build/obj_sofle_rev1_official/common/avr/xprintf.o

.stab.excl
 *(.stab.excl)

.stab.exclstr
 *(.stab.exclstr)

.stab.index
 *(.stab.index)

.stab.indexstr
 *(.stab.indexstr)

.comment        0x0000000000000000       0x12
 *(.comment)
 .comment       0x0000000000000000       0x12 .build/obj_sofle_rev1_official/keyboards/sofle/sofle.o
                                         0x13 (size before relaxing)
 .comment       0x0000000000000012       0x13 .build/obj_sofle_rev1_official/.build/obj_sofle_rev1_official/src/keymap.o
 .comment       0x0000000000000012       0x13 .build/obj_sofle_rev1_official/quantum/quantum.o
 .comment       0x0000000000000012       0x13 .build/obj_sofle_rev1_official/quantum/led.o
 .comment       0x0000000000000012       0x13 .build/obj_sofle_rev1_official/quantum/action.o
 .comment       0x0000000000000012       0x13 .build/obj_sofle_rev1_official/quantum/action_layer.o
 .comment       0x0000000000000012       0x13 .build/obj_sofle_rev1_official/quantum/action_tapping.o
 .comment       0x0000000000000012       0x13 .build/obj_sofle_rev1_official/quantum/action_util.o
 .comment       0x0000000000000012       0x13 .build/obj_sofle_rev1_official/quantum/eeconfig.o
 .comment       0x0000000000000012       0x13 .build/obj_sofle_rev1_official/quantum/keyboard.o
 .comment       0x0000000000000012       0x13 .build/obj_sofle_rev1_official/quantum/keymap_common.o
 .comment       0x0000000000000012       0x13 .build/obj_sofle_rev1_official/quantum/keycode_config.o
 .comment       0x0000000000000012       0x13 .build/obj_sofle_rev1_official/quantum/logging/debug.o
 .comment       0x0000000000000012       0x13 .build/obj_sofle_rev1_official/quantum/logging/sendchar.o
 .comment       0x0000000000000012       0x13 .build/obj_sofle_rev1_official/quantum/bootmagic/magic.o
 .comment       0x0000000000000012       0x13 .build/obj_sofle_rev1_official/quantum/matrix_common.o
 .comment       0x0000000000000012       0x13 .build/obj_sofle_rev1_official/quantum/matrix.o
 .comment       0x0000000000000012       0x13 .build/obj_sofle_rev1_official/quantum/debounce/sym_defer_g.o
 .comment       0x0000000000000012       0x13 .build/obj_sofle_rev1_official/quantum/split_common/split_util.o
 .comment       0x0000000000000012       0x13 .build/obj_sofle_rev1_official/quantum/split_common/transport.o
 .comment       0x0000000000000012       0x13 .build/obj_sofle_rev1_official/quantum/split_common/transactions.o
 .comment       0x0000000000000012       0x13 .build/obj_sofle_rev1_official/quantum/main.o
 .comment       0x0000000000000012       0x13 .build/obj_sofle_rev1_official/quantum/encoder.o
 .comment       0x0000000000000012       0x13 .build/obj_sofle_rev1_official/crc.o
 .comment       0x0000000000000012       0x13 .build/obj_sofle_rev1_official/ssd1306_sh1106.o
 .comment       0x0000000000000012       0x13 .build/obj_sofle_rev1_official/quantum/process_keycode/process_space_cadet.o
 .comment       0x0000000000000012       0x13 .build/obj_sofle_rev1_official/quantum/process_keycode/process_magic.o
 .comment       0x0000000000000012       0x13 .build/obj_sofle_rev1_official/quantum/process_keycode/process_grave_esc.o
 .comment       0x0000000000000012       0x13 .build/obj_sofle_rev1_official/i2c_master.a(i2c_master.o)
 .comment       0x0000000000000012       0x13 .build/obj_sofle_rev1_official/serial.a(serial.o)
 .comment       0x0000000000000012       0x13 .build/obj_sofle_rev1_official/common/host.o
 .comment       0x0000000000000012       0x13 .build/obj_sofle_rev1_official/common/report.o
 .comment       0x0000000000000012       0x13 .build/obj_sofle_rev1_official/common/sync_timer.o
 .comment       0x0000000000000012       0x13 .build/obj_sofle_rev1_official/common/avr/platform.o
 .comment       0x0000000000000012       0x13 .build/obj_sofle_rev1_official/common/avr/suspend.o
 .comment       0x0000000000000012       0x13 .build/obj_sofle_rev1_official/common/avr/timer.o
 .comment       0x0000000000000012       0x13 .build/obj_sofle_rev1_official/common/avr/bootloader.o
 .comment       0x0000000000000012       0x13 .build/obj_sofle_rev1_official/common/avr/printf.o
 .comment       0x0000000000000012       0x13 .build/obj_sofle_rev1_official/lufa.o
 .comment       0x0000000000000012       0x13 .build/obj_sofle_rev1_official/usb_descriptor.o
 .comment       0x0000000000000012       0x13 .build/obj_sofle_rev1_official/lib/lufa/LUFA/Drivers/USB/Core/AVR8/Device_AVR8.o
 .comment       0x0000000000000012       0x13 .build/obj_sofle_rev1_official/lib/lufa/LUFA/Drivers/USB/Core/AVR8/EndpointStream_AVR8.o
 .comment       0x0000000000000012       0x13 .build/obj_sofle_rev1_official/lib/lufa/LUFA/Drivers/USB/Core/AVR8/Endpoint_AVR8.o
 .comment       0x0000000000000012       0x13 .build/obj_sofle_rev1_official/lib/lufa/LUFA/Drivers/USB/Core/AVR8/USBController_AVR8.o
 .comment       0x0000000000000012       0x13 .build/obj_sofle_rev1_official/lib/lufa/LUFA/Drivers/USB/Core/AVR8/USBInterrupt_AVR8.o
 .comment       0x0000000000000012       0x13 .build/obj_sofle_rev1_official/lib/lufa/LUFA/Drivers/USB/Core/DeviceStandardReq.o
 .comment       0x0000000000000012       0x13 .build/obj_sofle_rev1_official/lib/lufa/LUFA/Drivers/USB/Core/Events.o
 .comment       0x0000000000000012       0x13 .build/obj_sofle_rev1_official/lib/lufa/LUFA/Drivers/USB/Core/USBTask.o
 .comment       0x0000000000000012       0x13 .build/obj_sofle_rev1_official/protocol/lufa/usb_util.o

.note.gnu.avr.deviceinfo
                0x0000000000000000       0x40
 .note.gnu.avr.deviceinfo
                0x0000000000000000       0x40 /usr/lib/gcc/avr/11.2.0/../../../../avr/lib/avr5/crtatmega32u4.o

.note.gnu.build-id
 *(.note.gnu.build-id)

.debug
 *(.debug)

.line
 *(.line)

.debug_srcinfo
 *(.debug_srcinfo)

.debug_sfnames
 *(.debug_sfnames)

.debug_aranges  0x0000000000000000     0x1160
 *(.debug_aranges)
 .debug_aranges
                0x0000000000000000       0x18 .build/obj_sofle_rev1_official/keyboards/sofle/sofle.o
 .debug_aranges
                0x0000000000000018       0x18 .build/obj_sofle_rev1_official/.build/obj_sofle_rev1_official/src/keymap.o
 .debug_aranges
                0x0000000000000030       0xd0 .build/obj_sofle_rev1_official/quantum/quantum.o
 .debug_aranges
                0x0000000000000100       0x48 .build/obj_sofle_rev1_official/quantum/led.o
 .debug_aranges
                0x0000000000000148       0xe8 .build/obj_sofle_rev1_official/quantum/action.o
 .debug_aranges
                0x0000000000000230       0xe0 .build/obj_sofle_rev1_official/quantum/action_layer.o
 .debug_aranges
                0x0000000000000310       0x48 .build/obj_sofle_rev1_official/quantum/action_tapping.o
 .debug_aranges
                0x0000000000000358      0x198 .build/obj_sofle_rev1_official/quantum/action_util.o
 .debug_aranges
                0x00000000000004f0       0xd8 .build/obj_sofle_rev1_official/quantum/eeconfig.o
 .debug_aranges
                0x00000000000005c8       0xb0 .build/obj_sofle_rev1_official/quantum/keyboard.o
 .debug_aranges
                0x0000000000000678       0x48 .build/obj_sofle_rev1_official/quantum/keymap_common.o
 .debug_aranges
                0x00000000000006c0       0x28 .build/obj_sofle_rev1_official/quantum/keycode_config.o
 .debug_aranges
                0x00000000000006e8       0x18 .build/obj_sofle_rev1_official/quantum/logging/debug.o
 .debug_aranges
                0x0000000000000700       0x20 .build/obj_sofle_rev1_official/quantum/logging/sendchar.o
 .debug_aranges
                0x0000000000000720       0x28 .build/obj_sofle_rev1_official/quantum/bootmagic/magic.o
 .debug_aranges
                0x0000000000000748       0xa0 .build/obj_sofle_rev1_official/quantum/matrix_common.o
 .debug_aranges
                0x00000000000007e8       0x60 .build/obj_sofle_rev1_official/quantum/matrix.o
 .debug_aranges
                0x0000000000000848       0x38 .build/obj_sofle_rev1_official/quantum/debounce/sym_defer_g.o
 .debug_aranges
                0x0000000000000880       0x48 .build/obj_sofle_rev1_official/quantum/split_common/split_util.o
 .debug_aranges
                0x00000000000008c8       0x40 .build/obj_sofle_rev1_official/quantum/split_common/transport.o
 .debug_aranges
                0x0000000000000908       0x50 .build/obj_sofle_rev1_official/quantum/split_common/transactions.o
 .debug_aranges
                0x0000000000000958       0x20 .build/obj_sofle_rev1_official/quantum/main.o
 .debug_aranges
                0x0000000000000978       0x48 .build/obj_sofle_rev1_official/quantum/encoder.o
 .debug_aranges
                0x00000000000009c0       0x28 .build/obj_sofle_rev1_official/crc.o
 .debug_aranges
                0x00000000000009e8      0x138 .build/obj_sofle_rev1_official/ssd1306_sh1106.o
 .debug_aranges
                0x0000000000000b20       0x28 .build/obj_sofle_rev1_official/quantum/process_keycode/process_space_cadet.o
 .debug_aranges
                0x0000000000000b48       0x20 .build/obj_sofle_rev1_official/quantum/process_keycode/process_magic.o
 .debug_aranges
                0x0000000000000b68       0x20 .build/obj_sofle_rev1_official/quantum/process_keycode/process_grave_esc.o
 .debug_aranges
                0x0000000000000b88       0x68 .build/obj_sofle_rev1_official/i2c_master.a(i2c_master.o)
 .debug_aranges
                0x0000000000000bf0       0x70 .build/obj_sofle_rev1_official/serial.a(serial.o)
 .debug_aranges
                0x0000000000000c60       0x80 .build/obj_sofle_rev1_official/common/host.o
 .debug_aranges
                0x0000000000000ce0       0x58 .build/obj_sofle_rev1_official/common/report.o
 .debug_aranges