Archive member included to satisfy reference by file (symbol)

.build/obj_sofle_rev1_broken-personal/i2c_master.a(i2c_master.o)
                              .build/obj_sofle_rev1_broken-personal/ssd1306_sh1106.o (i2c_init)
.build/obj_sofle_rev1_broken-personal/serial.a(serial.o)
                              .build/obj_sofle_rev1_broken-personal/quantum/split_common/transport.o (soft_serial_initiator_init)
/usr/lib/gcc/avr/11.2.0/../../../../avr/lib/avr5/libm.a(fixunssfsi.o)
                              .build/obj_sofle_rev1_broken-personal/common/host.o (__fixunssfsi)
/usr/lib/gcc/avr/11.2.0/../../../../avr/lib/avr5/libm.a(fp_split3.o)
                              /usr/lib/gcc/avr/11.2.0/../../../../avr/lib/avr5/libm.a(fixunssfsi.o) (__fp_splitA)
/usr/lib/gcc/avr/11.2.0/../../../../avr/lib/avr5/libm.a(fp_zero.o)
                              /usr/lib/gcc/avr/11.2.0/../../../../avr/lib/avr5/libm.a(fixunssfsi.o) (__fp_zero)
/usr/lib/gcc/avr/11.2.0/../../../../avr/lib/avr5/libm.a(mulsf3.o)
                              .build/obj_sofle_rev1_broken-personal/common/host.o (__mulsf3)
/usr/lib/gcc/avr/11.2.0/../../../../avr/lib/avr5/libm.a(mulsf3x.o)
                              /usr/lib/gcc/avr/11.2.0/../../../../avr/lib/avr5/libm.a(mulsf3.o) (__mulsf3x)
/usr/lib/gcc/avr/11.2.0/../../../../avr/lib/avr5/libm.a(fp_inf.o)
                              /usr/lib/gcc/avr/11.2.0/../../../../avr/lib/avr5/libm.a(mulsf3x.o) (__fp_inf)
/usr/lib/gcc/avr/11.2.0/../../../../avr/lib/avr5/libm.a(fp_nan.o)
                              /usr/lib/gcc/avr/11.2.0/../../../../avr/lib/avr5/libm.a(mulsf3x.o) (__fp_nan)
/usr/lib/gcc/avr/11.2.0/../../../../avr/lib/avr5/libm.a(fp_pscA.o)
                              /usr/lib/gcc/avr/11.2.0/../../../../avr/lib/avr5/libm.a(mulsf3x.o) (__fp_pscA)
/usr/lib/gcc/avr/11.2.0/../../../../avr/lib/avr5/libm.a(fp_pscB.o)
                              /usr/lib/gcc/avr/11.2.0/../../../../avr/lib/avr5/libm.a(mulsf3x.o) (__fp_pscB)
/usr/lib/gcc/avr/11.2.0/../../../../avr/lib/avr5/libm.a(fp_round.o)
                              /usr/lib/gcc/avr/11.2.0/../../../../avr/lib/avr5/libm.a(mulsf3.o) (__fp_round)
/usr/lib/gcc/avr/11.2.0/avr5/libgcc.a(_udivmodqi4.o)
                              .build/obj_sofle_rev1_broken-personal/ssd1306_sh1106.o (__udivmodqi4)
/usr/lib/gcc/avr/11.2.0/avr5/libgcc.a(_udivmodhi4.o)
                              .build/obj_sofle_rev1_broken-personal/ssd1306_sh1106.o (__udivmodhi4)
/usr/lib/gcc/avr/11.2.0/avr5/libgcc.a(_divmodhi4.o)
                              .build/obj_sofle_rev1_broken-personal/quantum/encoder.o (__divmodhi4)
/usr/lib/gcc/avr/11.2.0/avr5/libgcc.a(_exit.o)
                              /usr/lib/gcc/avr/11.2.0/../../../../avr/lib/avr5/crtatmega32u4.o (exit)
/usr/lib/gcc/avr/11.2.0/avr5/libgcc.a(_tablejump2.o)
                              .build/obj_sofle_rev1_broken-personal/quantum/action.o (__tablejump2__)
/usr/lib/gcc/avr/11.2.0/avr5/libgcc.a(_copy_data.o)
                              .build/obj_sofle_rev1_broken-personal/quantum/action.o (__do_copy_data)
/usr/lib/gcc/avr/11.2.0/avr5/libgcc.a(_clear_bss.o)
                              .build/obj_sofle_rev1_broken-personal/quantum/action.o (__do_clear_bss)
/usr/lib/gcc/avr/11.2.0/avr5/libgcc.a(_popcounthi2.o)
                              .build/obj_sofle_rev1_broken-personal/quantum/bitwise.o (__popcounthi2)
/usr/lib/gcc/avr/11.2.0/avr5/libgcc.a(_popcountsi2.o)
                              .build/obj_sofle_rev1_broken-personal/quantum/bitwise.o (__popcountsi2)
/usr/lib/gcc/avr/11.2.0/avr5/libgcc.a(_popcountqi2.o)
                              /usr/lib/gcc/avr/11.2.0/avr5/libgcc.a(_popcounthi2.o) (__popcountqi2)
/usr/lib/gcc/avr/11.2.0/../../../../avr/lib/avr5/libc.a(memcpy_P.o)
                              .build/obj_sofle_rev1_broken-personal/ssd1306_sh1106.o (memcpy_P)
/usr/lib/gcc/avr/11.2.0/../../../../avr/lib/avr5/libc.a(memcmp.o)
                              .build/obj_sofle_rev1_broken-personal/quantum/matrix.o (memcmp)
/usr/lib/gcc/avr/11.2.0/../../../../avr/lib/avr5/libc.a(memcpy.o)
                              .build/obj_sofle_rev1_broken-personal/quantum/split_common/transport.o (memcpy)
/usr/lib/gcc/avr/11.2.0/../../../../avr/lib/avr5/libc.a(memmove.o)
                              .build/obj_sofle_rev1_broken-personal/ssd1306_sh1106.o (memmove)
/usr/lib/gcc/avr/11.2.0/../../../../avr/lib/avr5/libatmega32u4.a(eerd_byte.o)
                              .build/obj_sofle_rev1_broken-personal/quantum/eeconfig.o (eeprom_read_byte)
/usr/lib/gcc/avr/11.2.0/../../../../avr/lib/avr5/libatmega32u4.a(eerd_dword.o)
                              .build/obj_sofle_rev1_broken-personal/quantum/eeconfig.o (eeprom_read_dword)
/usr/lib/gcc/avr/11.2.0/../../../../avr/lib/avr5/libatmega32u4.a(eerd_word.o)
                              .build/obj_sofle_rev1_broken-personal/quantum/eeconfig.o (eeprom_read_word)
/usr/lib/gcc/avr/11.2.0/../../../../avr/lib/avr5/libatmega32u4.a(eeupd_byte.o)
[...]
Memory Configuration

Name             Origin             Length             Attributes
text             0x0000000000000000 0x0000000000020000 xr
data             0x0000000000800060 0x000000000000ffa0 rw !x
eeprom           0x0000000000810000 0x0000000000010000 rw !x
fuse             0x0000000000820000 0x0000000000000400 rw !x
lock             0x0000000000830000 0x0000000000000400 rw !x
signature        0x0000000000840000 0x0000000000000400 rw !x
user_signatures  0x0000000000850000 0x0000000000000400 rw !x
*default*        0x0000000000000000 0xffffffffffffffff

Linker script and memory map

Address of section .data set to 0x800100
LOAD /usr/lib/gcc/avr/11.2.0/../../../../avr/lib/avr5/crtatmega32u4.o
LOAD .build/obj_sofle_rev1_broken-personal/keyboards/sofle/sofle.o
LOAD .build/obj_sofle_rev1_broken-personal/keyboards/sofle/rev1/rev1.o
LOAD .build/obj_sofle_rev1_broken-personal/keyboards/sofle/keymaps/broken-personal/keymap.o
LOAD .build/obj_sofle_rev1_broken-personal/quantum/quantum.o
LOAD .build/obj_sofle_rev1_broken-personal/quantum/send_string.o
LOAD .build/obj_sofle_rev1_broken-personal/quantum/bitwise.o
LOAD .build/obj_sofle_rev1_broken-personal/quantum/led.o
LOAD .build/obj_sofle_rev1_broken-personal/quantum/action.o
LOAD .build/obj_sofle_rev1_broken-personal/quantum/action_layer.o
LOAD .build/obj_sofle_rev1_broken-personal/quantum/action_macro.o
LOAD .build/obj_sofle_rev1_broken-personal/quantum/action_tapping.o
LOAD .build/obj_sofle_rev1_broken-personal/quantum/action_util.o
LOAD .build/obj_sofle_rev1_broken-personal/quantum/eeconfig.o
LOAD .build/obj_sofle_rev1_broken-personal/quantum/keyboard.o
LOAD .build/obj_sofle_rev1_broken-personal/quantum/keymap_common.o
LOAD .build/obj_sofle_rev1_broken-personal/quantum/keycode_config.o
LOAD .build/obj_sofle_rev1_broken-personal/quantum/logging/debug.o
LOAD .build/obj_sofle_rev1_broken-personal/quantum/logging/sendchar.o
LOAD .build/obj_sofle_rev1_broken-personal/quantum/bootmagic/magic.o
LOAD .build/obj_sofle_rev1_broken-personal/quantum/matrix_common.o
LOAD .build/obj_sofle_rev1_broken-personal/quantum/matrix.o
LOAD .build/obj_sofle_rev1_broken-personal/quantum/debounce/sym_defer_g.o
LOAD .build/obj_sofle_rev1_broken-personal/quantum/split_common/split_util.o
LOAD .build/obj_sofle_rev1_broken-personal/quantum/split_common/transport.o
LOAD .build/obj_sofle_rev1_broken-personal/quantum/split_common/transactions.o
LOAD .build/obj_sofle_rev1_broken-personal/quantum/main.o
LOAD .build/obj_sofle_rev1_broken-personal/quantum/encoder.o
LOAD .build/obj_sofle_rev1_broken-personal/crc.o
LOAD .build/obj_sofle_rev1_broken-personal/ssd1306_sh1106.o
LOAD .build/obj_sofle_rev1_broken-personal/quantum/process_keycode/process_space_cadet.o
LOAD .build/obj_sofle_rev1_broken-personal/quantum/process_keycode/process_magic.o
LOAD .build/obj_sofle_rev1_broken-personal/quantum/process_keycode/process_grave_esc.o
LOAD .build/obj_sofle_rev1_broken-personal/i2c_master.a
LOAD .build/obj_sofle_rev1_broken-personal/i2c_slave.a
LOAD .build/obj_sofle_rev1_broken-personal/serial.a
LOAD .build/obj_sofle_rev1_broken-personal/common/host.o
LOAD .build/obj_sofle_rev1_broken-personal/common/report.o
LOAD .build/obj_sofle_rev1_broken-personal/common/sync_timer.o
LOAD .build/obj_sofle_rev1_broken-personal/common/usb_util.o
LOAD .build/obj_sofle_rev1_broken-personal/common/avr/platform.o
LOAD .build/obj_sofle_rev1_broken-personal/common/avr/suspend.o
LOAD .build/obj_sofle_rev1_broken-personal/common/avr/timer.o
LOAD .build/obj_sofle_rev1_broken-personal/common/avr/bootloader.o
LOAD .build/obj_sofle_rev1_broken-personal/common/avr/xprintf.o
LOAD .build/obj_sofle_rev1_broken-personal/common/avr/printf.o
LOAD .build/obj_sofle_rev1_broken-personal/lufa.o
LOAD .build/obj_sofle_rev1_broken-personal/usb_descriptor.o
LOAD .build/obj_sofle_rev1_broken-personal/lib/lufa/LUFA/Drivers/USB/Class/Common/HIDParser.o
LOAD .build/obj_sofle_rev1_broken-personal/lib/lufa/LUFA/Drivers/USB/Core/AVR8/Device_AVR8.o
LOAD .build/obj_sofle_rev1_broken-personal/lib/lufa/LUFA/Drivers/USB/Core/AVR8/EndpointStream_AVR8.o
LOAD .build/obj_sofle_rev1_broken-personal/lib/lufa/LUFA/Drivers/USB/Core/AVR8/Endpoint_AVR8.o
LOAD .build/obj_sofle_rev1_broken-personal/lib/lufa/LUFA/Drivers/USB/Core/AVR8/Host_AVR8.o
LOAD .build/obj_sofle_rev1_broken-personal/lib/lufa/LUFA/Drivers/USB/Core/AVR8/PipeStream_AVR8.o
LOAD .build/obj_sofle_rev1_broken-personal/lib/lufa/LUFA/Drivers/USB/Core/AVR8/Pipe_AVR8.o
LOAD .build/obj_sofle_rev1_broken-personal/lib/lufa/LUFA/Drivers/USB/Core/AVR8/USBController_AVR8.o
LOAD .build/obj_sofle_rev1_broken-personal/lib/lufa/LUFA/Drivers/USB/Core/AVR8/USBInterrupt_AVR8.o
LOAD .build/obj_sofle_rev1_broken-personal/lib/lufa/LUFA/Drivers/USB/Core/ConfigDescriptors.o
LOAD .build/obj_sofle_rev1_broken-personal/lib/lufa/LUFA/Drivers/USB/Core/DeviceStandardReq.o
LOAD .build/obj_sofle_rev1_broken-personal/lib/lufa/LUFA/Drivers/USB/Core/Events.o
LOAD .build/obj_sofle_rev1_broken-personal/lib/lufa/LUFA/Drivers/USB/Core/HostStandardReq.o
LOAD .build/obj_sofle_rev1_broken-personal/lib/lufa/LUFA/Drivers/USB/Core/USBTask.o
LOAD .build/obj_sofle_rev1_broken-personal/protocol/lufa/usb_util.o
LOAD /usr/lib/gcc/avr/11.2.0/../../../../avr/lib/avr5/libm.a
START GROUP
LOAD /usr/lib/gcc/avr/11.2.0/avr5/libgcc.a
LOAD /usr/lib/gcc/avr/11.2.0/../../../../avr/lib/avr5/libm.a
LOAD /usr/lib/gcc/avr/11.2.0/../../../../avr/lib/avr5/libc.a
LOAD /usr/lib/gcc/avr/11.2.0/../../../../avr/lib/avr5/libatmega32u4.a
END GROUP
                0x0000000000020000                __TEXT_REGION_LENGTH__ = DEFINED (__TEXT_REGION_LENGTH__)?__TEXT_REGION_LENGTH__:0x20000
                0x000000000000ffa0                __DATA_REGION_LENGTH__ = DEFINED (__DATA_REGION_LENGTH__)?__DATA_REGION_LENGTH__:0xffa0
                0x0000000000010000                __EEPROM_REGION_LENGTH__ = DEFINED (__EEPROM_REGION_LENGTH__)?__EEPROM_REGION_LENGTH__:0x10000
                0x0000000000000400                __FUSE_REGION_LENGTH__ = DEFINED (__FUSE_REGION_LENGTH__)?__FUSE_REGION_LENGTH__:0x400
                0x0000000000000400                __LOCK_REGION_LENGTH__ = DEFINED (__LOCK_REGION_LENGTH__)?__LOCK_REGION_LENGTH__:0x400
                0x0000000000000400                __SIGNATURE_REGION_LENGTH__ = DEFINED (__SIGNATURE_REGION_LENGTH__)?__SIGNATURE_REGION_LENGTH__:0x400
                0x0000000000000400                __USER_SIGNATURE_REGION_LENGTH__ = DEFINED (__USER_SIGNATURE_REGION_LENGTH__)?__USER_SIGNATURE_REGION_LENGTH__:0x400

.hash
 *(.hash)

.dynsym
 *(.dynsym)

.dynstr
 *(.dynstr)

.gnu.version
 *(.gnu.version)

.gnu.version_d
 *(.gnu.version_d)

.gnu.version_r
 *(.gnu.version_r)

.rel.init
 *(.rel.init)

.rela.init
 *(.rela.init)

.rel.text
 *(.rel.text)
 *(.rel.text.*)
 *(.rel.gnu.linkonce.t*)

.rela.text
 *(.rela.text)
 *(.rela.text.*)
 *(.rela.gnu.linkonce.t*)

.rel.fini
 *(.rel.fini)

.rela.fini
 *(.rela.fini)

.rel.rodata
 *(.rel.rodata)
 *(.rel.rodata.*)
 *(.rel.gnu.linkonce.r*)

.rela.rodata
 *(.rela.rodata)
 *(.rela.rodata.*)
 *(.rela.gnu.linkonce.r*)

.rel.data
 *(.rel.data)
 *(.rel.data.*)
 *(.rel.gnu.linkonce.d*)

.rela.data
 *(.rela.data)
 *(.rela.data.*)
 *(.rela.gnu.linkonce.d*)

.rel.ctors
 *(.rel.ctors)

.rela.ctors
 *(.rela.ctors)

.rel.dtors
 *(.rel.dtors)

.rela.dtors
 *(.rela.dtors)

.rel.got
 *(.rel.got)

.rela.got
 *(.rela.got)

.rel.bss
 *(.rel.bss)

.rela.bss
 *(.rela.bss)

.rel.plt
 *(.rel.plt)

.rela.plt
 *(.rela.plt)

.text           0x0000000000000000     0x60ce
 *(.vectors)
 .vectors       0x0000000000000000       0xac /usr/lib/gcc/avr/11.2.0/../../../../avr/lib/avr5/crtatmega32u4.o
                0x0000000000000000                __vectors
                0x0000000000000000                __vector_default
 *(.vectors)
 *(.progmem.gcc*)
                0x00000000000000ac                . = ALIGN (0x2)
                0x00000000000000ac                __trampolines_start = .
 *(.trampolines)
 .trampolines   0x00000000000000ac        0x0 linker stubs
 *(.trampolines*)
                0x00000000000000ac                __trampolines_end = .
 *libprintf_flt.a:*(.progmem.data)
 *libc.a:*(.progmem.data)
 *(.progmem.*)
 .progmem.data.hand_swap_config
                0x00000000000000ac       0x78 .build/obj_sofle_rev1_broken-personal/keyboards/sofle/sofle.o
                0x00000000000000ac                hand_swap_config
 .progmem.data.keymaps
                0x0000000000000124      0x690 .build/obj_sofle_rev1_broken-personal/keyboards/sofle/keymaps/broken-personal/keymap.o
                0x0000000000000124                keymaps
 .progmem.data.__c.0
                0x00000000000007b4       0x12 .build/obj_sofle_rev1_broken-personal/quantum/quantum.o
 .progmem.data.__c.1
                0x00000000000007c6       0x11 .build/obj_sofle_rev1_broken-personal/quantum/quantum.o
 .progmem.data.__c.0
                0x00000000000007d7       0x15 .build/obj_sofle_rev1_broken-personal/quantum/action_util.o
 .progmem.data.__c.0
                0x00000000000007ec        0x2 .build/obj_sofle_rev1_broken-personal/quantum/keyboard.o
 .progmem.data.__c.1
                0x00000000000007ee        0x5 .build/obj_sofle_rev1_broken-personal/quantum/keyboard.o
 .progmem.data.__c.2
                0x00000000000007f3       0x13 .build/obj_sofle_rev1_broken-personal/quantum/keyboard.o
 .progmem.data.__c.0
                0x0000000000000806        0x2 .build/obj_sofle_rev1_broken-personal/quantum/matrix_common.o
 .progmem.data.__c.1
                0x0000000000000808        0x5 .build/obj_sofle_rev1_broken-personal/quantum/matrix_common.o
 .progmem.data.__c.2
                0x000000000000080d        0x3 .build/obj_sofle_rev1_broken-personal/quantum/matrix_common.o
 .progmem.data.__c.3
                0x0000000000000810        0x5 .build/obj_sofle_rev1_broken-personal/quantum/matrix_common.o
 .progmem.data.__c.4
                0x0000000000000815        0xf .build/obj_sofle_rev1_broken-personal/quantum/matrix_common.o
 .progmem.data.__c.0
                0x0000000000000824       0x13 .build/obj_sofle_rev1_broken-personal/quantum/split_common/split_util.o
 .progmem.data.__c.1
                0x0000000000000837       0x36 .build/obj_sofle_rev1_broken-personal/quantum/split_common/split_util.o
 .progmem.data.__c.1
                0x000000000000086d       0x16 .build/obj_sofle_rev1_broken-personal/quantum/split_common/transactions.o
 .progmem.data.__c.10
                0x0000000000000883       0x15 .build/obj_sofle_rev1_broken-personal/ssd1306_sh1106.o
 .progmem.data.display_off.11
                0x0000000000000898        0x2 .build/obj_sofle_rev1_broken-personal/ssd1306_sh1106.o
 .progmem.data.__c.12
                0x000000000000089a       0x14 .build/obj_sofle_rev1_broken-personal/ssd1306_sh1106.o
 .progmem.data.display_on.13
                0x00000000000008ae        0x2 .build/obj_sofle_rev1_broken-personal/ssd1306_sh1106.o
 .progmem.data.__c.15
                0x00000000000008b0       0x1b .build/obj_sofle_rev1_broken-personal/ssd1306_sh1106.o
 .progmem.data.__c.19
                0x00000000000008cb       0x19 .build/obj_sofle_rev1_broken-personal/ssd1306_sh1106.o
 .progmem.data.__c.20
                0x00000000000008e4       0x23 .build/obj_sofle_rev1_broken-personal/ssd1306_sh1106.o
 .progmem.data.__c.22
                0x0000000000000907       0x17 .build/obj_sofle_rev1_broken-personal/ssd1306_sh1106.o
 .progmem.data.display_setup2.23
                0x000000000000091e        0xd .build/obj_sofle_rev1_broken-personal/ssd1306_sh1106.o
 .progmem.data.__c.24
                0x000000000000092b       0x18 .build/obj_sofle_rev1_broken-personal/ssd1306_sh1106.o
 .progmem.data.display_flipped.25
                0x0000000000000943        0x3 .build/obj_sofle_rev1_broken-personal/ssd1306_sh1106.o
 .progmem.data.__c.26
                0x0000000000000946       0x26 .build/obj_sofle_rev1_broken-personal/ssd1306_sh1106.o
 .progmem.data.display_normal.27
                0x000000000000096c        0x3 .build/obj_sofle_rev1_broken-personal/ssd1306_sh1106.o
 .progmem.data.__c.28
                0x000000000000096f       0x1c .build/obj_sofle_rev1_broken-personal/ssd1306_sh1106.o
 .progmem.data.display_setup1.29
                0x000000000000098b        0xd .build/obj_sofle_rev1_broken-personal/ssd1306_sh1106.o
 .progmem.data.__c.0
                0x0000000000000998        0x2 .build/obj_sofle_rev1_broken-personal/common/host.o
 .progmem.data.__c.1
                0x000000000000099a        0x6 .build/obj_sofle_rev1_broken-personal/common/host.o
 .progmem.data.__c.2
                0x00000000000009a0       0x12 .build/obj_sofle_rev1_broken-personal/common/host.o
 .progmem.data.__c.0
                0x00000000000009b2        0x4 .build/obj_sofle_rev1_broken-personal/lufa.o
 .progmem.data.__c.1
                0x00000000000009b6       0x11 .build/obj_sofle_rev1_broken-personal/lufa.o
 .progmem.data.__c.4
                0x00000000000009c7        0x4 .build/obj_sofle_rev1_broken-personal/lufa.o
 .progmem.data.__c.5
                0x00000000000009cb        0x4 .build/obj_sofle_rev1_broken-personal/lufa.o
 .progmem.data.__c.6
                0x00000000000009cf        0x4 .build/obj_sofle_rev1_broken-personal/lufa.o
 .progmem.data.__c.7
                0x00000000000009d3        0x4 .build/obj_sofle_rev1_broken-personal/lufa.o
 .progmem.data.__c.8
                0x00000000000009d7        0x4 .build/obj_sofle_rev1_broken-personal/lufa.o
 .progmem.data.ProductString
                0x00000000000009db        0xe .build/obj_sofle_rev1_broken-personal/usb_descriptor.o
                0x00000000000009db                ProductString
 .progmem.data.ManufacturerString
                0x00000000000009e9       0x1c .build/obj_sofle_rev1_broken-personal/usb_descriptor.o
                0x00000000000009e9                ManufacturerString
 .progmem.data.LanguageString
                0x0000000000000a05        0x4 .build/obj_sofle_rev1_broken-personal/usb_descriptor.o
                0x0000000000000a05                LanguageString
 .progmem.data.ConfigurationDescriptor
                0x0000000000000a09       0x5b .build/obj_sofle_rev1_broken-personal/usb_descriptor.o
                0x0000000000000a09                ConfigurationDescriptor
 .progmem.data.DeviceDescriptor
                0x0000000000000a64       0x12 .build/obj_sofle_rev1_broken-personal/usb_descriptor.o
                0x0000000000000a64                DeviceDescriptor
 .progmem.data.ConsoleReport
                0x0000000000000a76       0x22 .build/obj_sofle_rev1_broken-personal/usb_descriptor.o
                0x0000000000000a76                ConsoleReport
 .progmem.data.SharedReport
                0x0000000000000a98       0x32 .build/obj_sofle_rev1_broken-personal/usb_descriptor.o
                0x0000000000000a98                SharedReport
 .progmem.data.KeyboardReport
                0x0000000000000aca       0x40 .build/obj_sofle_rev1_broken-personal/usb_descriptor.o
                0x0000000000000aca                KeyboardReport
                0x0000000000000b0a                . = ALIGN (0x2)
 *(.lowtext)
 *(.lowtext*)
                0x0000000000000b0a                __ctors_start = .
 *(.ctors)
                0x0000000000000b0a                __ctors_end = .
                0x0000000000000b0a                __dtors_start = .
 *(.dtors)
                0x0000000000000b0a                __dtors_end = .
 SORT_BY_NAME(*)(.ctors)
 SORT_BY_NAME(*)(.dtors)
 *(.init0)
 .init0         0x0000000000000b0a        0x0 /usr/lib/gcc/avr/11.2.0/../../../../avr/lib/avr5/crtatmega32u4.o
                0x0000000000000b0a                __init
 *(.init0)
 *(.init1)
 *(.init1)
 *(.init2)
 .init2         0x0000000000000b0a        0xc /usr/lib/gcc/avr/11.2.0/../../../../avr/lib/avr5/crtatmega32u4.o
 *(.init2)
 *(.init3)
 .init3         0x0000000000000b16       0x54 .build/obj_sofle_rev1_broken-personal/common/avr/bootloader.o
                0x0000000000000b16                bootloader_jump_after_watchdog_reset
 *(.init3)
 *(.init4)
 .init4         0x0000000000000b6a       0x16 /usr/lib/gcc/avr/11.2.0/avr5/libgcc.a(_copy_data.o)
                0x0000000000000b6a                __do_copy_data
 .init4         0x0000000000000b80       0x10 /usr/lib/gcc/avr/11.2.0/avr5/libgcc.a(_clear_bss.o)
                0x0000000000000b80                __do_clear_bss
 *(.init4)
 *(.init5)
 *(.init5)
 *(.init6)
 *(.init6)
 *(.init7)
 *(.init7)
 *(.init8)
 *(.init8)
 *(.init9)
 .init9         0x0000000000000b90        0x8 /usr/lib/gcc/avr/11.2.0/../../../../avr/lib/avr5/crtatmega32u4.o
 *(.init9)
 *(.text)
 .text          0x0000000000000b98        0x4 /usr/lib/gcc/avr/11.2.0/../../../../avr/lib/avr5/crtatmega32u4.o
                0x0000000000000b98                __vector_38
                0x0000000000000b98                __vector_22
                0x0000000000000b98                __vector_28
                0x0000000000000b98                __vector_1
                0x0000000000000b98                __vector_32
                0x0000000000000b98                __vector_34
                0x0000000000000b98                __vector_24
                0x0000000000000b98                __bad_interrupt
                0x0000000000000b98                __vector_6
                0x0000000000000b98                __vector_31
                0x0000000000000b98                __vector_35
                0x0000000000000b98                __vector_39
                0x0000000000000b98                __vector_23
                0x0000000000000b98                __vector_30
                0x0000000000000b98                __vector_25
                0x0000000000000b98                __vector_13
                0x0000000000000b98                __vector_17
                0x0000000000000b98                __vector_19
                0x0000000000000b98                __vector_7
                0x0000000000000b98                __vector_41
                0x0000000000000b98                __vector_27
                0x0000000000000b98                __vector_5
                0x0000000000000b98                __vector_33
                0x0000000000000b98                __vector_37
                0x0000000000000b98                __vector_4
                0x0000000000000b98                __vector_9
                0x0000000000000b98                __vector_2
                0x0000000000000b98                __vector_15
                0x0000000000000b98                __vector_36
                0x0000000000000b98                __vector_29
                0x0000000000000b98                __vector_40
                0x0000000000000b98                __vector_8
                0x0000000000000b98                __vector_26
                0x0000000000000b98                __vector_14
                0x0000000000000b98                __vector_16
                0x0000000000000b98                __vector_18
                0x0000000000000b98                __vector_20
                0x0000000000000b98                __vector_42
 .text          0x0000000000000b9c      0x15c .build/obj_sofle_rev1_broken-personal/common/avr/xprintf.o
                0x0000000000000b9c                xputc
                0x0000000000000bb4                xputs
                0x0000000000000bc2                xitoa
                0x0000000000000ce6                __xprintf
                0x0000000000000cf8                . = ALIGN (0x2)
 *(.text.*)
 .text.encoder_update_user
                0x0000000000000cf8       0x2a .build/obj_sofle_rev1_broken-personal/keyboards/sofle/keymaps/broken-personal/keymap.o
                0x0000000000000cf8                encoder_update_user
 .text.extract_mod_bits
                0x0000000000000d22       0x54 .build/obj_sofle_rev1_broken-personal/quantum/quantum.o
                0x0000000000000d22                extract_mod_bits
 .text.do_code16
                0x0000000000000d76       0x12 .build/obj_sofle_rev1_broken-personal/quantum/quantum.o
 .text.register_code16
                0x0000000000000d88       0x2a .build/obj_sofle_rev1_broken-personal/quantum/quantum.o
                0x0000000000000d88                register_code16
 .text.unregister_code16
                0x0000000000000db2       0x2a .build/obj_sofle_rev1_broken-personal/quantum/quantum.o
                0x0000000000000db2                unregister_code16
 .text.tap_code16
                0x0000000000000ddc       0x24 .build/obj_sofle_rev1_broken-personal/quantum/quantum.o
                0x0000000000000ddc                tap_code16
 .text.process_action_kb
                0x0000000000000e00        0x4 .build/obj_sofle_rev1_broken-personal/quantum/quantum.o
                0x0000000000000e00                process_action_kb
 .text.process_record_user
                0x0000000000000e04        0x4 .build/obj_sofle_rev1_broken-personal/quantum/quantum.o
                0x0000000000000e04                process_record_user
 .text.process_record_kb
                0x0000000000000e08        0x4 .build/obj_sofle_rev1_broken-personal/quantum/quantum.o
                0x0000000000000e08                process_record_kb
 .text.post_process_record_user
                0x0000000000000e0c        0x2 .build/obj_sofle_rev1_broken-personal/quantum/quantum.o
                0x0000000000000e0c                post_process_record_user
 .text.post_process_record_kb
                0x0000000000000e0e        0x4 .build/obj_sofle_rev1_broken-personal/quantum/quantum.o
                0x0000000000000e0e                post_process_record_kb
 .text.get_event_keycode
                0x0000000000000e12       0x66 .build/obj_sofle_rev1_broken-personal/quantum/quantum.o
                0x0000000000000e12                get_event_keycode
 .text.get_record_keycode
                0x0000000000000e78       0x12 .build/obj_sofle_rev1_broken-personal/quantum/quantum.o
                0x0000000000000e78                get_record_keycode
 .text.pre_process_record_quantum
                0x0000000000000e8a        0x4 .build/obj_sofle_rev1_broken-personal/quantum/quantum.o
                0x0000000000000e8a                pre_process_record_quantum
 .text.post_process_record_quantum
                0x0000000000000e8e       0x1a .build/obj_sofle_rev1_broken-personal/quantum/quantum.o
                0x0000000000000e8e                post_process_record_quantum
 .text.matrix_init_quantum
                0x0000000000000ea8        0xc .build/obj_sofle_rev1_broken-personal/quantum/quantum.o
                0x0000000000000ea8                matrix_init_quantum
 .text.matrix_scan_quantum
                0x0000000000000eb4        0x4 .build/obj_sofle_rev1_broken-personal/quantum/quantum.o
                0x0000000000000eb4                matrix_scan_quantum
 .text.shutdown_user
                0x0000000000000eb8        0x2 .build/obj_sofle_rev1_broken-personal/quantum/quantum.o
                0x0000000000000eb8                shutdown_user
 .text.reset_keyboard
                0x0000000000000eba       0x1e .build/obj_sofle_rev1_broken-personal/quantum/quantum.o
                0x0000000000000eba                reset_keyboard
 .text.process_record_quantum
                0x0000000000000ed8       0xd0 .build/obj_sofle_rev1_broken-personal/quantum/quantum.o
                0x0000000000000ed8                process_record_quantum
 .text.bitrev   0x0000000000000fa8       0x28 .build/obj_sofle_rev1_broken-personal/quantum/bitwise.o
                0x0000000000000fa8                bitrev
 .text.led_set_user
                0x0000000000000fd0        0x2 .build/obj_sofle_rev1_broken-personal/quantum/led.o
                0x0000000000000fd0                led_set_user
 .text.led_set_kb
                0x0000000000000fd2        0x4 .build/obj_sofle_rev1_broken-personal/quantum/led.o
                0x0000000000000fd2                led_set_kb
 .text.led_update_user
                0x0000000000000fd6        0x4 .build/obj_sofle_rev1_broken-personal/quantum/led.o
                0x0000000000000fd6                led_update_user
 .text.led_update_kb
                0x0000000000000fda        0x4 .build/obj_sofle_rev1_broken-personal/quantum/led.o
                0x0000000000000fda                led_update_kb
 .text.led_init_ports
                0x0000000000000fde        0x2 .build/obj_sofle_rev1_broken-personal/quantum/led.o
                0x0000000000000fde                led_init_ports
 .text.led_set  0x0000000000000fe0       0x10 .build/obj_sofle_rev1_broken-personal/quantum/led.o
                0x0000000000000fe0                led_set
 .text.process_hand_swap
                0x0000000000000ff0       0x6a .build/obj_sofle_rev1_broken-personal/quantum/action.o
                0x0000000000000ff0                process_hand_swap
 .text.action_exec
                0x000000000000105a       0xa6 .build/obj_sofle_rev1_broken-personal/quantum/action.o
                0x000000000000105a                action_exec
 .text.process_record_tap_hint
                0x0000000000001100       0x28 .build/obj_sofle_rev1_broken-personal/quantum/action.o
                0x0000000000001100                process_record_tap_hint
 .text.register_code
                0x0000000000001128       0x88 .build/obj_sofle_rev1_broken-personal/quantum/action.o
                0x0000000000001128                register_code
 .text.unregister_code
                0x00000000000011b0       0x50 .build/obj_sofle_rev1_broken-personal/quantum/action.o
                0x00000000000011b0                unregister_code
 .text.tap_code_delay
                0x0000000000001200       0x2e .build/obj_sofle_rev1_broken-personal/quantum/action.o
                0x0000000000001200                tap_code_delay
 .text.tap_code
                0x000000000000122e       0x10 .build/obj_sofle_rev1_broken-personal/quantum/action.o
                0x000000000000122e                tap_code
 .text.register_mods
                0x000000000000123e        0xe .build/obj_sofle_rev1_broken-personal/quantum/action.o
                0x000000000000123e                register_mods
 .text.unregister_mods
                0x000000000000124c        0xe .build/obj_sofle_rev1_broken-personal/quantum/action.o
                0x000000000000124c                unregister_mods
 .text.process_action
                0x000000000000125a      0x5a8 .build/obj_sofle_rev1_broken-personal/quantum/action.o
                0x000000000000125a                process_action
 .text.process_record_handler
                0x0000000000001802       0x2e .build/obj_sofle_rev1_broken-personal/quantum/action.o
                0x0000000000001802                process_record_handler
 .text.process_record
                0x0000000000001830       0x50 .build/obj_sofle_rev1_broken-personal/quantum/action.o
                0x0000000000001830                process_record
 .text.register_weak_mods
                0x0000000000001880        0xe .build/obj_sofle_rev1_broken-personal/quantum/action.o
                0x0000000000001880                register_weak_mods
 .text.unregister_weak_mods
                0x000000000000188e        0xe .build/obj_sofle_rev1_broken-personal/quantum/action.o
                0x000000000000188e                unregister_weak_mods
 .text.clear_keyboard_but_mods_and_keys
                0x000000000000189c       0x1c .build/obj_sofle_rev1_broken-personal/quantum/action.o
                0x000000000000189c                clear_keyboard_but_mods_and_keys
 .text.clear_keyboard_but_mods
                0x00000000000018b8        0x8 .build/obj_sofle_rev1_broken-personal/quantum/action.o
                0x00000000000018b8                clear_keyboard_but_mods
 .text.clear_keyboard
                0x00000000000018c0        0x8 .build/obj_sofle_rev1_broken-personal/quantum/action.o
                0x00000000000018c0                clear_keyboard
 .text.is_tap_action
                0x00000000000018c8       0x52 .build/obj_sofle_rev1_broken-personal/quantum/action.o
                0x00000000000018c8                is_tap_action
 .text.is_tap_record
                0x000000000000191a        0xe .build/obj_sofle_rev1_broken-personal/quantum/action.o
                0x000000000000191a                is_tap_record
 .text.debug_event
                0x0000000000001928       0x1e .build/obj_sofle_rev1_broken-personal/quantum/action.o
                0x0000000000001928                debug_event
 .text.debug_record
                0x0000000000001946       0x20 .build/obj_sofle_rev1_broken-personal/quantum/action.o
                0x0000000000001946                debug_record
 .text.default_layer_state_set_user
                0x0000000000001966        0x2 .build/obj_sofle_rev1_broken-personal/quantum/action_layer.o
                0x0000000000001966                default_layer_state_set_user
 .text.default_layer_state_set_kb
                0x0000000000001968        0x4 .build/obj_sofle_rev1_broken-personal/quantum/action_layer.o
                0x0000000000001968                default_layer_state_set_kb
 .text.default_layer_state_set
                0x000000000000196c       0x18 .build/obj_sofle_rev1_broken-personal/quantum/action_layer.o
 .text.default_layer_debug
                0x0000000000001984        0x2 .build/obj_sofle_rev1_broken-personal/quantum/action_layer.o
                0x0000000000001984                default_layer_debug
 .text.default_layer_set
                0x0000000000001986        0x4 .build/obj_sofle_rev1_broken-personal/quantum/action_layer.o
                0x0000000000001986                default_layer_set
 .text.default_layer_or
                0x000000000000198a       0x50 .build/obj_sofle_rev1_broken-personal/quantum/action_layer.o
                0x000000000000198a                default_layer_or
 .text.default_layer_and
                0x00000000000019da       0x50 .build/obj_sofle_rev1_broken-personal/quantum/action_layer.o
                0x00000000000019da                default_layer_and
 .text.default_layer_xor
                0x0000000000001a2a       0x50 .build/obj_sofle_rev1_broken-personal/quantum/action_layer.o
                0x0000000000001a2a                default_layer_xor
 .text.layer_state_set_user
                0x0000000000001a7a        0x4 .build/obj_sofle_rev1_broken-personal/quantum/action_layer.o
                0x0000000000001a7a                layer_state_set_user
 .text.layer_state_set_kb
                0x0000000000001a7e        0x4 .build/obj_sofle_rev1_broken-personal/quantum/action_layer.o
                0x0000000000001a7e                layer_state_set_kb
 .text.layer_state_set
                0x0000000000001a82       0x18 .build/obj_sofle_rev1_broken-personal/quantum/action_layer.o
                0x0000000000001a82                layer_state_set
 .text.layer_clear
                0x0000000000001a9a        0xa .build/obj_sofle_rev1_broken-personal/quantum/action_layer.o
                0x0000000000001a9a                layer_clear
 .text.layer_move
                0x0000000000001aa4       0x4a .build/obj_sofle_rev1_broken-personal/quantum/action_layer.o
                0x0000000000001aa4                layer_move
 .text.layer_on
                0x0000000000001aee       0x62 .build/obj_sofle_rev1_broken-personal/quantum/action_layer.o
                0x0000000000001aee                layer_on
 .text.layer_off
                0x0000000000001b50       0x6a .build/obj_sofle_rev1_broken-personal/quantum/action_layer.o
                0x0000000000001b50                layer_off
 .text.layer_invert
                0x0000000000001bba       0x62 .build/obj_sofle_rev1_broken-personal/quantum/action_layer.o
                0x0000000000001bba                layer_invert
 .text.layer_or
                0x0000000000001c1c       0x50 .build/obj_sofle_rev1_broken-personal/quantum/action_layer.o
                0x0000000000001c1c                layer_or
 .text.layer_and
                0x0000000000001c6c       0x50 .build/obj_sofle_rev1_broken-personal/quantum/action_layer.o
                0x0000000000001c6c                layer_and
 .text.layer_xor
                0x0000000000001cbc       0x50 .build/obj_sofle_rev1_broken-personal/quantum/action_layer.o
                0x0000000000001cbc                layer_xor
 .text.layer_debug
                0x0000000000001d0c        0x2 .build/obj_sofle_rev1_broken-personal/quantum/action_layer.o
                0x0000000000001d0c                layer_debug
 .text.update_source_layers_cache
                0x0000000000001d0e       0x5c .build/obj_sofle_rev1_broken-personal/quantum/action_layer.o
                0x0000000000001d0e                update_source_layers_cache
 .text.read_source_layers_cache
                0x0000000000001d6a       0x52 .build/obj_sofle_rev1_broken-personal/quantum/action_layer.o
                0x0000000000001d6a                read_source_layers_cache
 .text.layer_switch_get_layer
                0x0000000000001dbc       0x84 .build/obj_sofle_rev1_broken-personal/quantum/action_layer.o
                0x0000000000001dbc                layer_switch_get_layer
 .text.layer_switch_get_action
                0x0000000000001e40       0x18 .build/obj_sofle_rev1_broken-personal/quantum/action_layer.o
                0x0000000000001e40                layer_switch_get_action
 .text.store_or_get_action
                0x0000000000001e58       0x54 .build/obj_sofle_rev1_broken-personal/quantum/action_layer.o
                0x0000000000001e58                store_or_get_action
 .text.debug_waiting_buffer
                0x0000000000001eac       0x42 .build/obj_sofle_rev1_broken-personal/quantum/action_tapping.o
 .text.debug_tapping_key
                0x0000000000001eee       0x1c .build/obj_sofle_rev1_broken-personal/quantum/action_tapping.o
 .text.waiting_buffer_scan_tap
                0x0000000000001f0a       0xac .build/obj_sofle_rev1_broken-personal/quantum/action_tapping.o
 .text.process_tapping
                0x0000000000001fb6      0x31e .build/obj_sofle_rev1_broken-personal/quantum/action_tapping.o
 .text.action_tapping_process
                0x00000000000022d4      0x134 .build/obj_sofle_rev1_broken-personal/quantum/action_tapping.o
                0x00000000000022d4                action_tapping_process
 .text.add_key  0x0000000000002408        0xe .build/obj_sofle_rev1_broken-personal/quantum/action_util.o
                0x0000000000002408                add_key
 .text.del_key  0x0000000000002416        0xe .build/obj_sofle_rev1_broken-personal/quantum/action_util.o
                0x0000000000002416                del_key
 .text.clear_keys
                0x0000000000002424        0xc .build/obj_sofle_rev1_broken-personal/quantum/action_util.o
                0x0000000000002424                clear_keys
 .text.get_oneshot_layer
                0x0000000000002430        0xc .build/obj_sofle_rev1_broken-personal/quantum/action_util.o
                0x0000000000002430                get_oneshot_layer
 .text.get_oneshot_layer_state
                0x000000000000243c        0x8 .build/obj_sofle_rev1_broken-personal/quantum/action_util.o
                0x000000000000243c                get_oneshot_layer_state
 .text.set_oneshot_swaphands
                0x0000000000002444        0xe .build/obj_sofle_rev1_broken-personal/quantum/action_util.o
                0x0000000000002444                set_oneshot_swaphands
 .text.clear_oneshot_swaphands
                0x0000000000002452        0xa .build/obj_sofle_rev1_broken-personal/quantum/action_util.o
                0x0000000000002452                clear_oneshot_swaphands
 .text.release_oneshot_swaphands
                0x000000000000245c       0x1a .build/obj_sofle_rev1_broken-personal/quantum/action_util.o
                0x000000000000245c                release_oneshot_swaphands
 .text.use_oneshot_swaphands
                0x0000000000002476       0x1a .build/obj_sofle_rev1_broken-personal/quantum/action_util.o
                0x0000000000002476                use_oneshot_swaphands
 .text.is_oneshot_layer_active
                0x0000000000002490        0xe .build/obj_sofle_rev1_broken-personal/quantum/action_util.o
                0x0000000000002490                is_oneshot_layer_active
 .text.oneshot_set
                0x000000000000249e       0x4a .build/obj_sofle_rev1_broken-personal/quantum/action_util.o
                0x000000000000249e                oneshot_set
 .text.oneshot_toggle
                0x00000000000024e8       0x12 .build/obj_sofle_rev1_broken-personal/quantum/action_util.o
                0x00000000000024e8                oneshot_toggle
 .text.oneshot_enable
                0x00000000000024fa        0x6 .build/obj_sofle_rev1_broken-personal/quantum/action_util.o
                0x00000000000024fa                oneshot_enable
 .text.oneshot_disable
                0x0000000000002500        0x6 .build/obj_sofle_rev1_broken-personal/quantum/action_util.o
                0x0000000000002500                oneshot_disable
 .text.get_mods
                0x0000000000002506        0x6 .build/obj_sofle_rev1_broken-personal/quantum/action_util.o
                0x0000000000002506                get_mods
 .text.add_mods
                0x000000000000250c        0xc .build/obj_sofle_rev1_broken-personal/quantum/action_util.o
                0x000000000000250c                add_mods
 .text.del_mods
                0x0000000000002518       0x10 .build/obj_sofle_rev1_broken-personal/quantum/action_util.o
                0x0000000000002518                del_mods
 .text.clear_mods
                0x0000000000002528        0x6 .build/obj_sofle_rev1_broken-personal/quantum/action_util.o
                0x0000000000002528                clear_mods
 .text.add_weak_mods
                0x000000000000252e        0xc .build/obj_sofle_rev1_broken-personal/quantum/action_util.o
                0x000000000000252e                add_weak_mods
 .text.del_weak_mods
                0x000000000000253a       0x10 .build/obj_sofle_rev1_broken-personal/quantum/action_util.o
                0x000000000000253a                del_weak_mods
 .text.clear_weak_mods
                0x000000000000254a        0x6 .build/obj_sofle_rev1_broken-personal/quantum/action_util.o
                0x000000000000254a                clear_weak_mods
 .text.clear_macro_mods
                0x0000000000002550        0x6 .build/obj_sofle_rev1_broken-personal/quantum/action_util.o
                0x0000000000002550                clear_macro_mods
 .text.get_oneshot_mods
                0x0000000000002556        0x6 .build/obj_sofle_rev1_broken-personal/quantum/action_util.o
                0x0000000000002556                get_oneshot_mods
 .text.oneshot_mods_changed_user
                0x000000000000255c        0x2 .build/obj_sofle_rev1_broken-personal/quantum/action_util.o
                0x000000000000255c                oneshot_mods_changed_user
 .text.oneshot_mods_changed_kb
                0x000000000000255e        0x4 .build/obj_sofle_rev1_broken-personal/quantum/action_util.o
                0x000000000000255e                oneshot_mods_changed_kb
 .text.set_oneshot_mods
                0x0000000000002562       0x1a .build/obj_sofle_rev1_broken-personal/quantum/action_util.o
                0x0000000000002562                set_oneshot_mods
 .text.clear_oneshot_mods
                0x000000000000257c       0x14 .build/obj_sofle_rev1_broken-personal/quantum/action_util.o
                0x000000000000257c                clear_oneshot_mods
 .text.send_keyboard_report
                0x0000000000002590       0x66 .build/obj_sofle_rev1_broken-personal/quantum/action_util.o
                0x0000000000002590                send_keyboard_report
 .text.oneshot_layer_changed_user
                0x00000000000025f6        0x2 .build/obj_sofle_rev1_broken-personal/quantum/action_util.o
                0x00000000000025f6                oneshot_layer_changed_user
 .text.oneshot_layer_changed_kb
                0x00000000000025f8        0x4 .build/obj_sofle_rev1_broken-personal/quantum/action_util.o
                0x00000000000025f8                oneshot_layer_changed_kb
 .text.set_oneshot_layer
                0x00000000000025fc       0x2c .build/obj_sofle_rev1_broken-personal/quantum/action_util.o
                0x00000000000025fc                set_oneshot_layer
 .text.reset_oneshot_layer
                0x0000000000002628        0xa .build/obj_sofle_rev1_broken-personal/quantum/action_util.o
                0x0000000000002628                reset_oneshot_layer
 .text.clear_oneshot_layer_state
                0x0000000000002632       0x38 .build/obj_sofle_rev1_broken-personal/quantum/action_util.o
                0x0000000000002632                clear_oneshot_layer_state
 .text.eeconfig_is_enabled
                0x000000000000266a       0x16 .build/obj_sofle_rev1_broken-personal/quantum/eeconfig.o
                0x000000000000266a                eeconfig_is_enabled
 .text.eeconfig_read_debug
                0x0000000000002680        0x8 .build/obj_sofle_rev1_broken-personal/quantum/eeconfig.o
                0x0000000000002680                eeconfig_read_debug
 .text.eeconfig_read_default_layer
                0x0000000000002688        0x8 .build/obj_sofle_rev1_broken-personal/quantum/eeconfig.o
                0x0000000000002688                eeconfig_read_default_layer
 .text.eeconfig_read_keymap
                0x0000000000002690       0x1c .build/obj_sofle_rev1_broken-personal/quantum/eeconfig.o
                0x0000000000002690                eeconfig_read_keymap
 .text.eeconfig_update_keymap
                0x00000000000026ac       0x1a .build/obj_sofle_rev1_broken-personal/quantum/eeconfig.o
                0x00000000000026ac                eeconfig_update_keymap
 .text.eeconfig_update_kb
                0x00000000000026c6        0xc .build/obj_sofle_rev1_broken-personal/quantum/eeconfig.o
                0x00000000000026c6                eeconfig_update_kb
 .text.eeconfig_update_user
                0x00000000000026d2        0xc .build/obj_sofle_rev1_broken-personal/quantum/eeconfig.o
                0x00000000000026d2                eeconfig_update_user
 .text.eeconfig_init_user
                0x00000000000026de        0xa .build/obj_sofle_rev1_broken-personal/quantum/eeconfig.o
                0x00000000000026de                eeconfig_init_user
 .text.eeconfig_init_kb
                0x00000000000026e8        0xe .build/obj_sofle_rev1_broken-personal/quantum/eeconfig.o
                0x00000000000026e8                eeconfig_init_kb
 .text.eeconfig_init_quantum
                0x00000000000026f6       0xbe .build/obj_sofle_rev1_broken-personal/quantum/eeconfig.o
                0x00000000000026f6                eeconfig_init_quantum
 .text.eeconfig_init
                0x00000000000027b4        0x4 .build/obj_sofle_rev1_broken-personal/quantum/eeconfig.o
                0x00000000000027b4                eeconfig_init
 .text.eeconfig_update_handedness
                0x00000000000027b8        0xa .build/obj_sofle_rev1_broken-personal/quantum/eeconfig.o
                0x00000000000027b8                eeconfig_update_handedness
 .text.last_matrix_activity_trigger
                0x00000000000027c2       0x26 .build/obj_sofle_rev1_broken-personal/quantum/keyboard.o
                0x00000000000027c2                last_matrix_activity_trigger
 .text.last_encoder_activity_trigger
                0x00000000000027e8       0x26 .build/obj_sofle_rev1_broken-personal/quantum/keyboard.o
                0x00000000000027e8                last_encoder_activity_trigger
 .text.disable_jtag
                0x000000000000280e        0xe .build/obj_sofle_rev1_broken-personal/quantum/keyboard.o
                0x000000000000280e                disable_jtag
 .text.keyboard_pre_init_user
                0x000000000000281c        0x2 .build/obj_sofle_rev1_broken-personal/quantum/keyboard.o
                0x000000000000281c                keyboard_pre_init_user
 .text.matrix_setup
                0x000000000000281e        0x2 .build/obj_sofle_rev1_broken-personal/quantum/keyboard.o
                0x000000000000281e                matrix_setup
 .text.keyboard_pre_init_kb
                0x0000000000002820        0x4 .build/obj_sofle_rev1_broken-personal/quantum/keyboard.o
                0x0000000000002820                keyboard_pre_init_kb
 .text.keyboard_post_init_user
                0x0000000000002824        0x2 .build/obj_sofle_rev1_broken-personal/quantum/keyboard.o
                0x0000000000002824                keyboard_post_init_user
 .text.keyboard_post_init_kb
                0x0000000000002826        0x4 .build/obj_sofle_rev1_broken-personal/quantum/keyboard.o
                0x0000000000002826                keyboard_post_init_kb
 .text.keyboard_setup
                0x000000000000282a       0x14 .build/obj_sofle_rev1_broken-personal/quantum/keyboard.o
                0x000000000000282a                keyboard_setup
 .text.should_process_keypress
                0x000000000000283e        0x4 .build/obj_sofle_rev1_broken-personal/quantum/keyboard.o
                0x000000000000283e                should_process_keypress
 .text.housekeeping_task_kb
                0x0000000000002842        0x2 .build/obj_sofle_rev1_broken-personal/quantum/keyboard.o
                0x0000000000002842                housekeeping_task_kb
 .text.housekeeping_task_user
                0x0000000000002844        0x2 .build/obj_sofle_rev1_broken-personal/quantum/keyboard.o
                0x0000000000002844                housekeeping_task_user
 .text.housekeeping_task
                0x0000000000002846        0x8 .build/obj_sofle_rev1_broken-personal/quantum/keyboard.o
                0x0000000000002846                housekeeping_task
 .text.keyboard_init
                0x000000000000284e       0x1e .build/obj_sofle_rev1_broken-personal/quantum/keyboard.o
                0x000000000000284e                keyboard_init
 .text.keyboard_set_leds
                0x000000000000286c       0x50 .build/obj_sofle_rev1_broken-personal/quantum/keyboard.o
                0x000000000000286c                keyboard_set_leds
 .text.keyboard_task
                0x00000000000028bc      0x150 .build/obj_sofle_rev1_broken-personal/quantum/keyboard.o
                0x00000000000028bc                keyboard_task
 .text.action_for_keycode
                0x0000000000002a0c      0x1f2 .build/obj_sofle_rev1_broken-personal/quantum/keymap_common.o
                0x0000000000002a0c                action_for_keycode
 .text.keymap_key_to_keycode
                0x0000000000002bfe       0x28 .build/obj_sofle_rev1_broken-personal/quantum/keymap_common.o
                0x0000000000002bfe                keymap_key_to_keycode
 .text.action_for_key
                0x0000000000002c26        0x8 .build/obj_sofle_rev1_broken-personal/quantum/keymap_common.o
                0x0000000000002c26                action_for_key
 .text.keycode_config
                0x0000000000002c2e      0x130 .build/obj_sofle_rev1_broken-personal/quantum/keycode_config.o
                0x0000000000002c2e                keycode_config
 .text.mod_config
                0x0000000000002d5e       0x86 .build/obj_sofle_rev1_broken-personal/quantum/keycode_config.o
                0x0000000000002d5e                mod_config
 .text.bootmagic
                0x0000000000002de4        0x2 .build/obj_sofle_rev1_broken-personal/quantum/bootmagic/magic.o
                0x0000000000002de4                bootmagic
 .text.magic    0x0000000000002de6       0x70 .build/obj_sofle_rev1_broken-personal/quantum/bootmagic/magic.o
                0x0000000000002de6                magic
 .text.matrix_init_user
                0x0000000000002e56        0x2 .build/obj_sofle_rev1_broken-personal/quantum/matrix_common.o
                0x0000000000002e56                matrix_init_user
 .text.matrix_init_kb
                0x0000000000002e58        0x4 .build/obj_sofle_rev1_broken-personal/quantum/matrix_common.o
                0x0000000000002e58                matrix_init_kb
 .text.matrix_scan_user
                0x0000000000002e5c        0x2 .build/obj_sofle_rev1_broken-personal/quantum/matrix_common.o
                0x0000000000002e5c                matrix_scan_user
 .text.matrix_scan_kb
                0x0000000000002e5e        0x4 .build/obj_sofle_rev1_broken-personal/quantum/matrix_common.o
                0x0000000000002e5e                matrix_scan_kb
 .text.matrix_get_row
                0x0000000000002e62        0xc .build/obj_sofle_rev1_broken-personal/quantum/matrix_common.o
                0x0000000000002e62                matrix_get_row
 .text.matrix_print
                0x0000000000002e6e       0x8c .build/obj_sofle_rev1_broken-personal/quantum/matrix_common.o
                0x0000000000002e6e                matrix_print
 .text.matrix_io_delay
                0x0000000000002efa        0x8 .build/obj_sofle_rev1_broken-personal/quantum/matrix_common.o
                0x0000000000002efa                matrix_io_delay
 .text.matrix_output_select_delay
                0x0000000000002f02        0x4 .build/obj_sofle_rev1_broken-personal/quantum/matrix_common.o
                0x0000000000002f02                matrix_output_select_delay
 .text.matrix_output_unselect_delay
                0x0000000000002f06        0x4 .build/obj_sofle_rev1_broken-personal/quantum/matrix_common.o
                0x0000000000002f06                matrix_output_unselect_delay
 .text.setPinInputHigh_atomic
                0x0000000000002f0a       0x32 .build/obj_sofle_rev1_broken-personal/quantum/matrix.o
 .text.matrix_slave_scan_user
                0x0000000000002f3c        0x2 .build/obj_sofle_rev1_broken-personal/quantum/matrix.o
                0x0000000000002f3c                matrix_slave_scan_user
 .text.matrix_slave_scan_kb
                0x0000000000002f3e        0x4 .build/obj_sofle_rev1_broken-personal/quantum/matrix.o
                0x0000000000002f3e                matrix_slave_scan_kb
 .text.matrix_init_pins
                0x0000000000002f42       0x36 .build/obj_sofle_rev1_broken-personal/quantum/matrix.o
                0x0000000000002f42                matrix_init_pins
 .text.matrix_read_cols_on_row
                0x0000000000002f78       0xd6 .build/obj_sofle_rev1_broken-personal/quantum/matrix.o
                0x0000000000002f78                matrix_read_cols_on_row
 .text.matrix_init
                0x000000000000304e       0x4c .build/obj_sofle_rev1_broken-personal/quantum/matrix.o
                0x000000000000304e                matrix_init
 .text.matrix_post_scan
                0x000000000000309a       0xd2 .build/obj_sofle_rev1_broken-personal/quantum/matrix.o
                0x000000000000309a                matrix_post_scan
 .text.matrix_scan
                0x000000000000316c       0xb8 .build/obj_sofle_rev1_broken-personal/quantum/matrix.o
                0x000000000000316c                matrix_scan
 .text.debounce_init
                0x0000000000003224        0x2 .build/obj_sofle_rev1_broken-personal/quantum/debounce/sym_defer_g.o
                0x0000000000003224                debounce_init
 .text.debounce
                0x0000000000003226       0x6c .build/obj_sofle_rev1_broken-personal/quantum/debounce/sym_defer_g.o
                0x0000000000003226                debounce
 .text.is_keyboard_master
                0x0000000000003292       0x46 .build/obj_sofle_rev1_broken-personal/quantum/split_common/split_util.o
                0x0000000000003292                is_keyboard_master
 .text.is_keyboard_left
                0x00000000000032d8        0x4 .build/obj_sofle_rev1_broken-personal/quantum/split_common/split_util.o
                0x00000000000032d8                is_keyboard_left
 .text.split_pre_init
                0x00000000000032dc       0x14 .build/obj_sofle_rev1_broken-personal/quantum/split_common/split_util.o
                0x00000000000032dc                split_pre_init
 .text.split_post_init
                0x00000000000032f0        0xe .build/obj_sofle_rev1_broken-personal/quantum/split_common/split_util.o
                0x00000000000032f0                split_post_init
 .text.is_transport_connected
                0x00000000000032fe        0xe .build/obj_sofle_rev1_broken-personal/quantum/split_common/split_util.o
                0x00000000000032fe                is_transport_connected
 .text.transport_master_if_connected
                0x000000000000330c       0x9c .build/obj_sofle_rev1_broken-personal/quantum/split_common/split_util.o
                0x000000000000330c                transport_master_if_connected
 .text.transport_master_init
                0x00000000000033a8        0x4 .build/obj_sofle_rev1_broken-personal/quantum/split_common/transport.o
                0x00000000000033a8                transport_master_init
 .text.transport_slave_init
                0x00000000000033ac        0x4 .build/obj_sofle_rev1_broken-personal/quantum/split_common/transport.o
                0x00000000000033ac                transport_slave_init
 .text.transport_execute_transaction
                0x00000000000033b0       0xb0 .build/obj_sofle_rev1_broken-personal/quantum/split_common/transport.o
                0x00000000000033b0                transport_execute_transaction
 .text.transport_master
                0x0000000000003460        0x4 .build/obj_sofle_rev1_broken-personal/quantum/split_common/transport.o
                0x0000000000003460                transport_master
 .text.transport_slave
                0x0000000000003464        0x4 .build/obj_sofle_rev1_broken-personal/quantum/split_common/transport.o
                0x0000000000003464                transport_slave
 .text.sync_timer_handlers_master
                0x0000000000003468       0x9c .build/obj_sofle_rev1_broken-personal/quantum/split_common/transactions.o
 .text.transaction_handler_master
                0x0000000000003504       0xbe .build/obj_sofle_rev1_broken-personal/quantum/split_common/transactions.o
 .text.send_if_condition
                0x00000000000035c2       0xa2 .build/obj_sofle_rev1_broken-personal/quantum/split_common/transactions.o
 .text.oled_handlers_master
                0x0000000000003664       0x4a .build/obj_sofle_rev1_broken-personal/quantum/split_common/transactions.o
 .text.layer_state_handlers_master
                0x00000000000036ae       0x8e .build/obj_sofle_rev1_broken-personal/quantum/split_common/transactions.o
 .text.read_if_checksum_mismatch
                0x000000000000373c       0xf2 .build/obj_sofle_rev1_broken-personal/quantum/split_common/transactions.o
 .text.encoder_handlers_master
                0x000000000000382e       0x56 .build/obj_sofle_rev1_broken-personal/quantum/split_common/transactions.o
 .text.slave_matrix_handlers_master
                0x0000000000003884       0x82 .build/obj_sofle_rev1_broken-personal/quantum/split_common/transactions.o
 .text.transactions_master
                0x0000000000003906       0x86 .build/obj_sofle_rev1_broken-personal/quantum/split_common/transactions.o
                0x0000000000003906                transactions_master
 .text.transactions_slave
                0x000000000000398c       0xfa .build/obj_sofle_rev1_broken-personal/quantum/split_common/transactions.o
                0x000000000000398c                transactions_slave
 .text.startup.main
                0x0000000000003a86       0x16 .build/obj_sofle_rev1_broken-personal/quantum/main.o
                0x0000000000003a86                main
 .text.encoder_update_kb
                0x0000000000003a9c        0x4 .build/obj_sofle_rev1_broken-personal/quantum/encoder.o
                0x0000000000003a9c                encoder_update_kb
 .text.encoder_init
                0x0000000000003aa0       0xca .build/obj_sofle_rev1_broken-personal/quantum/encoder.o
                0x0000000000003aa0                encoder_init
 .text.encoder_read
                0x0000000000003b6a       0xcc .build/obj_sofle_rev1_broken-personal/quantum/encoder.o
                0x0000000000003b6a                encoder_read
 .text.encoder_state_raw
                0x0000000000003c36       0x12 .build/obj_sofle_rev1_broken-personal/quantum/encoder.o
                0x0000000000003c36                encoder_state_raw
 .text.encoder_update_raw
                0x0000000000003c48       0x7e .build/obj_sofle_rev1_broken-personal/quantum/encoder.o
                0x0000000000003c48                encoder_update_raw
 .text.crc_init
                0x0000000000003cc6        0x2 .build/obj_sofle_rev1_broken-personal/crc.o
                0x0000000000003cc6                crc_init
 .text.crc8     0x0000000000003cc8       0x2e .build/obj_sofle_rev1_broken-personal/crc.o
                0x0000000000003cc8                crc8
 .text.i2c_transmit_P.constprop.0
                0x0000000000003cf6       0x5e .build/obj_sofle_rev1_broken-personal/ssd1306_sh1106.o
 .text.oled_init_user
                0x0000000000003d54        0x2 .build/obj_sofle_rev1_broken-personal/ssd1306_sh1106.o
                0x0000000000003d54                oled_init_user
 .text.oled_clear
                0x0000000000003d56       0x2a .build/obj_sofle_rev1_broken-personal/ssd1306_sh1106.o
                0x0000000000003d56                oled_clear
 .text.oled_init
                0x0000000000003d80       0xc4 .build/obj_sofle_rev1_broken-personal/ssd1306_sh1106.o
                0x0000000000003d80                oled_init
 .text.oled_set_cursor
                0x0000000000003e44       0x2e .build/obj_sofle_rev1_broken-personal/ssd1306_sh1106.o
                0x0000000000003e44                oled_set_cursor
 .text.oled_on  0x0000000000003e72       0x70 .build/obj_sofle_rev1_broken-personal/ssd1306_sh1106.o
                0x0000000000003e72                oled_on
 .text.oled_render
                0x0000000000003ee2      0x226 .build/obj_sofle_rev1_broken-personal/ssd1306_sh1106.o
                0x0000000000003ee2                oled_render
 .text.oled_off
                0x0000000000004108       0x3e .build/obj_sofle_rev1_broken-personal/ssd1306_sh1106.o
                0x0000000000004108                oled_off
 .text.is_oled_on
                0x0000000000004146        0x6 .build/obj_sofle_rev1_broken-personal/ssd1306_sh1106.o
                0x0000000000004146                is_oled_on
 .text.oled_task_user
                0x000000000000414c        0x2 .build/obj_sofle_rev1_broken-personal/ssd1306_sh1106.o
                0x000000000000414c                oled_task_user
 .text.oled_task
                0x000000000000414e       0xa2 .build/obj_sofle_rev1_broken-personal/ssd1306_sh1106.o
                0x000000000000414e                oled_task
 .text.perform_space_cadet
                0x00000000000041f0       0xd8 .build/obj_sofle_rev1_broken-personal/quantum/process_keycode/process_space_cadet.o
                0x00000000000041f0                perform_space_cadet
 .text.process_space_cadet
                0x00000000000042c8       0xaa .build/obj_sofle_rev1_broken-personal/quantum/process_keycode/process_space_cadet.o
                0x00000000000042c8                process_space_cadet
 .text.process_magic
                0x0000000000004372      0x1b0 .build/obj_sofle_rev1_broken-personal/quantum/process_keycode/process_magic.o
                0x0000000000004372                process_magic
 .text.process_grave_esc
                0x0000000000004522       0x54 .build/obj_sofle_rev1_broken-personal/quantum/process_keycode/process_grave_esc.o
                0x0000000000004522                process_grave_esc
 .text.i2c_init
                0x0000000000004576        0xc .build/obj_sofle_rev1_broken-personal/i2c_master.a(i2c_master.o)
                0x0000000000004576                i2c_init
 .text.i2c_start
                0x0000000000004582       0xf2 .build/obj_sofle_rev1_broken-personal/i2c_master.a(i2c_master.o)
                0x0000000000004582                i2c_start
 .text.i2c_write
                0x0000000000004674       0x5e .build/obj_sofle_rev1_broken-personal/i2c_master.a(i2c_master.o)
                0x0000000000004674                i2c_write
 .text.i2c_transmit
                0x00000000000046d2       0x5a .build/obj_sofle_rev1_broken-personal/i2c_master.a(i2c_master.o)
                0x00000000000046d2                i2c_transmit
 .text.i2c_writeReg
                0x000000000000472c       0x62 .build/obj_sofle_rev1_broken-personal/i2c_master.a(i2c_master.o)
                0x000000000000472c                i2c_writeReg
 .text.i2c_stop
                0x000000000000478e        0x8 .build/obj_sofle_rev1_broken-personal/i2c_master.a(i2c_master.o)
                0x000000000000478e                i2c_stop
 .text.sync_recv
                0x0000000000004796       0x10 .build/obj_sofle_rev1_broken-personal/serial.a(serial.o)
 .text.sync_send
                0x00000000000047a6        0xc .build/obj_sofle_rev1_broken-personal/serial.a(serial.o)
 .text.serial_read_chunk.constprop.0
                0x00000000000047b2       0x58 .build/obj_sofle_rev1_broken-personal/serial.a(serial.o)
 .text.serial_recive_packet
                0x000000000000480a       0x4e .build/obj_sofle_rev1_broken-personal/serial.a(serial.o)
 .text.soft_serial_initiator_init
                0x0000000000004858        0x6 .build/obj_sofle_rev1_broken-personal/serial.a(serial.o)
                0x0000000000004858                soft_serial_initiator_init
 .text.soft_serial_target_init
                0x000000000000485e       0x12 .build/obj_sofle_rev1_broken-personal/serial.a(serial.o)
                0x000000000000485e                soft_serial_target_init
 .text.serial_write_chunk
                0x0000000000004870       0x42 .build/obj_sofle_rev1_broken-personal/serial.a(serial.o)
                0x0000000000004870                serial_write_chunk
 .text.serial_send_packet
                0x00000000000048b2       0x34 .build/obj_sofle_rev1_broken-personal/serial.a(serial.o)
 .text.__vector_3
                0x00000000000048e6      0x18e .build/obj_sofle_rev1_broken-personal/serial.a(serial.o)
                0x00000000000048e6                __vector_3
 .text.soft_serial_transaction
                0x0000000000004a74      0x168 .build/obj_sofle_rev1_broken-personal/serial.a(serial.o)
                0x0000000000004a74                soft_serial_transaction
 .text.host_set_driver
                0x0000000000004bdc        0xa .build/obj_sofle_rev1_broken-personal/common/host.o
                0x0000000000004bdc                host_set_driver
 .text.host_keyboard_leds
                0x0000000000004be6       0x26 .build/obj_sofle_rev1_broken-personal/common/host.o
                0x0000000000004be6                host_keyboard_leds
 .text.host_keyboard_send
                0x0000000000004c0c       0x92 .build/obj_sofle_rev1_broken-personal/common/host.o
                0x0000000000004c0c                host_keyboard_send
 .text.host_system_send
                0x0000000000004c9e       0x2c .build/obj_sofle_rev1_broken-personal/common/host.o
                0x0000000000004c9e                host_system_send
 .text.host_consumer_send
                0x0000000000004cca       0x2c .build/obj_sofle_rev1_broken-personal/common/host.o
                0x0000000000004cca                host_consumer_send
 .text.has_anykey
                0x0000000000004cf6       0x24 .build/obj_sofle_rev1_broken-personal/common/report.o
                0x0000000000004cf6                has_anykey
 .text.is_key_pressed
                0x0000000000004d1a       0x22 .build/obj_sofle_rev1_broken-personal/common/report.o
                0x0000000000004d1a                is_key_pressed
 .text.add_key_byte
                0x0000000000004d3c       0x34 .build/obj_sofle_rev1_broken-personal/common/report.o
                0x0000000000004d3c                add_key_byte
 .text.del_key_byte
                0x0000000000004d70       0x1e .build/obj_sofle_rev1_broken-personal/common/report.o
                0x0000000000004d70                del_key_byte
 .text.add_key_to_report
                0x0000000000004d8e        0x4 .build/obj_sofle_rev1_broken-personal/common/report.o
                0x0000000000004d8e                add_key_to_report
 .text.del_key_from_report
                0x0000000000004d92        0x4 .build/obj_sofle_rev1_broken-personal/common/report.o
                0x0000000000004d92                del_key_from_report
 .text.clear_keys_from_report
                0x0000000000004d96       0x10 .build/obj_sofle_rev1_broken-personal/common/report.o
                0x0000000000004d96                clear_keys_from_report
 .text.sync_timer_init
                0x0000000000004da6       0x12 .build/obj_sofle_rev1_broken-personal/common/sync_timer.o
                0x0000000000004da6                sync_timer_init
 .text.sync_timer_update
                0x0000000000004db8       0x52 .build/obj_sofle_rev1_broken-personal/common/sync_timer.o
                0x0000000000004db8                sync_timer_update
 .text.sync_timer_read32
                0x0000000000004e0a       0x62 .build/obj_sofle_rev1_broken-personal/common/sync_timer.o
                0x0000000000004e0a                sync_timer_read32
 .text.platform_setup
                0x0000000000004e6c        0x2 .build/obj_sofle_rev1_broken-personal/common/avr/platform.o
                0x0000000000004e6c                platform_setup
 .text.matrix_power_up
                0x0000000000004e6e        0x2 .build/obj_sofle_rev1_broken-personal/common/avr/suspend.o
                0x0000000000004e6e                matrix_power_up
 .text.suspend_power_down_user
                0x0000000000004e70        0x2 .build/obj_sofle_rev1_broken-personal/common/avr/suspend.o
                0x0000000000004e70                suspend_power_down_user
 .text.suspend_power_down_kb
                0x0000000000004e72        0x4 .build/obj_sofle_rev1_broken-personal/common/avr/suspend.o
                0x0000000000004e72                suspend_power_down_kb
 .text.suspend_power_down
                0x0000000000004e76       0x5c .build/obj_sofle_rev1_broken-personal/common/avr/suspend.o
                0x0000000000004e76                suspend_power_down
 .text.matrix_power_down
                0x0000000000004ed2        0x2 .build/obj_sofle_rev1_broken-personal/common/avr/suspend.o
                0x0000000000004ed2                matrix_power_down
 .text.suspend_wakeup_condition
                0x0000000000004ed4       0x28 .build/obj_sofle_rev1_broken-personal/common/avr/suspend.o
                0x0000000000004ed4                suspend_wakeup_condition
 .text.suspend_wakeup_init_user
                0x0000000000004efc        0x2 .build/obj_sofle_rev1_broken-personal/common/avr/suspend.o
                0x0000000000004efc                suspend_wakeup_init_user
 .text.suspend_wakeup_init_kb
                0x0000000000004efe        0x4 .build/obj_sofle_rev1_broken-personal/common/avr/suspend.o
                0x0000000000004efe                suspend_wakeup_init_kb
 .text.suspend_wakeup_init
                0x0000000000004f02       0x10 .build/obj_sofle_rev1_broken-personal/common/avr/suspend.o
                0x0000000000004f02                suspend_wakeup_init
 .text.__vector_12
                0x0000000000004f12       0x4e .build/obj_sofle_rev1_broken-personal/common/avr/suspend.o
                0x0000000000004f12                __vector_12
 .text.timer_init
                0x0000000000004f60       0x12 .build/obj_sofle_rev1_broken-personal/common/avr/timer.o
                0x0000000000004f60                timer_init
 .text.timer_read
                0x0000000000004f72       0x18 .build/obj_sofle_rev1_broken-personal/common/avr/timer.o
                0x0000000000004f72                timer_read
 .text.timer_read32
                0x0000000000004f8a       0x40 .build/obj_sofle_rev1_broken-personal/common/avr/timer.o
                0x0000000000004f8a                timer_read32
 .text.timer_elapsed
                0x0000000000004fca       0x1e .build/obj_sofle_rev1_broken-personal/common/avr/timer.o
                0x0000000000004fca                timer_elapsed
 .text.timer_elapsed32
                0x0000000000004fe8       0x4e .build/obj_sofle_rev1_broken-personal/common/avr/timer.o
                0x0000000000004fe8                timer_elapsed32
 .text.__vector_21
                0x0000000000005036       0x48 .build/obj_sofle_rev1_broken-personal/common/avr/timer.o
                0x0000000000005036                __vector_21
 .text.bootloader_jump
                0x000000000000507e       0x22 .build/obj_sofle_rev1_broken-personal/common/avr/bootloader.o
                0x000000000000507e                bootloader_jump
 .text.print_set_sendchar
                0x00000000000050a0        0xa .build/obj_sofle_rev1_broken-personal/common/avr/printf.o
                0x00000000000050a0                print_set_sendchar
 .text.keyboard_leds
                0x00000000000050aa        0x6 .build/obj_sofle_rev1_broken-personal/lufa.o
 .text.send_extra
                0x00000000000050b0       0x56 .build/obj_sofle_rev1_broken-personal/lufa.o
 .text.send_consumer
                0x0000000000005106        0x8 .build/obj_sofle_rev1_broken-personal/lufa.o
 .text.send_system
                0x000000000000510e        0x8 .build/obj_sofle_rev1_broken-personal/lufa.o
 .text.send_keyboard
                0x0000000000005116       0x60 .build/obj_sofle_rev1_broken-personal/lufa.o
 .text.send_mouse
                0x0000000000005176        0x2 .build/obj_sofle_rev1_broken-personal/lufa.o
 .text.EVENT_USB_Device_Connect
                0x0000000000005178       0x24 .build/obj_sofle_rev1_broken-personal/lufa.o
                0x0000000000005178                EVENT_USB_Device_Connect
 .text.EVENT_USB_Device_Disconnect
                0x000000000000519c        0xe .build/obj_sofle_rev1_broken-personal/lufa.o
                0x000000000000519c                EVENT_USB_Device_Disconnect
 .text.EVENT_USB_Device_Reset
                0x00000000000051aa        0x8 .build/obj_sofle_rev1_broken-personal/lufa.o
                0x00000000000051aa                EVENT_USB_Device_Reset
 .text.EVENT_USB_Device_Suspend
                0x00000000000051b2        0x8 .build/obj_sofle_rev1_broken-personal/lufa.o
                0x00000000000051b2                EVENT_USB_Device_Suspend
 .text.EVENT_USB_Device_WakeUp
                0x00000000000051ba        0x8 .build/obj_sofle_rev1_broken-personal/lufa.o
                0x00000000000051ba                EVENT_USB_Device_WakeUp
 .text.EVENT_USB_Device_StartOfFrame
                0x00000000000051c2       0x80 .build/obj_sofle_rev1_broken-personal/lufa.o
                0x00000000000051c2                EVENT_USB_Device_StartOfFrame
 .text.EVENT_USB_Device_ConfigurationChanged
                0x0000000000005242       0x1e .build/obj_sofle_rev1_broken-personal/lufa.o
                0x0000000000005242                EVENT_USB_Device_ConfigurationChanged
 .text.EVENT_USB_Device_ControlRequest
                0x0000000000005260      0x16c .build/obj_sofle_rev1_broken-personal/lufa.o
                0x0000000000005260                EVENT_USB_Device_ControlRequest
 .text.sendchar
                0x00000000000053cc       0xc2 .build/obj_sofle_rev1_broken-personal/lufa.o
                0x00000000000053cc                sendchar
 .text.protocol_setup
                0x000000000000548e       0x32 .build/obj_sofle_rev1_broken-personal/lufa.o
                0x000000000000548e                protocol_setup
 .text.protocol_init
                0x00000000000054c0       0x2c .build/obj_sofle_rev1_broken-personal/lufa.o
                0x00000000000054c0                protocol_init
 .text.protocol_task
                0x00000000000054ec       0x3e .build/obj_sofle_rev1_broken-personal/lufa.o
                0x00000000000054ec                protocol_task
 .text.CALLBACK_USB_GetDescriptor
                0x000000000000552a        0x4 .build/obj_sofle_rev1_broken-personal/lufa.o
                0x000000000000552a                CALLBACK_USB_GetDescriptor
 .text.get_usb_descriptor
                0x000000000000552e       0xb2 .build/obj_sofle_rev1_broken-personal/usb_descriptor.o
                0x000000000000552e                get_usb_descriptor
 .text.USB_Device_SendRemoteWakeup
                0x00000000000055e0       0x2c .build/obj_sofle_rev1_broken-personal/lib/lufa/LUFA/Drivers/USB/Core/AVR8/Device_AVR8.o
                0x00000000000055e0                USB_Device_SendRemoteWakeup
 .text.Endpoint_Write_Stream_LE
                0x000000000000560c       0x9e .build/obj_sofle_rev1_broken-personal/lib/lufa/LUFA/Drivers/USB/Core/AVR8/EndpointStream_AVR8.o
                0x000000000000560c                Endpoint_Write_Stream_LE
 .text.Endpoint_Write_Control_Stream_LE
                0x00000000000056aa       0xb4 .build/obj_sofle_rev1_broken-personal/lib/lufa/LUFA/Drivers/USB/Core/AVR8/EndpointStream_AVR8.o
                0x00000000000056aa                Endpoint_Write_Control_Stream_LE
 .text.Endpoint_Write_Control_PStream_LE
                0x000000000000575e       0xb6 .build/obj_sofle_rev1_broken-personal/lib/lufa/LUFA/Drivers/USB/Core/AVR8/EndpointStream_AVR8.o
                0x000000000000575e                Endpoint_Write_Control_PStream_LE
 .text.Endpoint_ConfigureEndpoint_Prv
                0x0000000000005814       0x68 .build/obj_sofle_rev1_broken-personal/lib/lufa/LUFA/Drivers/USB/Core/AVR8/Endpoint_AVR8.o
                0x0000000000005814                Endpoint_ConfigureEndpoint_Prv
 .text.Endpoint_ClearStatusStage
                0x000000000000587c       0x3e .build/obj_sofle_rev1_broken-personal/lib/lufa/LUFA/Drivers/USB/Core/AVR8/Endpoint_AVR8.o
                0x000000000000587c                Endpoint_ClearStatusStage
 .text.Endpoint_WaitUntilReady
                0x00000000000058ba       0x62 .build/obj_sofle_rev1_broken-personal/lib/lufa/LUFA/Drivers/USB/Core/AVR8/Endpoint_AVR8.o
                0x00000000000058ba                Endpoint_WaitUntilReady
 .text.USB_Disable
                0x000000000000591c       0x34 .build/obj_sofle_rev1_broken-personal/lib/lufa/LUFA/Drivers/USB/Core/AVR8/USBController_AVR8.o
                0x000000000000591c                USB_Disable
 .text.USB_ResetInterface
                0x0000000000005950       0x86 .build/obj_sofle_rev1_broken-personal/lib/lufa/LUFA/Drivers/USB/Core/AVR8/USBController_AVR8.o
                0x0000000000005950                USB_ResetInterface
 .text.USB_Init
                0x00000000000059d6       0x22 .build/obj_sofle_rev1_broken-personal/lib/lufa/LUFA/Drivers/USB/Core/AVR8/USBController_AVR8.o
                0x00000000000059d6                USB_Init
 .text.USB_INT_DisableAllInterrupts
                0x00000000000059f8       0x10 .build/obj_sofle_rev1_broken-personal/lib/lufa/LUFA/Drivers/USB/Core/AVR8/USBInterrupt_AVR8.o
                0x00000000000059f8                USB_INT_DisableAllInterrupts
 .text.USB_INT_ClearAllInterrupts
                0x0000000000005a08        0xa .build/obj_sofle_rev1_broken-personal/lib/lufa/LUFA/Drivers/USB/Core/AVR8/USBInterrupt_AVR8.o
                0x0000000000005a08                USB_INT_ClearAllInterrupts
 .text.__vector_10
                0x0000000000005a12      0x1a6 .build/obj_sofle_rev1_broken-personal/lib/lufa/LUFA/Drivers/USB/Core/AVR8/USBInterrupt_AVR8.o
                0x0000000000005a12                __vector_10
 .text.__vector_11
                0x0000000000005bb8       0x92 .build/obj_sofle_rev1_broken-personal/lib/lufa/LUFA/Drivers/USB/Core/AVR8/USBInterrupt_AVR8.o
                0x0000000000005bb8                __vector_11
 .text.USB_Device_ProcessControlRequest
                0x0000000000005c4a      0x2a2 .build/obj_sofle_rev1_broken-personal/lib/lufa/LUFA/Drivers/USB/Core/DeviceStandardReq.o
                0x0000000000005c4a                USB_Device_ProcessControlRequest
 .text.USB_USBTask
                0x0000000000005eec       0x34 .build/obj_sofle_rev1_broken-personal/lib/lufa/LUFA/Drivers/USB/Core/USBTask.o
                0x0000000000005eec                USB_USBTask
 .text.usb_disconnect
                0x0000000000005f20        0xa .build/obj_sofle_rev1_broken-personal/protocol/lufa/usb_util.o
                0x0000000000005f20                usb_disconnect
 .text.usb_connected_state
                0x0000000000005f2a        0xc .build/obj_sofle_rev1_broken-personal/protocol/lufa/usb_util.o
                0x0000000000005f2a                usb_connected_state
 .text.libgcc.div
                0x0000000000005f36       0x18 /usr/lib/gcc/avr/11.2.0/avr5/libgcc.a(_udivmodqi4.o)
                0x0000000000005f36                __udivmodqi4
 .text.libgcc.div
                0x0000000000005f4e       0x28 /usr/lib/gcc/avr/11.2.0/avr5/libgcc.a(_udivmodhi4.o)
                0x0000000000005f4e                __udivmodhi4
 .text.libgcc.div
                0x0000000000005f76       0x28 /usr/lib/gcc/avr/11.2.0/avr5/libgcc.a(_divmodhi4.o)
                0x0000000000005f76                __divmodhi4
                0x0000000000005f76                _div
 .text.libgcc   0x0000000000005f9e        0xc /usr/lib/gcc/avr/11.2.0/avr5/libgcc.a(_tablejump2.o)
                0x0000000000005f9e                __tablejump2__
 .text.avr-libc
                0x0000000000005faa       0x1a /usr/lib/gcc/avr/11.2.0/../../../../avr/lib/avr5/libc.a(memcmp.o)
                0x0000000000005faa                memcmp
 .text.avr-libc
                0x0000000000005fc4       0x12 /usr/lib/gcc/avr/11.2.0/../../../../avr/lib/avr5/libc.a(memcpy.o)
                0x0000000000005fc4                memcpy
 .text.avr-libc
                0x0000000000005fd6       0x10 /usr/lib/gcc/avr/11.2.0/../../../../avr/lib/avr5/libatmega32u4.a(eerd_byte.o)
                0x0000000000005fd6                eeprom_read_byte
 .text.avr-libc
                0x0000000000005fe6        0xc /usr/lib/gcc/avr/11.2.0/../../../../avr/lib/avr5/libatmega32u4.a(eerd_word.o)
                0x0000000000005fe6                eeprom_read_word
 .text.avr-libc
                0x0000000000005ff2       0x24 /usr/lib/gcc/avr/11.2.0/../../../../avr/lib/avr5/libatmega32u4.a(eeupd_byte.o)
                0x0000000000005ff2                eeprom_update_byte
                0x0000000000005ff4                eeprom_update_r18
 .text.avr-libc
                0x0000000000006016       0x18 /usr/lib/gcc/avr/11.2.0/../../../../avr/lib/avr5/libatmega32u4.a(eeupd_dword.o)
                0x0000000000006016                eeprom_update_dword
                0x0000000000006016                eeprom_update_float
 .text.avr-libc
                0x000000000000602e        0xc /usr/lib/gcc/avr/11.2.0/../../../../avr/lib/avr5/libatmega32u4.a(eeupd_word.o)
                0x000000000000602e                eeprom_update_word
 .text.avr-libc
                0x000000000000603a       0x20 /usr/lib/gcc/avr/11.2.0/../../../../avr/lib/avr5/libatmega32u4.a(eerd_block.o)
                0x000000000000603a                eeprom_read_block
                0x000000000000603e                eeprom_read_blraw
                0x000000000000605a                . = ALIGN (0x2)
 *(.fini9)
 .fini9         0x000000000000605a        0x0 /usr/lib/gcc/avr/11.2.0/avr5/libgcc.a(_exit.o)
                0x000000000000605a                exit
                0x000000000000605a                _exit
 *(.fini9)
 *(.fini8)
 *(.fini8)
 *(.fini7)
 *(.fini7)
 *(.fini6)
 *(.fini6)
 *(.fini5)
 *(.fini5)
 *(.fini4)
 *(.fini4)
 *(.fini3)
 *(.fini3)
 *(.fini2)
 *(.fini2)
 *(.fini1)
 *(.fini1)
 *(.fini0)
 .fini0         0x000000000000605a        0x4 /usr/lib/gcc/avr/11.2.0/avr5/libgcc.a(_exit.o)
 *(.fini0)
 *(.hightext)
 *(.hightext*)
 *(.progmemx.*)
                0x000000000000605e                . = ALIGN (0x2)
 *(.jumptables)
 *(.jumptables*)
 .jumptables.gcc.process_action
                0x000000000000605e       0x26 .build/obj_sofle_rev1_broken-personal/quantum/action.o
 .jumptables.gcc.process_magic
                0x0000000000006084       0x36 .build/obj_sofle_rev1_broken-personal/quantum/process_keycode/process_magic.o
 .jumptables.gcc.USB_Device_ProcessControlRequest
                0x00000000000060ba       0x14 .build/obj_sofle_rev1_broken-personal/lib/lufa/LUFA/Drivers/USB/Core/DeviceStandardReq.o
                0x00000000000060ce                _etext = .

.data           0x0000000000800100      0x12e load address 0x00000000000060ce
                0x0000000000800100                PROVIDE (__data_start = .)
 *(.data)
 *(.data*)
 .data.keyboard_report
                0x0000000000800100        0x2 .build/obj_sofle_rev1_broken-personal/quantum/action_util.o
                0x0000000000800100                keyboard_report
 .data.isLeftHand
                0x0000000000800102        0x1 .build/obj_sofle_rev1_broken-personal/quantum/split_common/split_util.o
                0x0000000000800102                isLeftHand
 .data.split_transaction_table
                0x0000000000800103       0x50 .build/obj_sofle_rev1_broken-personal/quantum/split_common/transactions.o
                0x0000000000800103                split_transaction_table
 .data.encoders_pad_b
                0x0000000000800153        0x1 .build/obj_sofle_rev1_broken-personal/quantum/encoder.o
 .data.encoders_pad_a
                0x0000000000800154        0x1 .build/obj_sofle_rev1_broken-personal/quantum/encoder.o
 .data.display_start.21
                0x0000000000800155        0x7 .build/obj_sofle_rev1_broken-personal/ssd1306_sh1106.o
 .data.lufa_driver
                0x000000000080015c        0xa .build/obj_sofle_rev1_broken-personal/lufa.o
                0x000000000080015c                lufa_driver
 .data.keyboard_protocol
                0x0000000000800166        0x1 .build/obj_sofle_rev1_broken-personal/lufa.o
                0x0000000000800166                keyboard_protocol
 *(.gnu.linkonce.d*)
 *(.rodata)
 *(.rodata*)
 .rodata.CSWTCH.25
                0x0000000000800167       0x2e .build/obj_sofle_rev1_broken-personal/quantum/action.o
 .rodata.CSWTCH.2
                0x0000000000800195       0x2e .build/obj_sofle_rev1_broken-personal/quantum/keymap_common.o
 .rodata.col_pins
                0x00000000008001c3        0x6 .build/obj_sofle_rev1_broken-personal/quantum/matrix.o
 .rodata.row_pins
                0x00000000008001c9        0xa .build/obj_sofle_rev1_broken-personal/quantum/matrix.o
 .rodata.split_shmem
                0x00000000008001d3        0x2 .build/obj_sofle_rev1_broken-personal/quantum/split_common/transport.o
                0x00000000008001d3                split_shmem
 .rodata.transactions_master.str1.1
                0x00000000008001d5       0x31 .build/obj_sofle_rev1_broken-personal/quantum/split_common/transactions.o
 .rodata.encoder_LUT
                0x0000000000800206       0x10 .build/obj_sofle_rev1_broken-personal/quantum/encoder.o
 .rodata.source_map.16
                0x0000000000800216        0x4 .build/obj_sofle_rev1_broken-personal/ssd1306_sh1106.o
 .rodata.target_map.17
                0x000000000080021a        0x4 .build/obj_sofle_rev1_broken-personal/ssd1306_sh1106.o
 .rodata.CSWTCH.3
                0x000000000080021e        0x3 .build/obj_sofle_rev1_broken-personal/usb_descriptor.o
 .rodata.CSWTCH.2
                0x0000000000800221        0x6 .build/obj_sofle_rev1_broken-personal/usb_descriptor.o
 .rodata.CSWTCH.1
                0x0000000000800227        0x6 .build/obj_sofle_rev1_broken-personal/usb_descriptor.o
 *(.gnu.linkonce.r*)
                0x000000000080022e                . = ALIGN (0x2)
 *fill*         0x000000000080022d        0x1 
                0x000000000080022e                _edata = .
                0x000000000080022e                PROVIDE (__data_end = .)

.bss            0x000000000080022e      0x359
                0x000000000080022e                PROVIDE (__bss_start = .)
 *(.bss)
 .bss           0x000000000080022e        0x2 .build/obj_sofle_rev1_broken-personal/common/avr/xprintf.o
                0x000000000080022e                xfunc_out
 *(.bss*)
 .bss.swap_state.0
                0x0000000000800230        0xa .build/obj_sofle_rev1_broken-personal/quantum/action.o
 .bss.disable_action_cache
                0x000000000080023a        0x1 .build/obj_sofle_rev1_broken-personal/quantum/action.o
                0x000000000080023a                disable_action_cache
 .bss.swap_held
                0x000000000080023b        0x1 .build/obj_sofle_rev1_broken-personal/quantum/action.o
                0x000000000080023b                swap_held
 .bss.swap_hands
                0x000000000080023c        0x1 .build/obj_sofle_rev1_broken-personal/quantum/action.o
                0x000000000080023c                swap_hands
 .bss.source_layers_cache
                0x000000000080023d       0x28 .build/obj_sofle_rev1_broken-personal/quantum/action_layer.o
                0x000000000080023d                source_layers_cache
 .bss.layer_state
                0x0000000000800265        0x4 .build/obj_sofle_rev1_broken-personal/quantum/action_layer.o
                0x0000000000800265                layer_state
 .bss.default_layer_state
                0x0000000000800269        0x4 .build/obj_sofle_rev1_broken-personal/quantum/action_layer.o
                0x0000000000800269                default_layer_state
 .bss.waiting_buffer_tail
                0x000000000080026d        0x1 .build/obj_sofle_rev1_broken-personal/quantum/action_tapping.o
 .bss.waiting_buffer_head
                0x000000000080026e        0x1 .build/obj_sofle_rev1_broken-personal/quantum/action_tapping.o
 .bss.waiting_buffer
                0x000000000080026f       0x30 .build/obj_sofle_rev1_broken-personal/quantum/action_tapping.o
 .bss.tapping_key
                0x000000000080029f        0x6 .build/obj_sofle_rev1_broken-personal/quantum/action_tapping.o
 .bss.swap_hands_oneshot
                0x00000000008002a5        0x1 .build/obj_sofle_rev1_broken-personal/quantum/action_util.o
                0x00000000008002a5                swap_hands_oneshot
 .bss.oneshot_layer_data
                0x00000000008002a6        0x1 .build/obj_sofle_rev1_broken-personal/quantum/action_util.o
 .bss.oneshot_mods
                0x00000000008002a7        0x1 .build/obj_sofle_rev1_broken-personal/quantum/action_util.o
 .bss.__compound_literal.0
                0x00000000008002a8        0x8 .build/obj_sofle_rev1_broken-personal/quantum/action_util.o
 .bss.macro_mods
                0x00000000008002b0        0x1 .build/obj_sofle_rev1_broken-personal/quantum/action_util.o
 .bss.weak_mods
                0x00000000008002b1        0x1 .build/obj_sofle_rev1_broken-personal/quantum/action_util.o
 .bss.real_mods
                0x00000000008002b2        0x1 .build/obj_sofle_rev1_broken-personal/quantum/action_util.o
 .bss.led_status.3
                0x00000000008002b3        0x1 .build/obj_sofle_rev1_broken-personal/quantum/keyboard.o
 .bss.matrix_prev.4
                0x00000000008002b4        0xa .build/obj_sofle_rev1_broken-personal/quantum/keyboard.o
 .bss.last_encoder_modification_time
                0x00000000008002be        0x4 .build/obj_sofle_rev1_broken-personal/quantum/keyboard.o
 .bss.last_matrix_modification_time
                0x00000000008002c2        0x4 .build/obj_sofle_rev1_broken-personal/quantum/keyboard.o
 .bss.last_input_modification_time
                0x00000000008002c6        0x4 .build/obj_sofle_rev1_broken-personal/quantum/keyboard.o
 .bss.debug_config
                0x00000000008002ca        0x1 .build/obj_sofle_rev1_broken-personal/quantum/logging/debug.o
                0x00000000008002ca                debug_config
 .bss.debouncing_time
                0x00000000008002cb        0x2 .build/obj_sofle_rev1_broken-personal/quantum/debounce/sym_defer_g.o
 .bss.debouncing
                0x00000000008002cd        0x1 .build/obj_sofle_rev1_broken-personal/quantum/debounce/sym_defer_g.o
 .bss.connection_check_timer.2
                0x00000000008002ce        0x2 .build/obj_sofle_rev1_broken-personal/quantum/split_common/split_util.o
 .bss.usbstate.3
                0x00000000008002d0        0x1 .build/obj_sofle_rev1_broken-personal/quantum/split_common/split_util.o
 .bss.connection_errors
                0x00000000008002d1        0x1 .build/obj_sofle_rev1_broken-personal/quantum/split_common/split_util.o
 .bss.shared_memory
                0x00000000008002d2       0x15 .build/obj_sofle_rev1_broken-personal/quantum/split_common/transport.o
 .bss.last_sync_timer.0
                0x00000000008002e7        0x4 .build/obj_sofle_rev1_broken-personal/quantum/split_common/transactions.o
 .bss.last_matrix.2
                0x00000000008002eb        0x5 .build/obj_sofle_rev1_broken-personal/quantum/split_common/transactions.o
 .bss.last_update.3
                0x00000000008002f0        0x4 .build/obj_sofle_rev1_broken-personal/quantum/split_common/transactions.o
 .bss.last_update.4
                0x00000000008002f4        0x4 .build/obj_sofle_rev1_broken-personal/quantum/split_common/transactions.o
 .bss.last_update.5
                0x00000000008002f8        0x4 .build/obj_sofle_rev1_broken-personal/quantum/split_common/transactions.o
 .bss.last_default_layer_state_update.6
                0x00000000008002fc        0x4 .build/obj_sofle_rev1_broken-personal/quantum/split_common/transactions.o
 .bss.last_layer_state_update.7
                0x0000000000800300        0x4 .build/obj_sofle_rev1_broken-personal/quantum/split_common/transactions.o
 .bss.last_update.8
                0x0000000000800304        0x4 .build/obj_sofle_rev1_broken-personal/quantum/split_common/transactions.o
 .bss.thatHand  0x0000000000800308        0x1 .build/obj_sofle_rev1_broken-personal/quantum/encoder.o
 .bss.thisHand  0x0000000000800309        0x1 .build/obj_sofle_rev1_broken-personal/quantum/encoder.o
 .bss.encoder_value
                0x000000000080030a        0x2 .build/obj_sofle_rev1_broken-personal/quantum/encoder.o
 .bss.encoder_pulses
                0x000000000080030c        0x1 .build/obj_sofle_rev1_broken-personal/quantum/encoder.o
 .bss.encoder_state
                0x000000000080030d        0x1 .build/obj_sofle_rev1_broken-personal/quantum/encoder.o
 .bss.temp_buffer.18
                0x000000000080030e       0x20 .build/obj_sofle_rev1_broken-personal/ssd1306_sh1106.o
 .bss.oled_rotation_width
                0x000000000080032e        0x1 .build/obj_sofle_rev1_broken-personal/ssd1306_sh1106.o
                0x000000000080032e                oled_rotation_width
 .bss.oled_rotation
                0x000000000080032f        0x1 .build/obj_sofle_rev1_broken-personal/ssd1306_sh1106.o
                0x000000000080032f                oled_rotation
 .bss.oled_scrolling
                0x0000000000800330        0x1 .build/obj_sofle_rev1_broken-personal/ssd1306_sh1106.o
                0x0000000000800330                oled_scrolling
 .bss.oled_active
                0x0000000000800331        0x1 .build/obj_sofle_rev1_broken-personal/ssd1306_sh1106.o
                0x0000000000800331                oled_active
 .bss.oled_initialized
                0x0000000000800332        0x1 .build/obj_sofle_rev1_broken-personal/ssd1306_sh1106.o
                0x0000000000800332                oled_initialized
 .bss.oled_dirty
                0x0000000000800333        0x2 .build/obj_sofle_rev1_broken-personal/ssd1306_sh1106.o
                0x0000000000800333                oled_dirty
 .bss.sc_timer  0x0000000000800335        0x2 .build/obj_sofle_rev1_broken-personal/quantum/process_keycode/process_space_cadet.o
 .bss.sc_last   0x0000000000800337        0x1 .build/obj_sofle_rev1_broken-personal/quantum/process_keycode/process_space_cadet.o
 .bss.grave_esc_was_shifted
                0x0000000000800338        0x1 .build/obj_sofle_rev1_broken-personal/quantum/process_keycode/process_grave_esc.o
 .bss.split_led_state
                0x0000000000800339        0x1 .build/obj_sofle_rev1_broken-personal/common/host.o
                0x0000000000800339                split_led_state
 .bss.last_consumer_report
                0x000000000080033a        0x2 .build/obj_sofle_rev1_broken-personal/common/host.o
 .bss.last_system_report
                0x000000000080033c        0x2 .build/obj_sofle_rev1_broken-personal/common/host.o
 .bss.driver    0x000000000080033e        0x2 .build/obj_sofle_rev1_broken-personal/common/host.o
 .bss.wdt_timeout
                0x0000000000800340        0x1 .build/obj_sofle_rev1_broken-personal/common/avr/suspend.o
 .bss.timed_out.2
                0x0000000000800341        0x1 .build/obj_sofle_rev1_broken-personal/lufa.o
 .bss.count.3   0x0000000000800342        0x1 .build/obj_sofle_rev1_broken-personal/lufa.o
 .bss.r.9       0x0000000000800343        0x3 .build/obj_sofle_rev1_broken-personal/lufa.o
 .bss.console_flush
                0x0000000000800346        0x1 .build/obj_sofle_rev1_broken-personal/lufa.o
 .bss.keyboard_report_sent
                0x0000000000800347        0x8 .build/obj_sofle_rev1_broken-personal/lufa.o
 .bss.keyboard_led_state
                0x000000000080034f        0x1 .build/obj_sofle_rev1_broken-personal/lufa.o
 .bss.keyboard_idle
                0x0000000000800350        0x1 .build/obj_sofle_rev1_broken-personal/lufa.o
                0x0000000000800350                keyboard_idle
 *(COMMON)
 COMMON         0x0000000000800351        0x2 .build/obj_sofle_rev1_broken-personal/quantum/bootmagic/magic.o
                0x0000000000800351                keymap_config
 COMMON         0x0000000000800353       0x14 .build/obj_sofle_rev1_broken-personal/quantum/matrix_common.o
                0x0000000000800353                raw_matrix
                0x000000000080035d                matrix
 COMMON         0x0000000000800367        0x2 .build/obj_sofle_rev1_broken-personal/quantum/matrix.o
                0x0000000000800367                thatHand
                0x0000000000800368                thisHand
 COMMON         0x0000000000800369        0x1 .build/obj_sofle_rev1_broken-personal/quantum/split_common/transactions.o
                0x0000000000800369                dummy
 COMMON         0x000000000080036a      0x208 .build/obj_sofle_rev1_broken-personal/ssd1306_sh1106.o
                0x000000000080036a                oled_buffer
                0x000000000080056a                oled_update_timeout
                0x000000000080056c                oled_timeout
                0x0000000000800570                oled_cursor
 COMMON         0x0000000000800572        0x4 .build/obj_sofle_rev1_broken-personal/common/sync_timer.o
                0x0000000000800572                sync_timer_ms